interactions:
- request:
    body: |
      {"data":{"attributes":{"handle":"test-handle-e6e42a2ebca0ed06","name":"test-name-e6e42a2ebca0ed06"},"type":"team"}}
    form: {}
    headers:
      Accept:
      - application/json
      Content-Type:
      - application/json
    id: 0
    method: POST
    url: https://api.datadoghq.com/api/v2/team
  response:
    body: '{"data":{"type":"team","id":"2f5b80be-405b-11ee-8a0d-da7ad0900002","attributes":{"name":"test-name-e6e42a2ebca0ed06","handle":"test-handle-e6e42a2ebca0ed06","summary":null,"description":null,"avatar":null,"banner":null,"visible_modules":[],"hidden_modules":[],"created_at":"2023-08-21T19:44:47.577736+00:00","modified_at":"2023-08-21T19:44:47.577743+00:00","user_count":0,"link_count":0},"relationships":{"team_links":{"links":{"related":"/api/v2/team/2f5b80be-405b-11ee-8a0d-da7ad0900002/links"}},"user_team_permissions":{"links":{"related":"/api/v2/team/2f5b80be-405b-11ee-8a0d-da7ad0900002/permission-settings"}}}}}

      '
    code: 201
    duration: 0ms
    headers:
      Content-Type:
      - application/json
    status: 201 Created
- request:
    body: ''
    form: {}
    headers:
      Accept:
      - application/json
    id: 1
    method: GET
    url: https://api.datadoghq.com/api/v2/team
  response:
    body: '{"data":[{"type":"team","relationships":{"user_team_permissions":{"links":{"related":"/api/v2/team/ac73040e-c8d4-11ed-b2ea-da7ad0900002/permission-settings"}},"team_links":{"links":{"related":"/api/v2/team/ac73040e-c8d4-11ed-b2ea-da7ad0900002/links"}}},"attributes":{"user_count":0,"name":"Example
      Team","handle":"api-spec-test-team","created_at":"2023-03-22T17:12:07.018313+00:00","link_count":0,"summary":null,"modified_at":"2023-03-22T17:12:07.018317+00:00","description":null},"id":"ac73040e-c8d4-11ed-b2ea-da7ad0900002"},{"type":"team","relationships":{"user_team_permissions":{"links":{"related":"/api/v2/team/2f5b80be-405b-11ee-8a0d-da7ad0900002/permission-settings"}},"team_links":{"links":{"related":"/api/v2/team/2f5b80be-405b-11ee-8a0d-da7ad0900002/links"}}},"attributes":{"user_count":0,"name":"test-name-e6e42a2ebca0ed06","handle":"test-handle-e6e42a2ebca0ed06","created_at":"2023-08-21T19:44:47.577736+00:00","link_count":0,"summary":null,"modified_at":"2023-08-21T19:44:47.577743+00:00","description":null},"id":"2f5b80be-405b-11ee-8a0d-da7ad0900002"},{"type":"team","relationships":{"user_team_permissions":{"links":{"related":"/api/v2/team/ecc8affc-27d6-11ee-b33c-da7ad0900002/permission-settings"}},"team_links":{"links":{"related":"/api/v2/team/ecc8affc-27d6-11ee-b33c-da7ad0900002/links"}}},"attributes":{"user_count":0,"name":"tf-testaccteamlinkbasic-local-1689951453","handle":"tf-testaccteamlinkbasic-local-1689951453","created_at":"2023-07-21T14:57:34.412707+00:00","link_count":0,"summary":"123","modified_at":"2023-07-21T14:57:34.412713+00:00","description":"123"},"id":"ecc8affc-27d6-11ee-b33c-da7ad0900002"}],"meta":{"pagination":{"offset":0,"first_offset":0,"prev_offset":0,"next_offset":100,"last_offset":0,"limit":100,"type":"offset_limit","total":3}},"links":{"self":"https://api.datadoghq.com/api/v2/team","last":null,"next":"https://api.datadoghq.com/api/v2/team?page[offset]=100&page[limit]=100","prev":null,"first":"https://api.datadoghq.com/api/v2/team?page[offset]=0&page[limit]=100"}}

      '
    code: 200
    duration: 0ms
    headers:
      Content-Type:
      - application/json
    status: 200 OK
- request:
    body: ''
    form: {}
    headers:
      Accept:
      - '*/*'
    id: 2
    method: DELETE
    url: https://api.datadoghq.com/api/v2/team/2f5b80be-405b-11ee-8a0d-da7ad0900002
  response:
    body: ''
    code: 204
    duration: 0ms
    headers: {}
    status: 204 No Content
version: 2
