interactions:
- request:
    body: |
      {"data":{"attributes":{"name":"Test-Delete_an_Application_key_owned_by_current_user_returns_No_Content_response-1639757114"},"type":"application_keys"}}
    form: {}
    headers:
      Accept:
      - '*/*'
      Connection:
      - close
      Content-Length:
      - '152'
      Content-Type:
      - application/json
      Host:
      - api.datadoghq.com
      User-Agent:
      - datadog-api-spec/scripts/bdd-runner
      X-Datadog-Parent-Id:
      - '307687841352567763'
      X-Datadog-Trace-Id:
      - '307687841352567763'
    method: POST
    url: https://api.datadoghq.com/api/v2/current_user/application_keys
  response:
    body: '{"data":{"type":"application_keys","id":"2499c07f-33c7-4da2-8ae2-54ffa00acee7","attributes":{"name":"Test-Delete_an_Application_key_owned_by_current_user_returns_No_Content_response-1639757114","created_at":"2021-12-17T16:05:15.396041+00:00","last4":"beef","key":"deaddcc81a44288fbbbfb15efe1203df034abeef"},"relationships":{"owned_by":{"data":{"type":"users","id":"3ad549bf-eba0-11e9-a77a-0705486660d0"}}}}}'
    code: 201
    duration: ''
    headers:
      Cache-Control:
      - no-cache
      Connection:
      - close
      Content-Length:
      - '407'
      Content-Security-Policy:
      - frame-ancestors 'self'; report-uri https://api.datadoghq.com/csp-report
      Content-Type:
      - application/json
      Date:
      - Fri, 17 Dec 2021 16:05:15 GMT
      Pragma:
      - no-cache
      Strict-Transport-Security:
      - max-age=15724800;
      Vary:
      - Accept-Encoding
      X-Content-Type-Options:
      - nosniff
      X-Frame-Options:
      - SAMEORIGIN
      X-Ratelimit-Limit:
      - '400'
      X-Ratelimit-Period:
      - '3600'
      X-Ratelimit-Remaining:
      - '397'
      X-Ratelimit-Reset:
      - '3285'
    status: 201 Created
- request:
    body: ''
    form: {}
    headers:
      Accept:
      - '*/*'
      Connection:
      - close
      Host:
      - api.datadoghq.com
      User-Agent:
      - datadog-api-spec/scripts/bdd-runner
      X-Datadog-Parent-Id:
      - '307687841352567763'
      X-Datadog-Trace-Id:
      - '307687841352567763'
    method: DELETE
    url: https://api.datadoghq.com/api/v2/current_user/application_keys/2499c07f-33c7-4da2-8ae2-54ffa00acee7
  response:
    body: ''
    code: 204
    duration: ''
    headers:
      Cache-Control:
      - no-cache
      Connection:
      - close
      Content-Security-Policy:
      - frame-ancestors 'self'; report-uri https://api.datadoghq.com/csp-report
      Date:
      - Fri, 17 Dec 2021 16:05:15 GMT
      Pragma:
      - no-cache
      Strict-Transport-Security:
      - max-age=15724800;
      Vary:
      - Accept-Encoding
      X-Content-Type-Options:
      - nosniff
      X-Frame-Options:
      - SAMEORIGIN
      X-Ratelimit-Limit:
      - '400'
      X-Ratelimit-Period:
      - '3600'
      X-Ratelimit-Remaining:
      - '396'
      X-Ratelimit-Reset:
      - '3285'
    status: 204 No Content
- request:
    body: ''
    form: {}
    headers:
      Accept:
      - '*/*'
      Connection:
      - close
      Host:
      - api.datadoghq.com
      User-Agent:
      - datadog-api-spec/scripts/bdd-runner
      X-Datadog-Parent-Id:
      - '307687841352567763'
      X-Datadog-Trace-Id:
      - '307687841352567763'
    method: DELETE
    url: https://api.datadoghq.com/api/v2/current_user/application_keys/2499c07f-33c7-4da2-8ae2-54ffa00acee7
  response:
    body: '{"errors": ["Application key not found"]}'
    code: 404
    duration: ''
    headers:
      Cache-Control:
      - no-cache
      Connection:
      - close
      Content-Length:
      - '41'
      Content-Security-Policy:
      - frame-ancestors 'self'; report-uri https://api.datadoghq.com/csp-report
      Content-Type:
      - application/json
      Date:
      - Fri, 17 Dec 2021 16:05:16 GMT
      Pragma:
      - no-cache
      Strict-Transport-Security:
      - max-age=15724800;
      Vary:
      - Accept-Encoding
      X-Content-Type-Options:
      - nosniff
      X-Frame-Options:
      - SAMEORIGIN
    status: 404 Not Found
version: 1
