interactions:
- request:
    body: |
      {"data":{"attributes":{"components":[{"components":[{"name":"Login","position":0,"type":"component"},{"name":"Settings","position":1,"type":"component"}],"name":"Application","type":"group"}],"domain_prefix":"8b6cd6e80c23846d","enabled":true,"name":"A Status Page","type":"internal","visualization_type":"bars_and_uptime_percentage"},"type":"status_pages"}}
    form: {}
    headers:
      Accept:
      - application/json
      Content-Type:
      - application/json
    id: 0
    method: POST
    url: https://api.datadoghq.com/api/v2/statuspages
  response:
    body: '{"data":{"id":"b53231b9-4737-47eb-8bb8-90d2b51e0803","type":"status_pages","attributes":{"company_logo":null,"components":[{"id":"1cdd6cef-6732-4202-934c-69eb21701b5a","name":"Application","type":"group","position":0,"components":[{"id":"85c38440-50b4-4db7-b9fc-4372c4b36555","name":"Login","type":"component","status":"operational","position":0},{"id":"bfd82882-3607-4d7d-8242-072ec5b94492","name":"Settings","type":"component","status":"operational","position":1}]}],"created_at":"2026-01-21T21:23:35.875217Z","custom_domain":null,"custom_domain_enabled":false,"domain_prefix":"8b6cd6e80c23846d","email_header_image":null,"enabled":true,"favicon":null,"modified_at":"2026-01-21T21:23:35.875217Z","name":"A
      Status Page","page_url":"https://frog.datadoghq.com/status-pages/b53231b9-4737-47eb-8bb8-90d2b51e0803/view","subscriptions_enabled":false,"type":"internal","visualization_type":"bars_and_uptime_percentage"},"relationships":{"created_by_user":{"data":{"id":"3ad549bf-eba0-11e9-a77a-0705486660d0","type":"users"}},"last_modified_by_user":{"data":{"id":"3ad549bf-eba0-11e9-a77a-0705486660d0","type":"users"}}}}}'
    code: 201
    duration: 0ms
    headers:
      Content-Type:
      - application/vnd.api+json
    status: 201 Created
- request:
    body: |
      {"data":{"attributes":{"name":"Logs","position":0,"type":"component"},"type":"components"}}
    form: {}
    headers:
      Accept:
      - application/json
      Content-Type:
      - application/json
    id: 1
    method: POST
    url: https://api.datadoghq.com/api/v2/statuspages/b53231b9-4737-47eb-8bb8-90d2b51e0803/components
  response:
    body: '{"data":{"id":"42f96d69-9136-4888-b822-ca0dc2013978","type":"components","attributes":{"created_at":"2026-01-21T21:23:36.340483Z","modified_at":"2026-01-21T21:23:36.340483Z","name":"Logs","position":0,"status":"operational","type":"component"},"relationships":{"created_by_user":{"data":{"id":"3ad549bf-eba0-11e9-a77a-0705486660d0","type":"users"}},"group":{"data":null},"last_modified_by_user":{"data":{"id":"3ad549bf-eba0-11e9-a77a-0705486660d0","type":"users"}},"status_page":{"data":{"id":"b53231b9-4737-47eb-8bb8-90d2b51e0803","type":"status_pages"}}}}}'
    code: 201
    duration: 0ms
    headers:
      Content-Type:
      - application/vnd.api+json
    status: 201 Created
- request:
    body: ''
    form: {}
    headers:
      Accept:
      - '*/*'
    id: 2
    method: DELETE
    url: https://api.datadoghq.com/api/v2/statuspages/b53231b9-4737-47eb-8bb8-90d2b51e0803/components/42f96d69-9136-4888-b822-ca0dc2013978
  response:
    body: ''
    code: 204
    duration: 0ms
    headers: {}
    status: 204 No Content
- request:
    body: ''
    form: {}
    headers:
      Accept:
      - '*/*'
    id: 3
    method: DELETE
    url: https://api.datadoghq.com/api/v2/statuspages/b53231b9-4737-47eb-8bb8-90d2b51e0803
  response:
    body: ''
    code: 204
    duration: 0ms
    headers: {}
    status: 204 No Content
version: 2
