---
version: 1
interactions:
- request:
    body: |
      {"data":{"attributes":{"metric_type":"distribution","tags":["app","datacenter","TestDeleteatagconfigurationreturnsNoContentresponse1618220983"]},"id":"TestDeleteatagconfigurationreturnsNoContentresponse1618220983","type":"manage_tags"}}
    form: {}
    headers:
      Accept:
      - application/json
      Content-Type:
      - application/json
      Dd-Operation-Id:
      - CreateTagConfiguration
      User-Agent:
      - datadog-api-client-go/1.0.0-beta.19+dev (go go1.15.7; os darwin; arch amd64)
      X-Datadog-Parent-Id:
      - "6396884290837956506"
      X-Datadog-Sampling-Priority:
      - "1"
      X-Datadog-Trace-Id:
      - "8958669209716271365"
    url: https://api.datadoghq.com/api/v2/metrics/TestDeleteatagconfigurationreturnsNoContentresponse1618220983/tags
    method: POST
  response:
    body: '{"data":{"type":"manage_tags","id":"TestDeleteatagconfigurationreturnsNoContentresponse1618220983","attributes":{"tags":["datacenter","app","TestDeleteatagconfigurationreturnsNoContentresponse1618220983"],"include_percentiles":false,"created_at":"2021-04-12T09:49:43.848451+00:00","updated_at":"2021-04-12T09:49:43.848451+00:00","metric_type":"distribution"}}}'
    headers:
      Cache-Control:
      - no-cache
      Connection:
      - keep-alive
      Content-Length:
      - "360"
      Content-Type:
      - application/json
      Date:
      - Mon, 12 Apr 2021 09:49:43 GMT
      Pragma:
      - no-cache
      Strict-Transport-Security:
      - max-age=15724800;
      X-Content-Type-Options:
      - nosniff
      X-Dd-Debug:
      - fIO2C4qGDheGHy4YbS+r3a3CXbh4cbRo7roILOimQyiHGjQdOat0cIpWCkupM1uX
      X-Dd-Version:
      - "35.4287331"
      X-Frame-Options:
      - SAMEORIGIN
      X-Ratelimit-Limit:
      - "50"
      X-Ratelimit-Period:
      - "60"
      X-Ratelimit-Remaining:
      - "47"
      X-Ratelimit-Reset:
      - "17"
    status: 201 Created
    code: 201
    duration: ""
- request:
    body: ""
    form: {}
    headers:
      Accept:
      - application/json
      Dd-Operation-Id:
      - DeleteTagConfiguration
      User-Agent:
      - datadog-api-client-go/1.0.0-beta.19+dev (go go1.15.7; os darwin; arch amd64)
      X-Datadog-Parent-Id:
      - "6172620067888997825"
      X-Datadog-Sampling-Priority:
      - "1"
      X-Datadog-Trace-Id:
      - "8958669209716271365"
    url: https://api.datadoghq.com/api/v2/metrics/TestDeleteatagconfigurationreturnsNoContentresponse1618220983/tags
    method: DELETE
  response:
    body: ""
    headers:
      Cache-Control:
      - no-cache
      Connection:
      - keep-alive
      Content-Length:
      - "0"
      Content-Type:
      - application/json
      Date:
      - Mon, 12 Apr 2021 09:49:44 GMT
      Pragma:
      - no-cache
      Strict-Transport-Security:
      - max-age=15724800;
      X-Content-Type-Options:
      - nosniff
      X-Dd-Debug:
      - 2328yjLSqI4XmR1pVqrPRR/SFcQsbafjEpPmZx7/3PfxUK1nJQQsX+wrMelyVyj+
      X-Dd-Version:
      - "35.4287331"
      X-Frame-Options:
      - SAMEORIGIN
      X-Ratelimit-Limit:
      - "50"
      X-Ratelimit-Period:
      - "60"
      X-Ratelimit-Remaining:
      - "46"
      X-Ratelimit-Reset:
      - "17"
    status: 204 No Content
    code: 204
    duration: ""
- request:
    body: ""
    form: {}
    headers:
      Accept:
      - application/json
      Dd-Operation-Id:
      - DeleteTagConfiguration
      User-Agent:
      - datadog-api-client-go/1.0.0-beta.19+dev (go go1.15.7; os darwin; arch amd64)
      X-Datadog-Parent-Id:
      - "4311909194325988023"
      X-Datadog-Sampling-Priority:
      - "1"
      X-Datadog-Trace-Id:
      - "8958669209716271365"
    url: https://api.datadoghq.com/api/v2/metrics/TestDeleteatagconfigurationreturnsNoContentresponse1618220983/tags
    method: DELETE
  response:
    body: '{"errors": ["TestDeleteatagconfigurationreturnsNoContentresponse1618220983
      not found"]}'
    headers:
      Cache-Control:
      - no-cache
      Connection:
      - keep-alive
      Content-Type:
      - application/json
      Date:
      - Mon, 12 Apr 2021 09:49:44 GMT
      Pragma:
      - no-cache
      Strict-Transport-Security:
      - max-age=15724800;
      Vary:
      - Accept-Encoding
      X-Content-Type-Options:
      - nosniff
      X-Dd-Version:
      - "35.4287331"
      X-Frame-Options:
      - SAMEORIGIN
      X-Ratelimit-Limit:
      - "50"
      X-Ratelimit-Period:
      - "60"
      X-Ratelimit-Remaining:
      - "45"
      X-Ratelimit-Reset:
      - "16"
    status: 404 Not Found
    code: 404
    duration: ""
