interactions:
- request:
    body: |
      {"data":{"attributes":{"name":"Test-Get_all_organization_handles_returns_OK_response-1768440800","space_resource_name":"spaces/AAQA-zFIks8"},"type":"google-chat-organization-handle"}}
    form: {}
    headers:
      Accept:
      - application/json
      Content-Type:
      - application/json
    id: 0
    method: POST
    url: https://api.datadoghq.com/api/v2/integration/google-chat/organizations/e54cb570-c674-529c-769d-84b312288ed7/organization-handles
  response:
    body: '{"data":{"id":"9bda54c5-2410-4cdf-9147-a039b6b8f734","type":"google-chat-organization-handle","attributes":{"name":"Test-Get_all_organization_handles_returns_OK_response-1768440800","space_display_name":"api-test-space","space_resource_name":"spaces/AAQA-zFIks8"}}}'
    code: 201
    duration: 0ms
    headers:
      Content-Type:
      - application/vnd.api+json
    status: 201 Created
- request:
    body: ''
    form: {}
    headers:
      Accept:
      - application/json
    id: 1
    method: GET
    url: https://api.datadoghq.com/api/v2/integration/google-chat/organizations/e54cb570-c674-529c-769d-84b312288ed7/organization-handles
  response:
    body: '{"data":[{"id":"4cb25d88-09cb-41bd-91d2-2ce83e7f48e2","type":"google-chat-organization-handle","attributes":{"name":"Test-Typescript-Create_organization_handle_returns_CREATED_response-1768410894","space_display_name":"api-test-space","space_resource_name":"spaces/AAQA-zFIks8"}},{"id":"0c523f11-00fc-4232-9302-a4194bec088a","type":"google-chat-organization-handle","attributes":{"name":"Test-Typescript-Create_organization_handle_returns_CREATED_response-1768411668","space_display_name":"api-test-space","space_resource_name":"spaces/AAQA-zFIks8"}},{"id":"fd026c96-994d-47a3-affd-c7b8b439c664","type":"google-chat-organization-handle","attributes":{"name":"Test-Typescript-Create_organization_handle_returns_CREATED_response-1768413147","space_display_name":"api-test-space","space_resource_name":"spaces/AAQA-zFIks8"}},{"id":"00f632d9-1463-4ab6-902a-14efa83d13c3","type":"google-chat-organization-handle","attributes":{"name":"Test-Typescript-Create_organization_handle_returns_CREATED_response-1768413200","space_display_name":"api-test-space","space_resource_name":"spaces/AAQA-zFIks8"}},{"id":"6d7c571a-8ae2-4fc9-885f-e2c72d713a2f","type":"google-chat-organization-handle","attributes":{"name":"Test-Typescript-Create_organization_handle_returns_CREATED_response-1768413359","space_display_name":"api-test-space","space_resource_name":"spaces/AAQA-zFIks8"}},{"id":"7de5d51a-cef9-43a5-82b0-5e5465cd985b","type":"google-chat-organization-handle","attributes":{"name":"Test-Typescript-Create_organization_handle_returns_CREATED_response-1768414434","space_display_name":"api-test-space","space_resource_name":"spaces/AAQA-zFIks8"}},{"id":"2d97d54c-6a89-41c7-b37c-dec64c4ae4d7","type":"google-chat-organization-handle","attributes":{"name":"Test-Typescript-Create_organization_handle_returns_CREATED_response-1768415357","space_display_name":"api-test-space","space_resource_name":"spaces/AAQA-zFIks8"}},{"id":"998878e7-91e8-4627-ae28-f816ece451a3","type":"google-chat-organization-handle","attributes":{"name":"Test-Typescript-Create_organization_handle_returns_CREATED_response-1768415410","space_display_name":"api-test-space","space_resource_name":"spaces/AAQA-zFIks8"}},{"id":"1048964c-3e42-475d-812a-ae0e52626bfb","type":"google-chat-organization-handle","attributes":{"name":"Test-Typescript-Create_organization_handle_returns_CREATED_response-1768415444","space_display_name":"api-test-space","space_resource_name":"spaces/AAQA-zFIks8"}},{"id":"669866bb-34e5-40f7-9da6-476bf9bbe8ca","type":"google-chat-organization-handle","attributes":{"name":"Test-Typescript-Create_organization_handle_returns_CREATED_response-1768415571","space_display_name":"api-test-space","space_resource_name":"spaces/AAQA-zFIks8"}},{"id":"c47893d4-35c6-4ddb-bc76-707220f0211a","type":"google-chat-organization-handle","attributes":{"name":"Test-Typescript-Create_organization_handle_returns_CREATED_response-1768415637","space_display_name":"api-test-space","space_resource_name":"spaces/AAQA-zFIks8"}},{"id":"55266f5b-3067-4631-883e-cfb1dc49256d","type":"google-chat-organization-handle","attributes":{"name":"Test-Typescript-Create_organization_handle_returns_CREATED_response-1768416992","space_display_name":"api-test-space","space_resource_name":"spaces/AAQA-zFIks8"}},{"id":"c3cb3868-7d64-4a0c-bd7f-819f7de97e0b","type":"google-chat-organization-handle","attributes":{"name":"Test-Typescript-Create_organization_handle_returns_CREATED_response-1768417235","space_display_name":"api-test-space","space_resource_name":"spaces/AAQA-zFIks8"}},{"id":"4e13aa5f-7e47-4b4f-b95f-aabea862aedc","type":"google-chat-organization-handle","attributes":{"name":"Test-Typescript-Create_organization_handle_returns_CREATED_response-1768417898","space_display_name":"api-test-space","space_resource_name":"spaces/AAQA-zFIks8"}},{"id":"25f41f79-2f98-44cd-a89e-65921b62c3d5","type":"google-chat-organization-handle","attributes":{"name":"Test-Typescript-Create_organization_handle_returns_CREATED_response-1768433110","space_display_name":"api-test-space","space_resource_name":"spaces/AAQA-zFIks8"}},{"id":"e1174e5c-d09d-4f89-bf9d-2ea97634fa8f","type":"google-chat-organization-handle","attributes":{"name":"Test-Typescript-Get_all_organization_handles_returns_OK_response-1768433111","space_display_name":"api-test-space","space_resource_name":"spaces/AAQA-zFIks8"}},{"id":"c5401188-ae0e-4d78-9bb8-c97b089b88ab","type":"google-chat-organization-handle","attributes":{"name":"Test-Typescript-Create_organization_handle_returns_CREATED_response-1768433243","space_display_name":"api-test-space","space_resource_name":"spaces/AAQA-zFIks8"}},{"id":"349bddd9-b6e6-4bfa-aa77-279469cb8c02","type":"google-chat-organization-handle","attributes":{"name":"Test-Typescript-Get_all_organization_handles_returns_OK_response-1768433245","space_display_name":"api-test-space","space_resource_name":"spaces/AAQA-zFIks8"}},{"id":"607be0b6-1b63-4620-a6b6-22838e545e1d","type":"google-chat-organization-handle","attributes":{"name":"Test-Typescript-Get_organization_handle_returns_OK_response-1768433246","space_display_name":"api-test-space","space_resource_name":"spaces/AAQA-zFIks8"}},{"id":"0bde990e-a2d8-4fbc-8185-db4b760503e3","type":"google-chat-organization-handle","attributes":{"name":"Test-Typescript-Create_organization_handle_returns_CREATED_response-1768433723","space_display_name":"api-test-space","space_resource_name":"spaces/AAQA-zFIks8"}},{"id":"d83962e1-b506-4b44-b6af-f22cc64ebfb4","type":"google-chat-organization-handle","attributes":{"name":"Test-Typescript-Get_all_organization_handles_returns_OK_response-1768433724","space_display_name":"api-test-space","space_resource_name":"spaces/AAQA-zFIks8"}},{"id":"7b253152-9ab3-416f-ab3d-33ae688addf0","type":"google-chat-organization-handle","attributes":{"name":"Test-Typescript-Get_organization_handle_returns_OK_response-1768433725","space_display_name":"api-test-space","space_resource_name":"spaces/AAQA-zFIks8"}},{"id":"6413555c-fd47-4909-826d-a88e48a6c6fb","type":"google-chat-organization-handle","attributes":{"name":"Test-Typescript-Create_organization_handle_returns_CREATED_response-1768433747","space_display_name":"api-test-space","space_resource_name":"spaces/AAQA-zFIks8"}},{"id":"3e63fd96-71af-4d89-97a3-de1c407072b5","type":"google-chat-organization-handle","attributes":{"name":"Test-Typescript-Get_all_organization_handles_returns_OK_response-1768433749","space_display_name":"api-test-space","space_resource_name":"spaces/AAQA-zFIks8"}},{"id":"b1f31471-ffc6-4f00-adca-65834cbcd507","type":"google-chat-organization-handle","attributes":{"name":"Test-Typescript-Get_organization_handle_returns_OK_response-1768433750","space_display_name":"api-test-space","space_resource_name":"spaces/AAQA-zFIks8"}},{"id":"6c7fea65-24cd-4e7e-a0a4-dc080d74343f","type":"google-chat-organization-handle","attributes":{"name":"Test-Typescript-Create_organization_handle_returns_CREATED_response-1768433851","space_display_name":"api-test-space","space_resource_name":"spaces/AAQA-zFIks8"}},{"id":"4349abba-180b-462a-b277-274a56b39802","type":"google-chat-organization-handle","attributes":{"name":"Test-Typescript-Get_all_organization_handles_returns_OK_response-1768433852","space_display_name":"api-test-space","space_resource_name":"spaces/AAQA-zFIks8"}},{"id":"308d6c06-a2b3-4316-b0d4-5cf10edab69e","type":"google-chat-organization-handle","attributes":{"name":"Test-Typescript-Get_organization_handle_returns_OK_response-1768433853","space_display_name":"api-test-space","space_resource_name":"spaces/AAQA-zFIks8"}},{"id":"96f53b75-9f2e-4a1e-a6f0-ae485007d5b3","type":"google-chat-organization-handle","attributes":{"name":"Test-Typescript-Create_organization_handle_returns_CREATED_response-1768434195","space_display_name":"api-test-space","space_resource_name":"spaces/AAQA-zFIks8"}},{"id":"30b2f976-6f38-462d-bc34-c4e4b33cc3cc","type":"google-chat-organization-handle","attributes":{"name":"Test-Typescript-Get_all_organization_handles_returns_OK_response-1768434196","space_display_name":"api-test-space","space_resource_name":"spaces/AAQA-zFIks8"}},{"id":"27703fb9-7f3e-47dc-a1d2-b8d8a9963e76","type":"google-chat-organization-handle","attributes":{"name":"Test-Typescript-Get_organization_handle_returns_OK_response-1768434197","space_display_name":"api-test-space","space_resource_name":"spaces/AAQA-zFIks8"}},{"id":"083e58b9-15a9-4aff-9cbc-b86834e52c2b","type":"google-chat-organization-handle","attributes":{"name":"Test-Typescript-Update_organization_handle_returns_OK_response-1768434198--updated","space_display_name":"api-test-space","space_resource_name":"spaces/AAQA-zFIks8"}},{"id":"9b9cc0a6-29ab-47f8-96d4-bc30721ccaa1","type":"google-chat-organization-handle","attributes":{"name":"Test-Typescript-Create_organization_handle_returns_CREATED_response-1768434578","space_display_name":"api-test-space","space_resource_name":"spaces/AAQA-zFIks8"}},{"id":"1e4e3dd4-1d90-4636-9ff9-eedb2f54addc","type":"google-chat-organization-handle","attributes":{"name":"Test-Typescript-Get_all_organization_handles_returns_OK_response-1768434580","space_display_name":"api-test-space","space_resource_name":"spaces/AAQA-zFIks8"}},{"id":"868ec752-faf5-4f44-8b52-8c3a122472c2","type":"google-chat-organization-handle","attributes":{"name":"Test-Typescript-Get_organization_handle_returns_OK_response-1768434581","space_display_name":"api-test-space","space_resource_name":"spaces/AAQA-zFIks8"}},{"id":"9de230e5-ab9e-4580-b35d-eeaa0aeff0b6","type":"google-chat-organization-handle","attributes":{"name":"Test-Typescript-Update_organization_handle_returns_OK_response-1768434582--updated","space_display_name":"api-test-space","space_resource_name":"spaces/AAQA-zFIks8"}},{"id":"30e260a4-6f82-42de-a3e1-2502d423c866","type":"google-chat-organization-handle","attributes":{"name":"Test-Typescript-Create_organization_handle_returns_CREATED_response-1768440733","space_display_name":"api-test-space","space_resource_name":"spaces/AAQA-zFIks8"}},{"id":"8fbbe4fa-deee-425e-bc71-ad86d6e1d9bc","type":"google-chat-organization-handle","attributes":{"name":"Test-Typescript-Get_all_organization_handles_returns_OK_response-1768440734","space_display_name":"api-test-space","space_resource_name":"spaces/AAQA-zFIks8"}},{"id":"37cf2395-7004-479f-bd63-89c77b3668e6","type":"google-chat-organization-handle","attributes":{"name":"Test-Typescript-Get_organization_handle_returns_OK_response-1768440735","space_display_name":"api-test-space","space_resource_name":"spaces/AAQA-zFIks8"}},{"id":"caf066bb-44a5-45c7-a039-1c7fe3eaaf8d","type":"google-chat-organization-handle","attributes":{"name":"Test-Typescript-Update_organization_handle_returns_OK_response-1768440736--updated","space_display_name":"api-test-space","space_resource_name":"spaces/AAQA-zFIks8"}},{"id":"76752f89-bc33-4ee6-affc-693a0d37881f","type":"google-chat-organization-handle","attributes":{"name":"Test-Create_organization_handle_returns_CREATED_response-1768440799","space_display_name":"api-test-space","space_resource_name":"spaces/AAQA-zFIks8"}},{"id":"9bda54c5-2410-4cdf-9147-a039b6b8f734","type":"google-chat-organization-handle","attributes":{"name":"Test-Get_all_organization_handles_returns_OK_response-1768440800","space_display_name":"api-test-space","space_resource_name":"spaces/AAQA-zFIks8"}}]}'
    code: 200
    duration: 0ms
    headers:
      Content-Type:
      - application/vnd.api+json
    status: 200 OK
- request:
    body: ''
    form: {}
    headers:
      Accept:
      - '*/*'
    id: 2
    method: DELETE
    url: https://api.datadoghq.com/api/v2/integration/google-chat/organizations/%7Borganization_binding_id%7D/organization-handles/9bda54c5-2410-4cdf-9147-a039b6b8f734
  response:
    body: '{"errors":[{"status":"400","title":"Invalid Parameter","detail":"invalid
      parameter \"google_chat_organization_binding_id\" in \"path\"; expected type
      \"uuid\""}]}'
    code: 400
    duration: 0ms
    headers:
      Content-Type:
      - application/vnd.api+json
    status: 400 Bad Request
version: 2
