interactions:
- request:
    body: |
      {"layout_type":"ordered","title":"Test-Delete_dashboards_returns_No_Content_response-1731611568 with Profile Metrics Query","widgets":[{"definition":{"requests":[{"profile_metrics_query":{"compute":{"aggregation":"sum","facet":"@prof_core_cpu_cores"},"group_by":[{"facet":"service","limit":10,"sort":{"aggregation":"sum","facet":"@prof_core_cpu_cores","order":"desc"}}],"search":{"query":"runtime:jvm"}}}],"type":"timeseries"}}]}
    form: {}
    headers:
      Accept:
      - application/json
      Content-Type:
      - application/json
    id: 0
    method: POST
    url: https://api.datadoghq.com/api/v1/dashboard
  response:
    body: '{"id":"7r3-8uu-hh9","title":"Test-Delete_dashboards_returns_No_Content_response-1731611568
      with Profile Metrics Query","description":null,"author_handle":"anika.maskara@datadoghq.com","author_name":"Anika
      Maskara","layout_type":"ordered","url":"/dashboard/7r3-8uu-hh9/test-deletedashboardsreturnsnocontentresponse-1731611568-with-profile-metrics-qu","is_read_only":false,"template_variables":null,"widgets":[{"definition":{"requests":[{"profile_metrics_query":{"compute":{"aggregation":"sum","facet":"@prof_core_cpu_cores"},"group_by":[{"facet":"service","limit":10,"sort":{"aggregation":"sum","facet":"@prof_core_cpu_cores","order":"desc"}}],"search":{"query":"runtime:jvm"}}}],"type":"timeseries"},"id":8097659346546797}],"notify_list":null,"created_at":"2024-11-14T19:12:48.318901+00:00","modified_at":"2024-11-14T19:12:48.318901+00:00","restricted_roles":[]}

      '
    code: 200
    duration: 0ms
    headers:
      Content-Type:
      - application/json
    status: 200 OK
- request:
    body: |
      {"data":[{"id":"7r3-8uu-hh9","type":"dashboard"}]}
    form: {}
    headers:
      Accept:
      - '*/*'
      Content-Type:
      - application/json
    id: 1
    method: DELETE
    url: https://api.datadoghq.com/api/v1/dashboard
  response:
    body: ''
    code: 204
    duration: 0ms
    headers:
      Content-Type:
      - text/html; charset=utf-8
    status: 204 No Content
- request:
    body: ''
    form: {}
    headers:
      Accept:
      - application/json
    id: 2
    method: DELETE
    url: https://api.datadoghq.com/api/v1/dashboard/7r3-8uu-hh9
  response:
    body: '{"errors":["Dashboard with ID 7r3-8uu-hh9 not found"]}'
    code: 404
    duration: 0ms
    headers:
      Content-Type:
      - application/json
    status: 404 Not Found
version: 2
