interactions:
- request:
    body: |
      {"layout_type":"ordered","title":"Test-Update_a_shared_dashboard_returns_OK_response-1731699192 with Profile Metrics Query","widgets":[{"definition":{"requests":[{"profile_metrics_query":{"compute":{"aggregation":"sum","facet":"@prof_core_cpu_cores"},"group_by":[{"facet":"service","limit":10,"sort":{"aggregation":"sum","facet":"@prof_core_cpu_cores","order":"desc"}}],"search":{"query":"runtime:jvm"}}}],"type":"timeseries"}}]}
    form: {}
    headers:
      Accept:
      - application/json
      Content-Type:
      - application/json
    id: 0
    method: POST
    url: https://api.datadoghq.com/api/v1/dashboard
  response:
    body: '{"id":"7gy-n9j-kdz","title":"Test-Update_a_shared_dashboard_returns_OK_response-1731699192
      with Profile Metrics Query","description":null,"author_handle":"frog@datadoghq.com","author_name":null,"layout_type":"ordered","url":"/dashboard/7gy-n9j-kdz/test-updateashareddashboardreturnsokresponse-1731699192-with-profile-metrics-que","is_read_only":false,"template_variables":null,"widgets":[{"definition":{"requests":[{"profile_metrics_query":{"compute":{"aggregation":"sum","facet":"@prof_core_cpu_cores"},"group_by":[{"facet":"service","limit":10,"sort":{"aggregation":"sum","facet":"@prof_core_cpu_cores","order":"desc"}}],"search":{"query":"runtime:jvm"}}}],"type":"timeseries"},"id":1917183550061512}],"notify_list":null,"created_at":"2024-11-15T19:33:12.333485+00:00","modified_at":"2024-11-15T19:33:12.333485+00:00","restricted_roles":[]}

      '
    code: 200
    duration: 0ms
    headers:
      Content-Type:
      - application/json
    status: 200 OK
- request:
    body: |
      {"dashboard_id":"7gy-n9j-kdz","dashboard_type":"custom_timeboard","global_time":{"live_span":"1h"},"share_list":["testupdateashareddashboardreturnsokresponse1731699192@datadoghq.com"],"share_type":"invite"}
    form: {}
    headers:
      Accept:
      - application/json
      Content-Type:
      - application/json
    id: 1
    method: POST
    url: https://api.datadoghq.com/api/v1/dashboard/public
  response:
    body: '{"author":{"handle":"frog@datadoghq.com","name":null},"dashboard_id":"7gy-n9j-kdz","dashboard_type":"custom_timeboard","status":"active","title":"Test-Update_a_shared_dashboard_returns_OK_response-1731699192
      with Profile Metrics Query","viewing_preferences":{},"expiration":null,"last_accessed":null,"global_time_selectable_enabled":false,"global_time":{"live_span":"1h"},"selectable_template_vars":null,"token":"fasjyydbcgwwc2uc-601fe99239741e02ee84c1852ce59a37","public_url":"https://p.datadoghq.com/sb/fasjyydbcgwwc2uc-601fe99239741e02ee84c1852ce59a37","created":"2024-11-15T19:33:12.669592+00:00","share_type":"invite","share_list":["testupdateashareddashboardreturnsokresponse1731699192@datadoghq.com"],"session_duration_in_days":30,"invitees":[{"email":"testupdateashareddashboardreturnsokresponse1731699192@datadoghq.com","access_expiration":null,"last_accessed":null,"created_at":"2024-11-15T19:33:12.692355+00:00"}]}

      '
    code: 200
    duration: 0ms
    headers:
      Content-Type:
      - application/json
    status: 200 OK
- request:
    body: |
      {"global_time":{"live_span":"15m"},"share_list":[],"share_type":"open"}
    form: {}
    headers:
      Accept:
      - application/json
      Content-Type:
      - application/json
    id: 2
    method: PUT
    url: https://api.datadoghq.com/api/v1/dashboard/public/fasjyydbcgwwc2uc-601fe99239741e02ee84c1852ce59a37
  response:
    body: '{"author":{"handle":"frog@datadoghq.com","name":null},"dashboard_id":"7gy-n9j-kdz","dashboard_type":"custom_timeboard","status":"active","title":"Test-Update_a_shared_dashboard_returns_OK_response-1731699192
      with Profile Metrics Query","viewing_preferences":{},"expiration":null,"last_accessed":null,"global_time_selectable_enabled":false,"global_time":{"live_span":"15m"},"selectable_template_vars":null,"token":"fasjyydbcgwwc2uc-601fe99239741e02ee84c1852ce59a37","public_url":"https://p.datadoghq.com/sb/fasjyydbcgwwc2uc-601fe99239741e02ee84c1852ce59a37","created":"2024-11-15T19:33:12.669592+00:00","share_type":"open","share_list":[],"session_duration_in_days":null,"invitees":[]}

      '
    code: 200
    duration: 0ms
    headers:
      Content-Type:
      - application/json
    status: 200 OK
- request:
    body: ''
    form: {}
    headers:
      Accept:
      - application/json
    id: 3
    method: DELETE
    url: https://api.datadoghq.com/api/v1/dashboard/public/fasjyydbcgwwc2uc-601fe99239741e02ee84c1852ce59a37
  response:
    body: '{"deleted_public_dashboard_token":"fasjyydbcgwwc2uc-601fe99239741e02ee84c1852ce59a37"}

      '
    code: 200
    duration: 0ms
    headers:
      Content-Type:
      - application/json
    status: 200 OK
- request:
    body: ''
    form: {}
    headers:
      Accept:
      - application/json
    id: 4
    method: DELETE
    url: https://api.datadoghq.com/api/v1/dashboard/7gy-n9j-kdz
  response:
    body: '{"deleted_dashboard_id":"7gy-n9j-kdz"}

      '
    code: 200
    duration: 0ms
    headers:
      Content-Type:
      - application/json
    status: 200 OK
version: 2
