---
version: 1
interactions:
- request:
    body: |
      {"data":{"attributes":{"compute":{"aggregation_type":"count"},"filter":{"query":"source:Test-Update_a_log_based_metric_returns_OK_response-1618223144"}},"id":"Test-Update_a_log_based_metric_returns_OK_response-1618223144","type":"logs_metrics"}}
    form: {}
    headers:
      Accept:
      - application/json
      Content-Type:
      - application/json
      Dd-Operation-Id:
      - CreateLogsMetric
      User-Agent:
      - datadog-api-client-go/1.0.0-beta.19+dev (go go1.15.7; os darwin; arch amd64)
      X-Datadog-Parent-Id:
      - "4135045472483062144"
      X-Datadog-Sampling-Priority:
      - "1"
      X-Datadog-Trace-Id:
      - "4844785613624925996"
    url: https://api.datadoghq.com/api/v2/logs/config/metrics
    method: POST
  response:
    body: '{"data":{"id":"Test_Update_a_log_based_metric_returns_OK_response_1618223144","attributes":{"filter":{"query":"source:Test-Update_a_log_based_metric_returns_OK_response-1618223144"},"group_by":[],"compute":{"aggregation_type":"count"}},"type":"logs_metrics"}}'
    headers:
      Cache-Control:
      - no-cache
      Connection:
      - keep-alive
      Content-Disposition:
      - inline
      Content-Type:
      - application/json;charset=utf-8
      Date:
      - Mon, 12 Apr 2021 10:25:45 GMT
      Pragma:
      - no-cache
      Strict-Transport-Security:
      - max-age=15724800;
      Vary:
      - Accept-Encoding
      X-Content-Type-Options:
      - nosniff
      X-Dd-Debug:
      - twvpGlmuom5y6A0pjGtXzTf554cmwJgTcCZ71fK4H/RDi+v5ehBK0zQiRcTJQG5C
      X-Dd-Version:
      - "35.4287679"
      X-Frame-Options:
      - SAMEORIGIN
      X-Ratelimit-Limit:
      - "100"
      X-Ratelimit-Period:
      - "3600"
      X-Ratelimit-Remaining:
      - "66"
      X-Ratelimit-Reset:
      - "2056"
    status: 200 OK
    code: 200
    duration: ""
- request:
    body: |
      {"data":{"attributes":{"filter":{"query":"source:Test-Update_a_log_based_metric_returns_OK_response-1618223144-updated"}},"type":"logs_metrics"}}
    form: {}
    headers:
      Accept:
      - application/json
      Content-Type:
      - application/json
      Dd-Operation-Id:
      - UpdateLogsMetric
      User-Agent:
      - datadog-api-client-go/1.0.0-beta.19+dev (go go1.15.7; os darwin; arch amd64)
      X-Datadog-Parent-Id:
      - "4253166212103889404"
      X-Datadog-Sampling-Priority:
      - "1"
      X-Datadog-Trace-Id:
      - "4844785613624925996"
    url: https://api.datadoghq.com/api/v2/logs/config/metrics/Test_Update_a_log_based_metric_returns_OK_response_1618223144
    method: PATCH
  response:
    body: '{"data":{"id":"Test_Update_a_log_based_metric_returns_OK_response_1618223144","attributes":{"filter":{"query":"source:Test-Update_a_log_based_metric_returns_OK_response-1618223144-updated"},"group_by":[],"compute":{"aggregation_type":"count"}},"type":"logs_metrics"}}'
    headers:
      Cache-Control:
      - no-cache
      Connection:
      - keep-alive
      Content-Disposition:
      - inline
      Content-Type:
      - application/json;charset=utf-8
      Date:
      - Mon, 12 Apr 2021 10:25:45 GMT
      Pragma:
      - no-cache
      Strict-Transport-Security:
      - max-age=15724800;
      Vary:
      - Accept-Encoding
      X-Content-Type-Options:
      - nosniff
      X-Dd-Debug:
      - Um4CoU685QqAscnxhS5BD+goWu2yX1Jd4zCfGzSsEvPPIm1qURZaF8dlLl/OEY4I
      X-Dd-Version:
      - "35.4287679"
      X-Frame-Options:
      - SAMEORIGIN
      X-Ratelimit-Limit:
      - "100"
      X-Ratelimit-Period:
      - "3600"
      X-Ratelimit-Remaining:
      - "65"
      X-Ratelimit-Reset:
      - "2055"
    status: 200 OK
    code: 200
    duration: ""
- request:
    body: ""
    form: {}
    headers:
      Accept:
      - application/json
      Dd-Operation-Id:
      - DeleteLogsMetric
      User-Agent:
      - datadog-api-client-go/1.0.0-beta.19+dev (go go1.15.7; os darwin; arch amd64)
      X-Datadog-Parent-Id:
      - "7277374919010803444"
      X-Datadog-Sampling-Priority:
      - "1"
      X-Datadog-Trace-Id:
      - "4844785613624925996"
    url: https://api.datadoghq.com/api/v2/logs/config/metrics/Test_Update_a_log_based_metric_returns_OK_response_1618223144
    method: DELETE
  response:
    body: '{}'
    headers:
      Cache-Control:
      - no-cache
      Connection:
      - keep-alive
      Content-Disposition:
      - inline
      Content-Length:
      - "2"
      Content-Type:
      - application/json;charset=utf-8
      Date:
      - Mon, 12 Apr 2021 10:25:45 GMT
      Pragma:
      - no-cache
      Strict-Transport-Security:
      - max-age=15724800;
      X-Content-Type-Options:
      - nosniff
      X-Dd-Debug:
      - /L+SFFO+m1pPY+hRCpk5325fvfrNl0KmiquUNJolBN/5hu3HIwflqjZSbJ6NxDFG
      X-Dd-Version:
      - "35.4287679"
      X-Frame-Options:
      - SAMEORIGIN
      X-Ratelimit-Limit:
      - "100"
      X-Ratelimit-Period:
      - "3600"
      X-Ratelimit-Remaining:
      - "64"
      X-Ratelimit-Reset:
      - "2055"
    status: 200 OK
    code: 200
    duration: ""
