interactions:
- request:
    body: |
      {"cases":[{"condition":"a \u003e 0","name":"","notifications":[],"status":"info"}],"filters":[],"isEnabled":true,"message":"Test rule","name":"Test-Get_rule_version_history_returns_OK_response-1740590952","options":{"evaluationWindow":900,"keepAlive":3600,"maxSignalDuration":86400},"queries":[{"aggregation":"count","distinctFields":[],"groupByFields":[],"metrics":[],"query":"@test:true"}],"tags":[],"type":"log_detection"}
    form: {}
    headers:
      Accept:
      - application/json
      Content-Type:
      - application/json
    id: 0
    method: POST
    url: https://api.datadoghq.com/api/v2/security_monitoring/rules
  response:
    body: '{"name":"Test-Get_rule_version_history_returns_OK_response-1740590952","createdAt":1740590952333,"isDefault":false,"isPartner":false,"isEnabled":true,"isBeta":false,"isDeleted":false,"isDeprecated":false,"queries":[{"query":"@test:true","groupByFields":[],"hasOptionalGroupByFields":false,"distinctFields":[],"aggregation":"count","name":"","dataSource":"logs"}],"options":{"evaluationWindow":900,"detectionMethod":"threshold","maxSignalDuration":86400,"keepAlive":3600},"cases":[{"name":"","status":"info","notifications":[],"condition":"a
      \u003e 0"}],"message":"Test rule","tags":[],"hasExtendedTitle":false,"type":"log_detection","filters":[],"version":1,"id":"s3a-zh4-3yj","blocking":false,"metadata":{"entities":null,"sources":null},"creationAuthorId":1445416,"creator":{"handle":"frog@datadoghq.com","name":"frog"},"updater":{"handle":"","name":""}}'
    code: 200
    duration: 0ms
    headers:
      Content-Type:
      - application/json
    status: 200 OK
- request:
    body: ''
    form: {}
    headers:
      Accept:
      - application/json
    id: 1
    method: GET
    url: https://api.datadoghq.com/api/v2/security_monitoring/rules/s3a-zh4-3yj/version_history
  response:
    body: '{"data":{"id":"s3a-zh4-3yj","type":"GetRuleVersionHistoryResponse","attributes":{"count":1,"data":{"1":{"rule":{"name":"Test-Get_rule_version_history_returns_OK_response-1740590952","createdAt":1740590952333,"isDefault":false,"isPartner":false,"isEnabled":true,"isBeta":false,"isDeleted":false,"isDeprecated":false,"queries":[{"query":"@test:true","groupByFields":[],"hasOptionalGroupByFields":false,"distinctFields":[],"aggregation":"count","name":"","dataSource":"logs"}],"options":{"evaluationWindow":900,"detectionMethod":"threshold","maxSignalDuration":86400,"keepAlive":3600},"cases":[{"name":"","status":"info","notifications":[],"condition":"a
      \u003e 0"}],"message":"Test rule","tags":[],"hasExtendedTitle":false,"type":"log_detection","filters":[],"version":1,"id":"s3a-zh4-3yj","blocking":false,"metadata":{"entities":null,"sources":null},"creationAuthorId":1445416,"creator":{"handle":"frog@datadoghq.com","name":"frog"},"updater":{"handle":"","name":""}},"changes":[]}}}}}'
    code: 200
    duration: 0ms
    headers:
      Content-Type:
      - application/vnd.api+json
    status: 200 OK
- request:
    body: ''
    form: {}
    headers:
      Accept:
      - '*/*'
    id: 2
    method: DELETE
    url: https://api.datadoghq.com/api/v2/security_monitoring/rules/s3a-zh4-3yj
  response:
    body: ''
    code: 204
    duration: 0ms
    headers: {}
    status: 204 No Content
version: 2
