interactions:
- request:
    body: |
      {"data":{"attributes":{"description":"My Agent rule","enabled":true,"expression":"exec.file.name == \"sh\"","name":"testgetacloudworkloadsecurityagentrulereturnsokresponse1713895068"},"type":"agent_rule"}}
    form: {}
    headers:
      Accept:
      - application/json
      Content-Type:
      - application/json
    id: 0
    method: POST
    url: https://api.datadoghq.com/api/v2/security_monitoring/cloud_workload_security/agent_rules
  response:
    body: '{"data":{"id":"ei4-rq6-ept","attributes":{"version":1,"name":"testgetacloudworkloadsecurityagentrulereturnsokresponse1713895068","description":"My
      Agent rule","expression":"exec.file.name == \"sh\"","category":"Process Activity","creationAuthorUuId":"3ad549bf-eba0-11e9-a77a-0705486660d0","creationDate":1713895068731,"updateAuthorUuId":"3ad549bf-eba0-11e9-a77a-0705486660d0","updateDate":1713895068731,"filters":["os
      == \"linux\""],"actions":[],"agentConstraint":"","enabled":true,"defaultRule":false,"creator":{"name":null,"handle":"frog@datadoghq.com"},"updater":{"name":null,"handle":"frog@datadoghq.com"}},"type":"agent_rule"}}

      '
    code: 200
    duration: 0ms
    headers:
      Content-Type:
      - application/json
    status: 200 OK
- request:
    body: ''
    form: {}
    headers:
      Accept:
      - application/json
    id: 1
    method: GET
    url: https://api.datadoghq.com/api/v2/security_monitoring/cloud_workload_security/agent_rules/ei4-rq6-ept
  response:
    body: '{"data":{"id":"ei4-rq6-ept","attributes":{"version":1,"name":"testgetacloudworkloadsecurityagentrulereturnsokresponse1713895068","description":"My
      Agent rule","expression":"exec.file.name == \"sh\"","category":"Process Activity","creationAuthorUuId":"3ad549bf-eba0-11e9-a77a-0705486660d0","creationDate":1713895068731,"updateAuthorUuId":"3ad549bf-eba0-11e9-a77a-0705486660d0","updateDate":1713895068731,"filters":["os
      == \"linux\""],"actions":[],"agentConstraint":"","enabled":true,"defaultRule":false,"creator":{"name":null,"handle":"frog@datadoghq.com"},"updater":{"name":null,"handle":"frog@datadoghq.com"}},"type":"agent_rule"}}

      '
    code: 200
    duration: 0ms
    headers:
      Content-Type:
      - application/json
    status: 200 OK
- request:
    body: ''
    form: {}
    headers:
      Accept:
      - '*/*'
    id: 2
    method: DELETE
    url: https://api.datadoghq.com/api/v2/security_monitoring/cloud_workload_security/agent_rules/ei4-rq6-ept
  response:
    body: ''
    code: 204
    duration: 0ms
    headers: {}
    status: 204 No Content
version: 2
