interactions:
- request:
    body: |
      {"data":{"attributes":{"description":"My agent policy","enabled":true,"hostTags":["env:staging"],"name":"testcreateaworkloadprotectionagentrulereturnsbadrequestresponse1760630565"},"type":"policy"}}
    form: {}
    headers:
      Accept:
      - application/json
      Content-Type:
      - application/json
    id: 0
    method: POST
    url: https://api.datadoghq.com/api/v2/remote_config/products/cws/policy
  response:
    body: '{"data":{"id":"qte-y0f-deh","type":"policy","attributes":{"blockingRulesCount":0,"datadogManaged":false,"description":"My
      agent policy","disabledRulesCount":1,"enabled":true,"hostTagsLists":[["env:staging"]],"monitoringRulesCount":7,"name":"testcreateaworkloadprotectionagentrulereturnsbadrequestresponse1760630565","pinned":false,"policyVersion":"1","ruleCount":8,"updateDate":1760630565905,"updater":{"name":"frog","handle":"frog@datadoghq.com"}}}}'
    code: 200
    duration: 0ms
    headers:
      Content-Type:
      - application/json
    status: 200 OK
- request:
    body: |
      {"data":{"attributes":{"description":"My Agent rule","enabled":true,"expression":"exec.file.name","filters":[],"name":"my_agent_rule","policy_id":"qte-y0f-deh","product_tags":[]},"type":"agent_rule"}}
    form: {}
    headers:
      Accept:
      - application/json
      Content-Type:
      - application/json
    id: 1
    method: POST
    url: https://api.datadoghq.com/api/v2/remote_config/products/cws/agent_rules
  response:
    body: '{"errors":["input_validation_error(Field ''expression'' is invalid: rule
      `my_agent_rule` error: rule syntax error: bool expected: 1:1: exec.file.name\n^)"]}'
    code: 400
    duration: 0ms
    headers:
      Content-Type:
      - application/json
    status: 400 Bad Request
- request:
    body: ''
    form: {}
    headers:
      Accept:
      - '*/*'
    id: 2
    method: DELETE
    url: https://api.datadoghq.com/api/v2/remote_config/products/cws/policy/qte-y0f-deh
  response:
    body: ''
    code: 204
    duration: 0ms
    headers:
      Content-Type:
      - application/json
    status: 204 No Content
version: 2
