interactions:
- request:
    body: |
      {"data":{"attributes":{"description":"My agent policy","enabled":true,"hostTags":["env:staging"],"name":"testgetaworkloadprotectionpolicyreturnsokresponse1760109676"},"type":"policy"}}
    form: {}
    headers:
      Accept:
      - application/json
      Content-Type:
      - application/json
    id: 0
    method: POST
    url: https://api.datadoghq.com/api/v2/remote_config/products/cws/policy
  response:
    body: '{"data":{"id":"lwx-2sg-6dt","type":"policy","attributes":{"blockingRulesCount":0,"datadogManaged":false,"description":"My
      agent policy","disabledRulesCount":1,"enabled":true,"hostTagsLists":[["env:staging"]],"monitoringRulesCount":7,"name":"testgetaworkloadprotectionpolicyreturnsokresponse1760109676","pinned":false,"policyVersion":"1","ruleCount":8,"updateDate":1760109676701,"updater":{"name":"frog","handle":"frog@datadoghq.com"}}}}'
    code: 200
    duration: 0ms
    headers:
      Content-Type:
      - application/json
    status: 200 OK
- request:
    body: ''
    form: {}
    headers:
      Accept:
      - application/json
    id: 1
    method: GET
    url: https://api.datadoghq.com/api/v2/remote_config/products/cws/policy/lwx-2sg-6dt
  response:
    body: '{"data":{"id":"lwx-2sg-6dt","type":"policy","attributes":{"blockingRulesCount":0,"datadogManaged":false,"description":"My
      agent policy","disabledRulesCount":0,"enabled":true,"hostTagsLists":[["env:staging"]],"monitoringRulesCount":0,"name":"testgetaworkloadprotectionpolicyreturnsokresponse1760109676","pinned":false,"policyVersion":"1","ruleCount":0,"updateDate":1760109676701,"updater":{"name":"frog","handle":"frog@datadoghq.com"}}}}'
    code: 200
    duration: 0ms
    headers:
      Content-Type:
      - application/json
    status: 200 OK
- request:
    body: ''
    form: {}
    headers:
      Accept:
      - '*/*'
    id: 2
    method: DELETE
    url: https://api.datadoghq.com/api/v2/remote_config/products/cws/policy/lwx-2sg-6dt
  response:
    body: ''
    code: 204
    duration: 0ms
    headers:
      Content-Type:
      - application/json
    status: 204 No Content
version: 2
