interactions:
- request:
    body: |
      {"data":{"attributes":{"description":"My agent policy","enabled":true,"hostTags":["env:staging"],"name":"testupdateaworkloadprotectionpolicyreturnsokresponse1748341524"},"type":"policy"}}
    form: {}
    headers:
      Accept:
      - application/json
      Content-Type:
      - application/json
    id: 0
    method: POST
    url: https://api.datadoghq.com/api/v2/remote_config/products/cws/policy
  response:
    body: '{"data":{"id":"qn1-4by-5zr","type":"policy","attributes":{"blockingRulesCount":0,"datadogManaged":false,"description":"My
      agent policy","disabledRulesCount":1,"enabled":true,"hostTags":["env:staging"],"monitoringRulesCount":225,"name":"testupdateaworkloadprotectionpolicyreturnsokresponse1748341524","policyVersion":"1","priority":1000000011,"ruleCount":226,"updateDate":1748341524459,"updater":{"name":"frog","handle":"frog@datadoghq.com"}}}}'
    code: 200
    duration: 0ms
    headers:
      Content-Type:
      - application/json
    status: 200 OK
- request:
    body: |
      {"data":{"attributes":{"description":"Updated agent policy","enabled":true,"hostTagsLists":[["env:test"]],"name":"updated_agent_policy"},"id":"qn1-4by-5zr","type":"policy"}}
    form: {}
    headers:
      Accept:
      - application/json
      Content-Type:
      - application/json
    id: 1
    method: PATCH
    url: https://api.datadoghq.com/api/v2/remote_config/products/cws/policy/qn1-4by-5zr
  response:
    body: '{"data":{"id":"qn1-4by-5zr","type":"policy","attributes":{"blockingRulesCount":0,"datadogManaged":false,"description":"Updated
      agent policy","disabledRulesCount":1,"enabled":true,"hostTagsLists":[["env:test"]],"monitoringRulesCount":225,"name":"updated_agent_policy","policyVersion":"2","priority":1000000011,"ruleCount":226,"updateDate":1748341525121,"updater":{"name":"frog","handle":"frog@datadoghq.com"}}}}'
    code: 200
    duration: 0ms
    headers:
      Content-Type:
      - application/json
    status: 200 OK
- request:
    body: ''
    form: {}
    headers:
      Accept:
      - '*/*'
    id: 2
    method: DELETE
    url: https://api.datadoghq.com/api/v2/remote_config/products/cws/policy/qn1-4by-5zr
  response:
    body: ''
    code: 204
    duration: 0ms
    headers:
      Content-Type:
      - application/json
    status: 204 No Content
version: 2
