interactions:
- request:
    body: |
      {"data":{"attributes":{"customer_impacted":false,"title":"Test-Update_an_existing_incident_integration_metadata_returns_OK_response-1768853787"},"type":"incidents"}}
    form: {}
    headers:
      Accept:
      - application/json
      Content-Type:
      - application/json
    id: 0
    method: POST
    url: https://api.datadoghq.com/api/v2/incidents
  response:
    body: '{"data":{"type":"incidents","id":"a566fdf4-9362-526a-835f-33222659611a","attributes":{"public_id":331311,"incident_type_uuid":"41d2e10b-4108-4736-92d7-791d00ea0702","title":"Test-Update_an_existing_incident_integration_metadata_returns_OK_response-1768853787","resolved":null,"customer_impact_scope":null,"customer_impact_start":null,"customer_impact_end":null,"customer_impacted":false,"notification_handles":null,"last_modified_by":{"data":{"type":"users","id":"3ad549bf-eba0-11e9-a77a-0705486660d0","attributes":{"uuid":"3ad549bf-eba0-11e9-a77a-0705486660d0","handle":"frog@datadoghq.com","email":"frog@datadoghq.com","name":"frog","icon":"https://secure.gravatar.com/avatar/28a16dfe36e73b60c1d55872cb0f1172?s=48&d=retro"}}},"last_modified_by_uuid":null,"created":"2026-01-19T20:16:28.187221+00:00","modified":"2026-01-19T20:16:28.187221+00:00","commander":null,"detected":"2026-01-19T20:16:28.176027+00:00","created_by":{"data":{"type":"users","id":"3ad549bf-eba0-11e9-a77a-0705486660d0","attributes":{"uuid":"3ad549bf-eba0-11e9-a77a-0705486660d0","handle":"frog@datadoghq.com","email":"frog@datadoghq.com","name":"frog","icon":"https://secure.gravatar.com/avatar/28a16dfe36e73b60c1d55872cb0f1172?s=48&d=retro"}}},"created_by_uuid":null,"creation_idempotency_key":null,"customer_impact_duration":0,"time_to_detect":0,"time_to_repair":0,"time_to_internal_response":0,"time_to_resolve":0,"archived":null,"is_test":false,"declared":"2026-01-19T20:16:28.187221+00:00","declared_by":{"data":{"type":"users","id":"3ad549bf-eba0-11e9-a77a-0705486660d0","attributes":{"uuid":"3ad549bf-eba0-11e9-a77a-0705486660d0","handle":"frog@datadoghq.com","email":"frog@datadoghq.com","name":"frog","icon":"https://secure.gravatar.com/avatar/28a16dfe36e73b60c1d55872cb0f1172?s=48&d=retro"}}},"declared_by_uuid":null,"fields":{"severity":{"type":"dropdown","value":"UNKNOWN"},"state":{"type":"dropdown","value":"active"},"detection_method":{"type":"dropdown","value":"unknown"},"root_cause":{"type":"textbox","value":null},"summary":{"type":"textbox","value":null},"services":{"type":"autocomplete","value":null},"teams":{"type":"autocomplete","value":null}},"field_analytics":null,"severity":"UNKNOWN","state":"active","non_datadog_creator":null,"visibility":"organization","case_id":null},"relationships":{"created_by_user":{"data":{"type":"users","id":"3ad549bf-eba0-11e9-a77a-0705486660d0"}},"last_modified_by_user":{"data":{"type":"users","id":"3ad549bf-eba0-11e9-a77a-0705486660d0"}},"commander_user":{"data":null},"declared_by_user":{"data":{"type":"users","id":"3ad549bf-eba0-11e9-a77a-0705486660d0"}},"user_defined_fields":{"data":[{"type":"user_defined_field","id":"33457d2a-570c-5567-b4af-979a2a8f1164"},{"type":"user_defined_field","id":"d003693c-bee9-5420-8d46-859269c20914"},{"type":"user_defined_field","id":"1ddff6f6-cb1f-51a0-9d81-dc18ef52cc9d"},{"type":"user_defined_field","id":"6bc9d32b-c2cd-591e-9b7a-74c886a5ddcf"},{"type":"user_defined_field","id":"95c53547-2ba3-5d8a-9c3b-cf245bc0c629"},{"type":"user_defined_field","id":"39044b03-cee4-555f-b1e0-3eb3aa759a86"},{"type":"user_defined_field","id":"3cbe9e60-d794-532c-acc0-73641f782813"}]},"integrations":{"data":[]},"attachments":{"data":[]},"responders":{"data":[]},"impacts":{"data":[]}}}}

      '
    code: 201
    duration: 0ms
    headers:
      Content-Type:
      - application/json
    status: 201 Created
- request:
    body: |
      {"data":{"attributes":{"incident_id":"a566fdf4-9362-526a-835f-33222659611a","integration_type":1,"metadata":{"channels":[{"channel_id":"C0123456789","channel_name":"#example-channel-name","redirect_url":"https://slack.com/app_redirect?channel=C0123456789\u0026team=T01234567","team_id":"T01234567"}]},"status":2},"type":"incident_integrations"}}
    form: {}
    headers:
      Accept:
      - application/json
      Content-Type:
      - application/json
    id: 1
    method: POST
    url: https://api.datadoghq.com/api/v2/incidents/a566fdf4-9362-526a-835f-33222659611a/relationships/integrations
  response:
    body: '{"data":{"type":"incident_integrations","id":"0cddc98d-9e30-5ee9-96bd-0cc30707b77a","attributes":{"created":"2026-01-19T20:16:28.680571+00:00","modified":"2026-01-19T20:16:28.680571+00:00","created_by":{"data":{"type":"users","id":"3ad549bf-eba0-11e9-a77a-0705486660d0","attributes":{"uuid":"3ad549bf-eba0-11e9-a77a-0705486660d0","handle":"frog@datadoghq.com","email":"frog@datadoghq.com","name":"frog","icon":"https://secure.gravatar.com/avatar/28a16dfe36e73b60c1d55872cb0f1172?s=48&d=retro"}}},"created_by_uuid":"3ad549bf-eba0-11e9-a77a-0705486660d0","incident_id":"a566fdf4-9362-526a-835f-33222659611a","last_modified_by":{"data":{"type":"users","id":"3ad549bf-eba0-11e9-a77a-0705486660d0","attributes":{"uuid":"3ad549bf-eba0-11e9-a77a-0705486660d0","handle":"frog@datadoghq.com","email":"frog@datadoghq.com","name":"frog","icon":"https://secure.gravatar.com/avatar/28a16dfe36e73b60c1d55872cb0f1172?s=48&d=retro"}}},"last_modified_by_uuid":"3ad549bf-eba0-11e9-a77a-0705486660d0","status":3,"integration_type":1,"metadata":{"channels":[{"channel_id":"C0123456789","channel_name":"#example-channel-name","redirect_url":"https://slack.com/app_redirect?channel=C0123456789&team=T01234567","team_id":"T01234567"}]}},"relationships":{"created_by_user":{"data":{"type":"users","id":"3ad549bf-eba0-11e9-a77a-0705486660d0"}},"last_modified_by_user":{"data":{"type":"users","id":"3ad549bf-eba0-11e9-a77a-0705486660d0"}}}}}

      '
    code: 201
    duration: 0ms
    headers:
      Content-Type:
      - application/json
    status: 201 Created
- request:
    body: |
      {"data":{"attributes":{"incident_id":"a566fdf4-9362-526a-835f-33222659611a","integration_type":1,"metadata":{"channels":[{"channel_id":"C0123456789","channel_name":"#updated-channel-name","redirect_url":"https://slack.com/app_redirect?channel=C0123456789\u0026team=T01234567","team_id":"T01234567"}]}},"type":"incident_integrations"}}
    form: {}
    headers:
      Accept:
      - application/json
      Content-Type:
      - application/json
    id: 2
    method: PATCH
    url: https://api.datadoghq.com/api/v2/incidents/a566fdf4-9362-526a-835f-33222659611a/relationships/integrations/0cddc98d-9e30-5ee9-96bd-0cc30707b77a
  response:
    body: '{"data":{"type":"incident_integrations","id":"0cddc98d-9e30-5ee9-96bd-0cc30707b77a","attributes":{"created":"2026-01-19T20:16:28.680571+00:00","modified":"2026-01-19T20:16:29.011860+00:00","created_by":{"data":{"type":"users","id":"3ad549bf-eba0-11e9-a77a-0705486660d0","attributes":{"uuid":"3ad549bf-eba0-11e9-a77a-0705486660d0","handle":"frog@datadoghq.com","email":"frog@datadoghq.com","name":"frog","icon":"https://secure.gravatar.com/avatar/28a16dfe36e73b60c1d55872cb0f1172?s=48&d=retro"}}},"created_by_uuid":"3ad549bf-eba0-11e9-a77a-0705486660d0","incident_id":"a566fdf4-9362-526a-835f-33222659611a","last_modified_by":{"data":{"type":"users","id":"3ad549bf-eba0-11e9-a77a-0705486660d0","attributes":{"uuid":"3ad549bf-eba0-11e9-a77a-0705486660d0","handle":"frog@datadoghq.com","email":"frog@datadoghq.com","name":"frog","icon":"https://secure.gravatar.com/avatar/28a16dfe36e73b60c1d55872cb0f1172?s=48&d=retro"}}},"last_modified_by_uuid":"3ad549bf-eba0-11e9-a77a-0705486660d0","status":4,"integration_type":1,"metadata":{"channels":[{"channel_id":"C0123456789","channel_name":"#updated-channel-name","redirect_url":"https://slack.com/app_redirect?channel=C0123456789&team=T01234567","team_id":"T01234567"}]}},"relationships":{"created_by_user":{"data":{"type":"users","id":"3ad549bf-eba0-11e9-a77a-0705486660d0"}},"last_modified_by_user":{"data":{"type":"users","id":"3ad549bf-eba0-11e9-a77a-0705486660d0"}}}}}

      '
    code: 200
    duration: 0ms
    headers:
      Content-Type:
      - application/json
    status: 200 OK
- request:
    body: ''
    form: {}
    headers:
      Accept:
      - '*/*'
    id: 3
    method: DELETE
    url: https://api.datadoghq.com/api/v2/incidents/a566fdf4-9362-526a-835f-33222659611a/relationships/integrations/0cddc98d-9e30-5ee9-96bd-0cc30707b77a
  response:
    body: ''
    code: 204
    duration: 0ms
    headers: {}
    status: 204 No Content
- request:
    body: ''
    form: {}
    headers:
      Accept:
      - '*/*'
    id: 4
    method: DELETE
    url: https://api.datadoghq.com/api/v2/incidents/a566fdf4-9362-526a-835f-33222659611a
  response:
    body: ''
    code: 204
    duration: 0ms
    headers:
      Content-Type:
      - text/html; charset=utf-8
    status: 204 No Content
version: 2
