interactions:
- request:
    body: |
      {"data":{"attributes":{"description":"Any incidents that harm (or have the potential to) the confidentiality, integrity, or availability of our data.","is_default":false,"name":"Security Incident"},"type":"incident_types"}}
    form: {}
    headers:
      Accept:
      - application/json
      Content-Type:
      - application/json
    id: 0
    method: POST
    url: https://api.datadoghq.com/api/v2/incidents/config/types
  response:
    body: '{"data":{"id":"64f3b511-c83f-46cd-a07c-0120372df2d1","type":"incident_types","attributes":{"createdAt":"2025-09-05T02:19:19.082876806Z","createdBy":"3ad549bf-eba0-11e9-a77a-0705486660d0","description":"Any
      incidents that harm (or have the potential to) the confidentiality, integrity,
      or availability of our data.","is_default":false,"lastModifiedBy":"3ad549bf-eba0-11e9-a77a-0705486660d0","modifiedAt":"2025-09-05T02:19:19.082876888Z","name":"Security
      Incident","prefix":"IR"},"relationships":{"created_by_user":{"data":{"id":"3ad549bf-eba0-11e9-a77a-0705486660d0","type":"users"}},"google_meet_configuration":{"data":null},"last_modified_by_user":{"data":{"id":"3ad549bf-eba0-11e9-a77a-0705486660d0","type":"users"}},"microsoft_teams_configuration":{"data":null},"zoom_configuration":{"data":null}}}}'
    code: 201
    duration: 0ms
    headers:
      Content-Type:
      - application/vnd.api+json
    status: 201 Created
- request:
    body: |
      {"data":{"attributes":{"category":"alert","content":"Test notification template","name":"Test Template Test-Get_incident_notification_template_returns_OK_response-1757038758","subject":"Test Subject"},"relationships":{"incident_type":{"data":{"id":"64f3b511-c83f-46cd-a07c-0120372df2d1","type":"incident_types"}}},"type":"notification_templates"}}
    form: {}
    headers:
      Accept:
      - application/json
      Content-Type:
      - application/json
    id: 1
    method: POST
    url: https://api.datadoghq.com/api/v2/incidents/config/notification-templates
  response:
    body: '{"data":{"id":"85266d98-836e-4981-84ce-ffd443885b5c","type":"notification_templates","attributes":{"category":"alert","content":"Test
      notification template","created":"2025-09-05T02:19:19.310014Z","modified":"2025-09-05T02:19:19.310014Z","name":"Test
      Template Test-Get_incident_notification_template_returns_OK_response-1757038758","subject":"Test
      Subject"},"relationships":{"created_by_user":{"data":{"id":"3ad549bf-eba0-11e9-a77a-0705486660d0","type":"users"}},"incident_type":{"data":{"id":"64f3b511-c83f-46cd-a07c-0120372df2d1","type":"incident_types"}},"last_modified_by_user":{"data":{"id":"3ad549bf-eba0-11e9-a77a-0705486660d0","type":"users"}}}}}'
    code: 201
    duration: 0ms
    headers:
      Content-Type:
      - application/vnd.api+json
    status: 201 Created
- request:
    body: ''
    form: {}
    headers:
      Accept:
      - application/json
    id: 2
    method: GET
    url: https://api.datadoghq.com/api/v2/incidents/config/notification-templates/85266d98-836e-4981-84ce-ffd443885b5c
  response:
    body: '{"data":{"id":"85266d98-836e-4981-84ce-ffd443885b5c","type":"notification_templates","attributes":{"category":"alert","content":"Test
      notification template","created":"2025-09-05T02:19:19.310014Z","modified":"2025-09-05T02:19:19.310014Z","name":"Test
      Template Test-Get_incident_notification_template_returns_OK_response-1757038758","subject":"Test
      Subject"},"relationships":{"created_by_user":{"data":{"id":"3ad549bf-eba0-11e9-a77a-0705486660d0","type":"users"}},"incident_type":{"data":{"id":"64f3b511-c83f-46cd-a07c-0120372df2d1","type":"incident_types"}},"last_modified_by_user":{"data":{"id":"3ad549bf-eba0-11e9-a77a-0705486660d0","type":"users"}}}}}'
    code: 200
    duration: 0ms
    headers:
      Content-Type:
      - application/vnd.api+json
    status: 200 OK
- request:
    body: ''
    form: {}
    headers:
      Accept:
      - '*/*'
    id: 3
    method: DELETE
    url: https://api.datadoghq.com/api/v2/incidents/config/notification-templates/85266d98-836e-4981-84ce-ffd443885b5c
  response:
    body: ''
    code: 204
    duration: 0ms
    headers: {}
    status: 204 No Content
- request:
    body: ''
    form: {}
    headers:
      Accept:
      - '*/*'
    id: 4
    method: DELETE
    url: https://api.datadoghq.com/api/v2/incidents/config/types/64f3b511-c83f-46cd-a07c-0120372df2d1
  response:
    body: ''
    code: 204
    duration: 0ms
    headers: {}
    status: 204 No Content
version: 2
