interactions:
- request:
    body: |
      {"data":{"attributes":{"customer_impacted":false,"title":"Test-Delete_an_existing_incident_returns_OK_response-1699302328"},"type":"incidents"}}
    form: {}
    headers:
      Accept:
      - application/json
      Content-Type:
      - application/json
    method: POST
    url: https://api.datadoghq.com/api/v2/incidents
  response:
    body: '{"data":{"type":"incidents","id":"e7a955c0-dcf2-553c-a8ae-4fa4908eb5bf","attributes":{"public_id":174806,"incident_type_uuid":null,"title":"Test-Delete_an_existing_incident_returns_OK_response-1699302328","resolved":null,"customer_impact_scope":null,"customer_impact_start":null,"customer_impact_end":null,"customer_impacted":false,"notification_handles":null,"last_modified_by":{"data":{"type":"users","id":"3ad549bf-eba0-11e9-a77a-0705486660d0","attributes":{"uuid":"3ad549bf-eba0-11e9-a77a-0705486660d0","handle":"frog@datadoghq.com","email":"frog@datadoghq.com","name":null,"icon":"https://secure.gravatar.com/avatar/28a16dfe36e73b60c1d55872cb0f1172?s=48&d=retro"}}},"last_modified_by_uuid":null,"created":"2023-11-06T20:25:28.282046+00:00","modified":"2023-11-06T20:25:28.282046+00:00","commander":null,"detected":"2023-11-06T20:25:28.271982+00:00","created_by":{"data":{"type":"users","id":"3ad549bf-eba0-11e9-a77a-0705486660d0","attributes":{"uuid":"3ad549bf-eba0-11e9-a77a-0705486660d0","handle":"frog@datadoghq.com","email":"frog@datadoghq.com","name":null,"icon":"https://secure.gravatar.com/avatar/28a16dfe36e73b60c1d55872cb0f1172?s=48&d=retro"}}},"created_by_uuid":null,"creation_idempotency_key":null,"customer_impact_duration":0,"time_to_detect":0,"time_to_repair":0,"time_to_internal_response":0,"time_to_resolve":0,"archived":null,"fields":{"severity":{"type":"dropdown","value":"UNKNOWN"},"state":{"type":"dropdown","value":"active"},"root_cause":{"type":"textbox","value":null},"detection_method":{"type":"dropdown","value":"unknown"},"services":{"type":"autocomplete","value":null},"teams":{"type":"autocomplete","value":null},"summary":{"type":"textbox","value":null}},"field_analytics":null,"severity":"UNKNOWN","state":"active","non_datadog_creator":null,"visibility":"organization","case_id":null},"relationships":{"created_by_user":{"data":{"type":"users","id":"3ad549bf-eba0-11e9-a77a-0705486660d0"}},"last_modified_by_user":{"data":{"type":"users","id":"3ad549bf-eba0-11e9-a77a-0705486660d0"}},"commander_user":{"data":null},"user_defined_fields":{"data":[{"type":"user_defined_field","id":"ad2b9456-eaec-5bbd-9bae-e502d74e23f8"},{"type":"user_defined_field","id":"299616f7-8acd-5403-886b-991656d6b982"},{"type":"user_defined_field","id":"4148ead2-da45-548e-b6be-8e319bafc425"},{"type":"user_defined_field","id":"66b62f59-48f6-5fee-969a-0886b1db6dcd"},{"type":"user_defined_field","id":"d8a54f16-8b2a-5ab4-87b8-5f0fa575c83e"},{"type":"user_defined_field","id":"623af0a5-f30c-577e-8146-09b8324bdb2d"},{"type":"user_defined_field","id":"ccfc9e6c-f586-58e5-b502-03c466c72e6f"}]},"integrations":{"data":[]},"attachments":{"data":[]},"responders":{"data":[]},"impacts":{"data":[]}}}}

      '
    code: 201
    duration: ''
    headers:
      Content-Type:
      - application/json
    status: 201 Created
- request:
    body: ''
    form: {}
    headers:
      Accept:
      - '*/*'
    method: DELETE
    url: https://api.datadoghq.com/api/v2/incidents/e7a955c0-dcf2-553c-a8ae-4fa4908eb5bf
  response:
    body: ''
    code: 204
    duration: ''
    headers:
      Content-Type:
      - text/html; charset=utf-8
    status: 204 No Content
- request:
    body: ''
    form: {}
    headers:
      Accept:
      - '*/*'
    method: DELETE
    url: https://api.datadoghq.com/api/v2/incidents/e7a955c0-dcf2-553c-a8ae-4fa4908eb5bf
  response:
    body: '{"errors":["incident e7a955c0-dcf2-553c-a8ae-4fa4908eb5bf not found"]}'
    code: 404
    duration: ''
    headers:
      Content-Type:
      - application/json
    status: 404 Not Found
version: 1
