interactions:
- request:
    body: |
      {"data":{"attributes":{"description":"Any incidents that harm (or have the potential to) the confidentiality, integrity, or availability of our data.","is_default":false,"name":"Security Incident"},"type":"incident_types"}}
    form: {}
    headers:
      Accept:
      - application/json
      Content-Type:
      - application/json
    id: 0
    method: POST
    url: https://api.datadoghq.com/api/v2/incidents/config/types
  response:
    body: '{"data":{"id":"107e7ed1-ec07-483f-a723-882ce86702ba","type":"incident_types","attributes":{"createdAt":"2025-09-09T18:32:09.112896114Z","createdBy":"3ad549bf-eba0-11e9-a77a-0705486660d0","description":"Any
      incidents that harm (or have the potential to) the confidentiality, integrity,
      or availability of our data.","is_default":false,"lastModifiedBy":"3ad549bf-eba0-11e9-a77a-0705486660d0","modifiedAt":"2025-09-09T18:32:09.112896213Z","name":"Security
      Incident","prefix":"IR"},"relationships":{"created_by_user":{"data":{"id":"3ad549bf-eba0-11e9-a77a-0705486660d0","type":"users"}},"google_meet_configuration":{"data":null},"last_modified_by_user":{"data":{"id":"3ad549bf-eba0-11e9-a77a-0705486660d0","type":"users"}},"microsoft_teams_configuration":{"data":null},"zoom_configuration":{"data":null}}}}'
    code: 201
    duration: 0ms
    headers:
      Content-Type:
      - application/vnd.api+json
    status: 201 Created
- request:
    body: |
      {"data":{"attributes":{"conditions":[{"field":"severity","values":["SEV-1","SEV-2"]}],"enabled":true,"handles":["@test-email@company.com"],"trigger":"incident_created_trigger","visibility":"organization"},"relationships":{"incident_type":{"data":{"id":"107e7ed1-ec07-483f-a723-882ce86702ba","type":"incident_types"}}},"type":"incident_notification_rules"}}
    form: {}
    headers:
      Accept:
      - application/json
      Content-Type:
      - application/json
    id: 1
    method: POST
    url: https://api.datadoghq.com/api/v2/incidents/config/notification-rules
  response:
    body: '{"data":{"id":"93dada9a-d032-49a4-b445-0673aaebb888","type":"incident_notification_rules","attributes":{"conditions":[{"field":"severity","values":["SEV-1","SEV-2"]}],"created":"2025-09-09T18:32:09.321517146Z","enabled":true,"handles":["@test-email@company.com"],"modified":"2025-09-09T18:32:09.321517146Z","renotify_on":[],"trigger":"incident_created_trigger","visibility":"organization"},"relationships":{"created_by_user":{"data":{"id":"3ad549bf-eba0-11e9-a77a-0705486660d0","type":"users"}},"incident_type":{"data":{"id":"107e7ed1-ec07-483f-a723-882ce86702ba","type":"incident_types"}},"last_modified_by_user":{"data":{"id":"3ad549bf-eba0-11e9-a77a-0705486660d0","type":"users"}}}}}'
    code: 201
    duration: 0ms
    headers:
      Content-Type:
      - application/vnd.api+json
    status: 201 Created
- request:
    body: ''
    form: {}
    headers:
      Accept:
      - '*/*'
    id: 2
    method: DELETE
    url: https://api.datadoghq.com/api/v2/incidents/config/notification-rules/93dada9a-d032-49a4-b445-0673aaebb888
  response:
    body: ''
    code: 204
    duration: 0ms
    headers: {}
    status: 204 No Content
- request:
    body: ''
    form: {}
    headers:
      Accept:
      - '*/*'
    id: 3
    method: DELETE
    url: https://api.datadoghq.com/api/v2/incidents/config/types/107e7ed1-ec07-483f-a723-882ce86702ba
  response:
    body: ''
    code: 204
    duration: 0ms
    headers: {}
    status: 204 No Content
version: 2
