interactions:
- request:
    body: |
      {"data":{"attributes":{"email":"Test-Delete_an_On_Call_email_for_a_missing_email_returns_Not_Found_response-1762961827@datadoghq.com","title":"user title"},"type":"users"}}
    form: {}
    headers:
      Accept:
      - application/json
      Content-Type:
      - application/json
    id: 0
    method: POST
    url: https://api.datadoghq.com/api/v2/users
  response:
    body: '{"data":{"type":"users","id":"72452250-bfdd-11f0-bb7a-1a91fccbd64f","attributes":{"name":null,"handle":"test-delete_an_on_call_email_for_a_missing_email_returns_not_found_response-1762961827@datadoghq.com","created_at":"2025-11-12T15:37:07.429696+00:00","modified_at":"2025-11-12T15:37:07.429696+00:00","email":"test-delete_an_on_call_email_for_a_missing_email_returns_not_found_response-1762961827@datadoghq.com","icon":"https://secure.gravatar.com/avatar/baf7b7d23e8f0bb01a4291b4a70d9fc8?s=48&d=retro","title":"user
      title","verified":false,"service_account":false,"disabled":false,"allowed_login_methods":[],"status":"Pending","last_login_time":null},"relationships":{"roles":{"data":[]},"org":{"data":{"type":"orgs","id":"4dee724d-00cc-11ea-a77b-570c9d03c6c5"}}}}}

      '
    code: 201
    duration: 0ms
    headers:
      Content-Type:
      - application/json
    status: 201 Created
- request:
    body: ''
    form: {}
    headers:
      Accept:
      - '*/*'
    id: 1
    method: DELETE
    url: https://api.datadoghq.com/api/v2/on-call/users/72452250-bfdd-11f0-bb7a-1a91fccbd64f/notification-channels/emails/00000000-0000-0000-0000-000000000000
  response:
    body: '{"errors":[{"status":"404","title":"Not Found","detail":"Email not found"}]}'
    code: 404
    duration: 0ms
    headers:
      Content-Type:
      - application/vnd.api+json
    status: 404 Not Found
- request:
    body: ''
    form: {}
    headers:
      Accept:
      - '*/*'
    id: 2
    method: DELETE
    url: https://api.datadoghq.com/api/v2/users/72452250-bfdd-11f0-bb7a-1a91fccbd64f
  response:
    body: ''
    code: 204
    duration: 0ms
    headers: {}
    status: 204 No Content
version: 2
