interactions:
- request:
    body: |
      {"data":{"attributes":{"email":"Test-Delete_an_application_key_for_this_service_account_returns_No_Content_response-1697094741@datadoghq.com","service_account":true,"title":"user title"},"type":"users"}}
    form: {}
    headers:
      Accept:
      - application/json
      Content-Type:
      - application/json
    method: POST
    url: https://api.datadoghq.com/api/v2/service_accounts
  response:
    body: '{"data":{"type":"users","id":"b0338c3c-68ce-11ee-9dc7-02a9eb8880d8","attributes":{"name":null,"handle":"b0338c3c-68ce-11ee-9dc7-02a9eb8880d8","created_at":"2023-10-12T07:12:22.378427+00:00","modified_at":"2023-10-12T07:12:22.378427+00:00","email":"test-delete_an_application_key_for_this_service_account_returns_no_content_response-1697094741@datadoghq.com","icon":"https://secure.gravatar.com/avatar/ed84f324d81c653aae4b87a2eb517a97?s=48&d=retro","title":"user
      title","verified":true,"service_account":true,"disabled":false,"allowed_login_methods":[],"status":"Active"},"relationships":{"roles":{"data":[]},"org":{"data":{"type":"orgs","id":"4dee724d-00cc-11ea-a77b-570c9d03c6c5"}}}}}

      '
    code: 201
    duration: ''
    headers:
      Content-Type:
      - application/json
    status: 201 Created
- request:
    body: |
      {"data":{"attributes":{"name":"Test-Delete_an_application_key_for_this_service_account_returns_No_Content_response-1697094741"},"type":"application_keys"}}
    form: {}
    headers:
      Accept:
      - application/json
      Content-Type:
      - application/json
    method: POST
    url: https://api.datadoghq.com/api/v2/service_accounts/b0338c3c-68ce-11ee-9dc7-02a9eb8880d8/application_keys
  response:
    body: '{"data":{"type":"application_keys","id":"6a147414-e85c-4b92-829b-fff59f8bd8e0","attributes":{"name":"Test-Delete_an_application_key_for_this_service_account_returns_No_Content_response-1697094741","created_at":"2023-10-12T07:12:22.935154+00:00","last4":"xxxx","key":"xxxxxxxxxxxxxxxxxxxxxxxxxxxxxxxxxxxxxxxx","scopes":null},"relationships":{"owned_by":{"data":{"type":"users","id":"b0338c3c-68ce-11ee-9dc7-02a9eb8880d8"}},"leak_information":{"data":null}}}}'
    code: 201
    duration: ''
    headers:
      Content-Type:
      - application/json
    status: 201 Created
- request:
    body: ''
    form: {}
    headers:
      Accept:
      - '*/*'
    method: DELETE
    url: https://api.datadoghq.com/api/v2/service_accounts/b0338c3c-68ce-11ee-9dc7-02a9eb8880d8/application_keys/6a147414-e85c-4b92-829b-fff59f8bd8e0
  response:
    body: ''
    code: 204
    duration: ''
    headers:
      Content-Type:
      - text/html; charset=utf-8
    status: 204 No Content
- request:
    body: ''
    form: {}
    headers:
      Accept:
      - '*/*'
    method: DELETE
    url: https://api.datadoghq.com/api/v2/service_accounts/b0338c3c-68ce-11ee-9dc7-02a9eb8880d8/application_keys/6a147414-e85c-4b92-829b-fff59f8bd8e0
  response:
    body: '{"errors":["Application key not found"]}'
    code: 404
    duration: ''
    headers:
      Content-Type:
      - application/json
    status: 404 Not Found
- request:
    body: ''
    form: {}
    headers:
      Accept:
      - '*/*'
    method: DELETE
    url: https://api.datadoghq.com/api/v2/users/b0338c3c-68ce-11ee-9dc7-02a9eb8880d8
  response:
    body: ''
    code: 204
    duration: ''
    headers: {}
    status: 204 No Content
version: 1
