interactions:
- request:
    body: |
      {"message":"some message Notify: @hipchat-channel","name":"Test-Check_if_a_monitor_can_be_deleted_returns_OK_response-1633076913","options":{"enable_logs_sample":true,"escalation_message":"the situation has escalated","evaluation_delay":700,"groupby_simple_monitor":true,"include_tags":true,"locked":false,"new_host_delay":600,"no_data_timeframe":null,"notify_audit":false,"notify_no_data":false,"renotify_interval":60,"require_full_window":true,"thresholds":{"critical":2,"warning":1},"timeout_h":24},"priority":3,"query":"logs(\"service:foo AND type:error\").index(\"main\").rollup(\"count\").by(\"source\").last(\"5m\") \u003e 2","tags":["test:testcheckifamonitorcanbedeletedreturnsokresponse1633076913","env:ci"],"type":"log alert"}
    form: {}
    headers:
      Accept:
      - application/json, */*;q=0.8
      Connection:
      - close
      Content-Length:
      - '731'
      Content-Type:
      - application/json
      Host:
      - api.datadoghq.com
      User-Agent:
      - datadog-api-client-typescript/1.0.0-beta.6 (node 14.18.1; os Linux; arch x64)
      X-Datadog-Parent-Id:
      - '4641129135985906005'
      X-Datadog-Trace-Id:
      - '1351933999966401823'
    method: POST
    url: https://api.datadoghq.com/api/v1/monitor
  response:
    body: '{"restricted_roles":null,"tags":["test:testcheckifamonitorcanbedeletedreturnsokresponse1633076913","env:ci"],"deleted":null,"query":"logs(\"service:foo
      AND type:error\").index(\"main\").rollup(\"count\").by(\"source\").last(\"5m\")
      > 2","message":"some message Notify: @hipchat-channel","id":55498399,"multi":true,"name":"Test-Check_if_a_monitor_can_be_deleted_returns_OK_response-1633076913","created":"2021-11-23T19:51:31.942182+00:00","created_at":1637697091000,"creator":{"id":1445416,"handle":"frog@datadoghq.com","name":null,"email":"frog@datadoghq.com"},"org_id":321813,"modified":"2021-11-23T19:51:31.942182+00:00","priority":3,"overall_state_modified":null,"overall_state":"No
      Data","type":"log alert","options":{"notify_audit":false,"locked":false,"timeout_h":24,"renotify_interval":60,"include_tags":true,"no_data_timeframe":null,"silenced":{},"new_host_delay":600,"require_full_window":true,"notify_no_data":false,"enable_logs_sample":true,"groupby_simple_monitor":true,"escalation_message":"the
      situation has escalated","evaluation_delay":700,"thresholds":{"critical":2.0,"warning":1.0}}}'
    code: 200
    duration: ''
    headers:
      Cache-Control:
      - no-cache
      Connection:
      - close
      Content-Length:
      - '1101'
      Content-Security-Policy:
      - frame-ancestors 'self'; report-uri https://api.datadoghq.com/csp-report
      Content-Type:
      - application/json
      Date:
      - Tue, 23 Nov 2021 19:51:31 GMT
      Pragma:
      - no-cache
      Strict-Transport-Security:
      - max-age=15724800;
      Vary:
      - Accept-Encoding
      X-Content-Type-Options:
      - nosniff
      X-Envoy-Upstream-Service-Time:
      - '273'
      X-Frame-Options:
      - SAMEORIGIN
      X-Ratelimit-Limit:
      - '500'
      X-Ratelimit-Period:
      - '10'
      X-Ratelimit-Remaining:
      - '498'
      X-Ratelimit-Reset:
      - '9'
    status: 200 OK
- request:
    body: ''
    form: {}
    headers:
      Accept:
      - application/json, */*;q=0.8
      Connection:
      - close
      Host:
      - api.datadoghq.com
      User-Agent:
      - datadog-api-client-typescript/1.0.0-beta.6 (node 14.18.1; os Linux; arch x64)
      X-Datadog-Parent-Id:
      - '5523881391226054211'
      X-Datadog-Trace-Id:
      - '1351933999966401823'
    method: GET
    url: https://api.datadoghq.com/api/v1/monitor/can_delete?monitor_ids=55498399
  response:
    body: '{"errors":null,"data":{"ok":[55498399]}}'
    code: 200
    duration: ''
    headers:
      Cache-Control:
      - no-cache
      Connection:
      - close
      Content-Length:
      - '40'
      Content-Security-Policy:
      - frame-ancestors 'self'; report-uri https://api.datadoghq.com/csp-report
      Content-Type:
      - application/json
      Date:
      - Tue, 23 Nov 2021 19:51:32 GMT
      Pragma:
      - no-cache
      Strict-Transport-Security:
      - max-age=15724800;
      Vary:
      - Accept-Encoding
      X-Content-Type-Options:
      - nosniff
      X-Envoy-Upstream-Service-Time:
      - '112'
      X-Frame-Options:
      - SAMEORIGIN
      X-Ratelimit-Limit:
      - '12000'
      X-Ratelimit-Period:
      - '60'
      X-Ratelimit-Remaining:
      - '11999'
      X-Ratelimit-Reset:
      - '28'
    status: 200 OK
- request:
    body: ''
    form: {}
    headers:
      Accept:
      - application/json, */*;q=0.8
      Connection:
      - close
      Host:
      - api.datadoghq.com
      User-Agent:
      - datadog-api-client-typescript/1.0.0-beta.6 (node 14.18.1; os Linux; arch x64)
      X-Datadog-Parent-Id:
      - '874060263845689187'
      X-Datadog-Trace-Id:
      - '1351933999966401823'
    method: DELETE
    url: https://api.datadoghq.com/api/v1/monitor/55498399
  response:
    body: '{"deleted_monitor_id":55498399}'
    code: 200
    duration: ''
    headers:
      Cache-Control:
      - no-cache
      Connection:
      - close
      Content-Length:
      - '31'
      Content-Security-Policy:
      - frame-ancestors 'self'; report-uri https://api.datadoghq.com/csp-report
      Content-Type:
      - application/json
      Date:
      - Tue, 23 Nov 2021 19:51:32 GMT
      Pragma:
      - no-cache
      Strict-Transport-Security:
      - max-age=15724800;
      Vary:
      - Accept-Encoding
      X-Content-Type-Options:
      - nosniff
      X-Envoy-Upstream-Service-Time:
      - '174'
      X-Frame-Options:
      - SAMEORIGIN
    status: 200 OK
version: 1
