interactions:
- request:
    body: |
      {"message":"some message Notify: @hipchat-channel","name":"Test-Get_a_monitor_s_details_returns_OK_response-1660586685","options":{"enable_logs_sample":true,"escalation_message":"the situation has escalated","evaluation_delay":700,"groupby_simple_monitor":true,"include_tags":true,"locked":false,"new_host_delay":600,"no_data_timeframe":null,"notify_audit":false,"notify_no_data":false,"on_missing_data":"show_and_notify_no_data","renotify_interval":60,"require_full_window":true,"thresholds":{"critical":2,"warning":1},"timeout_h":24},"priority":3,"query":"logs(\"service:foo AND type:error\").index(\"main\").rollup(\"count\").by(\"source\").last(\"5m\") \u003e 2","tags":["test:testgetamonitorsdetailsreturnsokresponse1660586685","env:ci"],"type":"log alert"}
    form: {}
    headers:
      Accept:
      - application/json
      Content-Type:
      - application/json
    method: POST
    url: https://api.datadoghq.com/api/v1/monitor
  response:
    body: '{"restricted_roles":null,"tags":["test:testgetamonitorsdetailsreturnsokresponse1660586685","env:ci"],"deleted":null,"query":"logs(\"service:foo
      AND type:error\").index(\"main\").rollup(\"count\").by(\"source\").last(\"5m\")
      > 2","message":"some message Notify: @hipchat-channel","id":80119052,"multi":true,"name":"Test-Get_a_monitor_s_details_returns_OK_response-1660586685","created":"2022-08-15T18:04:45.520307+00:00","created_at":1660586685000,"creator":{"id":1445416,"handle":"frog@datadoghq.com","name":null,"email":"frog@datadoghq.com"},"org_id":321813,"modified":"2022-08-15T18:04:45.520307+00:00","priority":3,"overall_state_modified":null,"overall_state":"No
      Data","type":"log alert","options":{"notify_audit":false,"locked":false,"timeout_h":24,"renotify_interval":60,"include_tags":true,"no_data_timeframe":null,"silenced":{},"new_host_delay":600,"on_missing_data":"show_and_notify_no_data","require_full_window":true,"notify_no_data":false,"enable_logs_sample":true,"groupby_simple_monitor":true,"escalation_message":"the
      situation has escalated","evaluation_delay":700,"thresholds":{"critical":2.0,"warning":1.0}}}'
    code: 200
    duration: ''
    headers:
      Content-Type:
      - application/json
    status: 200 OK
- request:
    body: ''
    form: {}
    headers:
      Accept:
      - application/json
    method: GET
    url: https://api.datadoghq.com/api/v1/monitor/80119052
  response:
    body: '{"restricted_roles":null,"tags":["test:testgetamonitorsdetailsreturnsokresponse1660586685","env:ci"],"deleted":null,"query":"logs(\"service:foo
      AND type:error\").index(\"main\").rollup(\"count\").by(\"source\").last(\"5m\")
      > 2","message":"some message Notify: @hipchat-channel","id":80119052,"multi":true,"name":"Test-Get_a_monitor_s_details_returns_OK_response-1660586685","created":"2022-08-15T18:04:45.520307+00:00","created_at":1660586685000,"creator":{"id":1445416,"handle":"frog@datadoghq.com","name":null,"email":"frog@datadoghq.com"},"org_id":321813,"modified":"2022-08-15T18:04:45.520307+00:00","priority":3,"overall_state_modified":null,"overall_state":"No
      Data","type":"log alert","options":{"notify_audit":false,"locked":false,"timeout_h":24,"renotify_interval":60,"include_tags":true,"no_data_timeframe":null,"silenced":{},"new_host_delay":600,"on_missing_data":"show_and_notify_no_data","require_full_window":true,"notify_no_data":false,"enable_logs_sample":true,"groupby_simple_monitor":true,"escalation_message":"the
      situation has escalated","evaluation_delay":700,"thresholds":{"critical":2.0,"warning":1.0}}}'
    code: 200
    duration: ''
    headers:
      Content-Type:
      - application/json
    status: 200 OK
- request:
    body: ''
    form: {}
    headers:
      Accept:
      - application/json
    method: DELETE
    url: https://api.datadoghq.com/api/v1/monitor/80119052
  response:
    body: '{"deleted_monitor_id":80119052}'
    code: 200
    duration: ''
    headers:
      Content-Type:
      - application/json
    status: 200 OK
version: 1
