interactions:
- request:
    body: |
      {"message":"some message Notify: @hipchat-channel","name":"Test-Edit_a_monitor_returns_OK_response-1633076915","options":{"enable_logs_sample":true,"escalation_message":"the situation has escalated","evaluation_delay":700,"groupby_simple_monitor":true,"include_tags":true,"locked":false,"new_host_delay":600,"no_data_timeframe":null,"notify_audit":false,"notify_no_data":false,"renotify_interval":60,"require_full_window":true,"thresholds":{"critical":2,"warning":1},"timeout_h":60},"priority":3,"query":"logs(\"service:foo AND type:error\").index(\"main\").rollup(\"count\").by(\"source\").last(\"5m\") \u003e 2","tags":["test:testeditamonitorreturnsokresponse1633076915","env:ci"],"type":"log alert"}
    form: {}
    headers:
      Accept:
      - application/json, */*;q=0.8
      Connection:
      - close
      Content-Length:
      - '697'
      Content-Type:
      - application/json
      Host:
      - api.datadoghq.com
      User-Agent:
      - datadog-api-client-typescript/1.0.0-beta.5 (node 14.18.0; os Linux; arch x64)
      X-Datadog-Parent-Id:
      - '4613119992128079154'
      X-Datadog-Trace-Id:
      - '5723698348604905929'
    method: POST
    url: https://api.datadoghq.com/api/v1/monitor
  response:
    body: '{"restricted_roles":null,"tags":["test:testeditamonitorreturnsokresponse1633076915","env:ci"],"deleted":null,"query":"logs(\"service:foo
      AND type:error\").index(\"main\").rollup(\"count\").by(\"source\").last(\"5m\")
      > 2","message":"some message Notify: @hipchat-channel","id":48053795,"multi":true,"name":"Test-Edit_a_monitor_returns_OK_response-1633076915","created":"2021-10-01T08:28:35.586804+00:00","created_at":1633076915000,"creator":{"id":1445416,"handle":"frog@datadoghq.com","name":null,"email":"frog@datadoghq.com"},"org_id":321813,"modified":"2021-10-01T08:28:35.586804+00:00","priority":3,"overall_state_modified":null,"overall_state":"No
      Data","type":"log alert","options":{"notify_audit":false,"locked":false,"timeout_h":60,"renotify_interval":60,"include_tags":true,"no_data_timeframe":null,"silenced":{},"new_host_delay":600,"require_full_window":true,"notify_no_data":false,"enable_logs_sample":true,"groupby_simple_monitor":true,"escalation_message":"the
      situation has escalated","evaluation_delay":700,"thresholds":{"critical":2.0,"warning":1.0}}}'
    code: 200
    duration: ''
    headers:
      Cache-Control:
      - no-cache
      Connection:
      - close
      Content-Length:
      - '1067'
      Content-Security-Policy:
      - frame-ancestors 'self'; report-uri https://api.datadoghq.com/csp-report
      Content-Type:
      - application/json
      Date:
      - Fri, 01 Oct 2021 08:28:35 GMT
      Pragma:
      - no-cache
      Strict-Transport-Security:
      - max-age=15724800;
      Vary:
      - Accept-Encoding
      X-Content-Type-Options:
      - nosniff
      X-Frame-Options:
      - SAMEORIGIN
      X-Ratelimit-Limit:
      - '500'
      X-Ratelimit-Period:
      - '10'
      X-Ratelimit-Remaining:
      - '496'
      X-Ratelimit-Reset:
      - '5'
    status: 200 OK
- request:
    body: |
      {"name":"Test-Edit_a_monitor_returns_OK_response-1633076915-updated","options":{"evaluation_delay":null,"new_group_delay":600,"new_host_delay":null,"renotify_interval":null,"thresholds":{"critical":2,"warning":null},"timeout_h":null}}
    form: {}
    headers:
      Accept:
      - application/json, */*;q=0.8
      Connection:
      - close
      Content-Length:
      - '234'
      Content-Type:
      - application/json
      Host:
      - api.datadoghq.com
      User-Agent:
      - datadog-api-client-typescript/1.0.0-beta.5 (node 14.18.0; os Linux; arch x64)
      X-Datadog-Parent-Id:
      - '45894479851593121'
      X-Datadog-Trace-Id:
      - '5723698348604905929'
    method: PUT
    url: https://api.datadoghq.com/api/v1/monitor/48053795
  response:
    body: '{"restricted_roles":null,"tags":["test:testeditamonitorreturnsokresponse1633076915","env:ci"],"deleted":null,"query":"logs(\"service:foo
      AND type:error\").index(\"main\").rollup(\"count\").by(\"source\").last(\"5m\")
      > 2","message":"some message Notify: @hipchat-channel","id":48053795,"multi":true,"name":"Test-Edit_a_monitor_returns_OK_response-1633076915-updated","created":"2021-10-01T08:28:35.586804+00:00","created_at":1633076915000,"org_id":321813,"modified":"2021-10-01T08:28:35.888102+00:00","priority":3,"overall_state_modified":null,"overall_state":"No
      Data","type":"log alert","options":{"notify_audit":false,"locked":false,"timeout_h":null,"silenced":{},"include_tags":true,"thresholds":{"critical":2.0},"new_host_delay":null,"notify_no_data":false,"renotify_interval":null,"groupby_simple_monitor":false,"new_group_delay":600,"evaluation_delay":null}}'
    code: 200
    duration: ''
    headers:
      Cache-Control:
      - no-cache
      Connection:
      - close
      Content-Length:
      - '865'
      Content-Security-Policy:
      - frame-ancestors 'self'; report-uri https://api.datadoghq.com/csp-report
      Content-Type:
      - application/json
      Date:
      - Fri, 01 Oct 2021 08:28:35 GMT
      Pragma:
      - no-cache
      Strict-Transport-Security:
      - max-age=15724800;
      Vary:
      - Accept-Encoding
      X-Content-Type-Options:
      - nosniff
      X-Frame-Options:
      - SAMEORIGIN
      X-Ratelimit-Limit:
      - '500'
      X-Ratelimit-Period:
      - '10'
      X-Ratelimit-Remaining:
      - '499'
      X-Ratelimit-Reset:
      - '5'
    status: 200 OK
- request:
    body: ''
    form: {}
    headers:
      Accept:
      - application/json, */*;q=0.8
      Connection:
      - close
      Host:
      - api.datadoghq.com
      User-Agent:
      - datadog-api-client-typescript/1.0.0-beta.5 (node 14.18.0; os Linux; arch x64)
      X-Datadog-Parent-Id:
      - '3973642091814851371'
      X-Datadog-Trace-Id:
      - '5723698348604905929'
    method: DELETE
    url: https://api.datadoghq.com/api/v1/monitor/48053795
  response:
    body: '{"deleted_monitor_id":48053795}'
    code: 200
    duration: ''
    headers:
      Cache-Control:
      - no-cache
      Connection:
      - close
      Content-Length:
      - '31'
      Content-Security-Policy:
      - frame-ancestors 'self'; report-uri https://api.datadoghq.com/csp-report
      Content-Type:
      - application/json
      Date:
      - Fri, 01 Oct 2021 08:28:36 GMT
      Pragma:
      - no-cache
      Strict-Transport-Security:
      - max-age=15724800;
      Vary:
      - Accept-Encoding
      X-Content-Type-Options:
      - nosniff
      X-Frame-Options:
      - SAMEORIGIN
    status: 200 OK
version: 1
