interactions:
- request:
    body: |
      {"type":"metric","name":"Test-Create_an_SLO_correction_with_rrule_returns_OK_response-1639743385","thresholds":[{"timeframe":"7d","target":95,"warning":98}],"query":{"numerator":"sum:httpservice.hits{code:2xx}.as_count()","denominator":"sum:httpservice.hits{!code:3xx}.as_count()"}}
    form: {}
    headers:
      Accept:
      - '*/*'
      Connection:
      - close
      Content-Length:
      - '282'
      Content-Type:
      - application/json
      Host:
      - api.datadoghq.com
      User-Agent:
      - datadog-api-spec/scripts/bdd-runner
      X-Datadog-Parent-Id:
      - '3729009635577237746'
      X-Datadog-Trace-Id:
      - '8219685026969935586'
    method: POST
    url: https://api.datadoghq.com/api/v1/slo
  response:
    body: '{"data":[{"description":"","monitor_tags":[],"creator":{"handle":"frog@datadoghq.com","name":null,"email":"frog@datadoghq.com"},"thresholds":[{"warning":98.0,"warning_display":"98.","target":95.0,"target_display":"95.","timeframe":"7d"}],"type_id":1,"query":{"denominator":"sum:httpservice.hits{!code:3xx}.as_count()","numerator":"sum:httpservice.hits{code:2xx}.as_count()"},"id":"46be908d1c20577181e3813c64b21f8b","name":"Test-Create_an_SLO_correction_with_rrule_returns_OK_response-1639743385","created_at":1639743385,"tags":[],"modified_at":1639743385,"type":"metric"}],"error":null}'
    code: 200
    duration: ''
    headers:
      Cache-Control:
      - no-cache
      Connection:
      - close
      Content-Length:
      - '586'
      Content-Security-Policy:
      - frame-ancestors 'self'; report-uri https://api.datadoghq.com/csp-report
      Content-Type:
      - application/json
      Date:
      - Fri, 17 Dec 2021 12:16:25 GMT
      Pragma:
      - no-cache
      Strict-Transport-Security:
      - max-age=15724800;
      Vary:
      - Accept-Encoding
      X-Content-Type-Options:
      - nosniff
      X-Frame-Options:
      - SAMEORIGIN
      X-Ratelimit-Limit:
      - '500'
      X-Ratelimit-Period:
      - '60'
      X-Ratelimit-Remaining:
      - '491'
      X-Ratelimit-Reset:
      - '35'
    status: 200 OK
- request:
    body: |
      {"data":{"attributes":{"category":"Scheduled Maintenance","description":"Test-Create_an_SLO_correction_with_rrule_returns_OK_response-1639743385","slo_id":"46be908d1c20577181e3813c64b21f8b","start":1639743385,"duration":3600,"rrule":"FREQ=DAILY;INTERVAL=10;COUNT=5","timezone":"UTC"},"type":"correction"}}
    form: {}
    headers:
      Accept:
      - '*/*'
      Connection:
      - close
      Content-Length:
      - '305'
      Content-Type:
      - application/json
      Host:
      - api.datadoghq.com
      User-Agent:
      - datadog-api-spec/scripts/bdd-runner
      X-Datadog-Parent-Id:
      - '3632968826683753223'
      X-Datadog-Trace-Id:
      - '8219685026969935586'
    method: POST
    url: https://api.datadoghq.com/api/v1/slo/correction
  response:
    body: '{"data":{"type":"correction","id":"27b98c58-5f33-11ec-ae1f-da7ad0900002","attributes":{"slo_id":"46be908d1c20577181e3813c64b21f8b","start":1639743385,"end":null,"description":"Test-Create_an_SLO_correction_with_rrule_returns_OK_response-1639743385","category":"Scheduled
      Maintenance","timezone":"UTC","created_at":null,"modified_at":null,"rrule":"FREQ=DAILY;INTERVAL=10;COUNT=5","duration":3600,"creator":{"data":{"type":"users","id":"3ad549bf-eba0-11e9-a77a-0705486660d0","attributes":{"uuid":"3ad549bf-eba0-11e9-a77a-0705486660d0","handle":"frog@datadoghq.com","email":"frog@datadoghq.com","name":null,"icon":"https://secure.gravatar.com/avatar/28a16dfe36e73b60c1d55872cb0f1172?s=48&d=retro"}}},"modifier":null}}}'
    code: 200
    duration: ''
    headers:
      Cache-Control:
      - no-cache
      Connection:
      - close
      Content-Length:
      - '715'
      Content-Security-Policy:
      - frame-ancestors 'self'; report-uri https://api.datadoghq.com/csp-report
      Content-Type:
      - application/json
      Date:
      - Fri, 17 Dec 2021 12:16:25 GMT
      Pragma:
      - no-cache
      Strict-Transport-Security:
      - max-age=15724800;
      Vary:
      - Accept-Encoding
      X-Content-Type-Options:
      - nosniff
      X-Frame-Options:
      - SAMEORIGIN
      X-Ratelimit-Limit:
      - '12000'
      X-Ratelimit-Period:
      - '60'
      X-Ratelimit-Remaining:
      - '11995'
      X-Ratelimit-Reset:
      - '35'
    status: 200 OK
- request:
    body: ''
    form: {}
    headers:
      Accept:
      - '*/*'
      Connection:
      - close
      Host:
      - api.datadoghq.com
      User-Agent:
      - datadog-api-spec/scripts/bdd-runner
      X-Datadog-Parent-Id:
      - '4668718253924653912'
      X-Datadog-Trace-Id:
      - '8219685026969935586'
    method: DELETE
    url: https://api.datadoghq.com/api/v1/slo/correction/27b98c58-5f33-11ec-ae1f-da7ad0900002
  response:
    body: ''
    code: 204
    duration: ''
    headers:
      Cache-Control:
      - no-cache
      Connection:
      - close
      Content-Security-Policy:
      - frame-ancestors 'self'; report-uri https://api.datadoghq.com/csp-report
      Date:
      - Fri, 17 Dec 2021 12:16:25 GMT
      Pragma:
      - no-cache
      Strict-Transport-Security:
      - max-age=15724800;
      Vary:
      - Accept-Encoding
      X-Content-Type-Options:
      - nosniff
      X-Frame-Options:
      - SAMEORIGIN
      X-Ratelimit-Limit:
      - '12000'
      X-Ratelimit-Period:
      - '60'
      X-Ratelimit-Remaining:
      - '11993'
      X-Ratelimit-Reset:
      - '35'
    status: 204 No Content
- request:
    body: ''
    form: {}
    headers:
      Accept:
      - '*/*'
      Connection:
      - close
      Host:
      - api.datadoghq.com
      User-Agent:
      - datadog-api-spec/scripts/bdd-runner
      X-Datadog-Parent-Id:
      - '5544895614048064428'
      X-Datadog-Trace-Id:
      - '8219685026969935586'
    method: DELETE
    url: https://api.datadoghq.com/api/v1/slo/46be908d1c20577181e3813c64b21f8b
  response:
    body: '{"data":["46be908d1c20577181e3813c64b21f8b"],"error":null}'
    code: 200
    duration: ''
    headers:
      Cache-Control:
      - no-cache
      Connection:
      - close
      Content-Length:
      - '58'
      Content-Security-Policy:
      - frame-ancestors 'self'; report-uri https://api.datadoghq.com/csp-report
      Content-Type:
      - application/json
      Date:
      - Fri, 17 Dec 2021 12:16:25 GMT
      Pragma:
      - no-cache
      Strict-Transport-Security:
      - max-age=15724800;
      Vary:
      - Accept-Encoding
      X-Content-Type-Options:
      - nosniff
      X-Frame-Options:
      - SAMEORIGIN
      X-Ratelimit-Limit:
      - '3000'
      X-Ratelimit-Period:
      - '10'
      X-Ratelimit-Remaining:
      - '2999'
      X-Ratelimit-Reset:
      - '5'
    status: 200 OK
version: 1
