---
version: 1
interactions:
- request:
    body: |
      {"name":"go-client-test-v2-1582305177"}
    form: {}
    headers:
      Accept:
      - application/json
      Content-Type:
      - application/json
      User-Agent:
      - DataDog/0.1.0/go-experimental
    url: https://api.datadoghq.com/api/v1/dashboard/lists/manual
    method: POST
  response:
    body: '{"is_favorite":false,"name":"go-client-test-v2-1582305177","dashboard_count":0,"author":{"handle":"nicholas.muesch@datadoghq.com","name":"Nicholas
      Muesch"},"created":"2020-02-21T17:12:57.785003+00:00","type":"manual_dashboard_list","dashboards":null,"modified":"2020-02-21T17:12:57.785021+00:00","id":81294}'
    headers:
      Cache-Control:
      - no-cache
      Connection:
      - keep-alive
      Content-Security-Policy:
      - frame-ancestors 'self'; report-uri https://api.datadoghq.com/csp-report
      Content-Type:
      - application/json
      Date:
      - Fri, 21 Feb 2020 17:12:57 GMT
      Dd-Pool:
      - dogweb
      Pragma:
      - no-cache
      Set-Cookie:
      - DD-PSHARD=233; Max-Age=604800; Path=/; expires=Fri, 28-Feb-2020 17:12:57 GMT;
        secure; HttpOnly
      Strict-Transport-Security:
      - max-age=15724800;
      Vary:
      - Accept-Encoding
      X-Content-Type-Options:
      - nosniff
      X-Dd-Debug:
      - JbIYRXbRMsAVaKGy+d2H1ud8Z295ghodOPi6eELPzhmBKrZI3+dlseyrUY1cqOAd
      X-Dd-Version:
      - "35.2200256"
      X-Frame-Options:
      - SAMEORIGIN
    status: 200 OK
    code: 200
    duration: ""
- request:
    body: |
      {"dashboards":[{"id":"1","type":"integration_timeboard"},{"id":"q5j-nti-fv6","type":"custom_timeboard"},{"id":"4n7-s4g-dqv","type":"custom_screenboard"}]}
    form: {}
    headers:
      Accept:
      - application/json
      Content-Type:
      - application/json
      User-Agent:
      - DataDog/0.1.0/go-experimental
    url: https://api.datadoghq.com/api/v2/dashboard/lists/manual/81294/dashboards
    method: POST
  response:
    body: '{"added_dashboards_to_list":[{"type":"custom_timeboard","id":"q5j-nti-fv6"},{"type":"custom_screenboard","id":"4n7-s4g-dqv"},{"type":"integration_timeboard","id":"1"}]}'
    headers:
      Cache-Control:
      - no-cache
      Connection:
      - keep-alive
      Content-Security-Policy:
      - frame-ancestors 'self'; report-uri https://api.datadoghq.com/csp-report
      Content-Type:
      - application/json
      Date:
      - Fri, 21 Feb 2020 17:12:58 GMT
      Dd-Pool:
      - dogweb
      Pragma:
      - no-cache
      Set-Cookie:
      - DD-PSHARD=233; Max-Age=604800; Path=/; expires=Fri, 28-Feb-2020 17:12:57 GMT;
        secure; HttpOnly
      Strict-Transport-Security:
      - max-age=15724800;
      Vary:
      - Accept-Encoding
      X-Content-Type-Options:
      - nosniff
      X-Dd-Debug:
      - btzHvL7Rg/f/n1wMP2CFVXsuErrwOO9p2hvsBofLQbxzRkmZbfvXcB18pURNtIOI
      X-Dd-Version:
      - "35.2200256"
      X-Frame-Options:
      - SAMEORIGIN
    status: 200 OK
    code: 200
    duration: ""
- request:
    body: |
      {"dashboards":[{"id":"1","type":"integration_timeboard"},{"id":"q5j-nti-fv6","type":"custom_timeboard"},{"id":"4n7-s4g-dqv","type":"custom_screenboard"}]}
    form: {}
    headers:
      Accept:
      - application/json
      Content-Type:
      - application/json
      User-Agent:
      - DataDog/0.1.0/go-experimental
    url: https://api.datadoghq.com/api/v2/dashboard/lists/manual/81294/dashboards
    method: DELETE
  response:
    body: '{"deleted_dashboards_from_list":[{"type":"integration_timeboard","id":"1"},{"type":"custom_timeboard","id":"q5j-nti-fv6"},{"type":"custom_screenboard","id":"4n7-s4g-dqv"}]}'
    headers:
      Cache-Control:
      - no-cache
      Connection:
      - keep-alive
      Content-Security-Policy:
      - frame-ancestors 'self'; report-uri https://api.datadoghq.com/csp-report
      Content-Type:
      - application/json
      Date:
      - Fri, 21 Feb 2020 17:12:58 GMT
      Dd-Pool:
      - dogweb
      Pragma:
      - no-cache
      Set-Cookie:
      - DD-PSHARD=233; Max-Age=604800; Path=/; expires=Fri, 28-Feb-2020 17:12:58 GMT;
        secure; HttpOnly
      Strict-Transport-Security:
      - max-age=15724800;
      Vary:
      - Accept-Encoding
      X-Content-Type-Options:
      - nosniff
      X-Dd-Debug:
      - F11u7JCZTPrHz8VfzL5YeXThxcQSR6CdLGgk2tF52+EbYWhXciN8nv9vA8oQ9C9A
      X-Dd-Version:
      - "35.2200256"
      X-Frame-Options:
      - SAMEORIGIN
    status: 200 OK
    code: 200
    duration: ""
- request:
    body: ""
    form: {}
    headers:
      Accept:
      - application/json
      User-Agent:
      - DataDog/0.1.0/go-experimental
    url: https://api.datadoghq.com/api/v2/dashboard/lists/manual/81294/dashboards
    method: GET
  response:
    body: '{"total":0,"dashboards":[]}'
    headers:
      Cache-Control:
      - no-cache
      Connection:
      - keep-alive
      Content-Security-Policy:
      - frame-ancestors 'self'; report-uri https://api.datadoghq.com/csp-report
      Content-Type:
      - application/json
      Date:
      - Fri, 21 Feb 2020 17:12:58 GMT
      Dd-Pool:
      - dogweb
      Pragma:
      - no-cache
      Set-Cookie:
      - DD-PSHARD=233; Max-Age=604800; Path=/; expires=Fri, 28-Feb-2020 17:12:58 GMT;
        secure; HttpOnly
      Strict-Transport-Security:
      - max-age=15724800;
      Vary:
      - Accept-Encoding
      X-Content-Type-Options:
      - nosniff
      X-Dd-Debug:
      - aiFdvD+ESSGWQuLeXGShIAaySBrTSq6aZf+crfPnDVFrMRUU9f0HobLUCBopvakz
      X-Dd-Version:
      - "35.2200256"
      X-Frame-Options:
      - SAMEORIGIN
    status: 200 OK
    code: 200
    duration: ""
- request:
    body: |
      {"dashboards":[{"id":"1","type":"integration_timeboard"},{"id":"q5j-nti-fv6","type":"custom_timeboard"},{"id":"4n7-s4g-dqv","type":"custom_screenboard"}]}
    form: {}
    headers:
      Accept:
      - application/json
      Content-Type:
      - application/json
      User-Agent:
      - DataDog/0.1.0/go-experimental
    url: https://api.datadoghq.com/api/v2/dashboard/lists/manual/81294/dashboards
    method: PUT
  response:
    body: '{"dashboards":[{"type":"custom_timeboard","id":"q5j-nti-fv6"},{"type":"custom_screenboard","id":"4n7-s4g-dqv"},{"type":"integration_timeboard","id":"1"}]}'
    headers:
      Cache-Control:
      - no-cache
      Connection:
      - keep-alive
      Content-Security-Policy:
      - frame-ancestors 'self'; report-uri https://api.datadoghq.com/csp-report
      Content-Type:
      - application/json
      Date:
      - Fri, 21 Feb 2020 17:12:58 GMT
      Dd-Pool:
      - dogweb
      Pragma:
      - no-cache
      Set-Cookie:
      - DD-PSHARD=233; Max-Age=604800; Path=/; expires=Fri, 28-Feb-2020 17:12:58 GMT;
        secure; HttpOnly
      Strict-Transport-Security:
      - max-age=15724800;
      Vary:
      - Accept-Encoding
      X-Content-Type-Options:
      - nosniff
      X-Dd-Debug:
      - yqCkAb2Y8/4OgTSGYvedTl/k5gsPukDI7OLTlGSm9adIbRDVlGb00Ve5DDv9ImFD
      X-Dd-Version:
      - "35.2200256"
      X-Frame-Options:
      - SAMEORIGIN
    status: 200 OK
    code: 200
    duration: ""
- request:
    body: |
      {"dashboards":[{"id":"1","type":"integration_timeboard"},{"id":"q5j-nti-fv6","type":"custom_timeboard"}]}
    form: {}
    headers:
      Accept:
      - application/json
      Content-Type:
      - application/json
      User-Agent:
      - DataDog/0.1.0/go-experimental
    url: https://api.datadoghq.com/api/v2/dashboard/lists/manual/81294/dashboards
    method: DELETE
  response:
    body: '{"deleted_dashboards_from_list":[{"type":"integration_timeboard","id":"1"},{"type":"custom_timeboard","id":"q5j-nti-fv6"}]}'
    headers:
      Cache-Control:
      - no-cache
      Connection:
      - keep-alive
      Content-Security-Policy:
      - frame-ancestors 'self'; report-uri https://api.datadoghq.com/csp-report
      Content-Type:
      - application/json
      Date:
      - Fri, 21 Feb 2020 17:12:58 GMT
      Dd-Pool:
      - dogweb
      Pragma:
      - no-cache
      Set-Cookie:
      - DD-PSHARD=233; Max-Age=604800; Path=/; expires=Fri, 28-Feb-2020 17:12:58 GMT;
        secure; HttpOnly
      Strict-Transport-Security:
      - max-age=15724800;
      Vary:
      - Accept-Encoding
      X-Content-Type-Options:
      - nosniff
      X-Dd-Debug:
      - gH++OYwf8a2QZXnzDsHHnXqPhHbI48oqNvFjE/0p0ObpMBY4290QCI5SB0tU0MAF
      X-Dd-Version:
      - "35.2200256"
      X-Frame-Options:
      - SAMEORIGIN
    status: 200 OK
    code: 200
    duration: ""
- request:
    body: ""
    form: {}
    headers:
      Accept:
      - application/json
      User-Agent:
      - DataDog/0.1.0/go-experimental
    url: https://api.datadoghq.com/api/v2/dashboard/lists/manual/81294/dashboards
    method: GET
  response:
    body: '{"total":1,"dashboards":[{"popularity":5,"title":"For dashboard list tests
      - DO NOT DELETE","is_favorite":false,"id":"4n7-s4g-dqv","icon":null,"is_shared":true,"author":{"handle":"hippolyte.henry@datadoghq.com","name":"Hippolyte
      Henry"},"url":"/dashboard/4n7-s4g-dqv/for-dashboard-list-tests---do-not-delete","created":"2020-02-11T13:49:29.547768+00:00","modified":"2020-02-12T10:32:07.989172+00:00","is_read_only":true,"type":"custom_screenboard"}]}'
    headers:
      Cache-Control:
      - no-cache
      Connection:
      - keep-alive
      Content-Security-Policy:
      - frame-ancestors 'self'; report-uri https://api.datadoghq.com/csp-report
      Content-Type:
      - application/json
      Date:
      - Fri, 21 Feb 2020 17:12:58 GMT
      Dd-Pool:
      - dogweb
      Pragma:
      - no-cache
      Set-Cookie:
      - DD-PSHARD=233; Max-Age=604800; Path=/; expires=Fri, 28-Feb-2020 17:12:58 GMT;
        secure; HttpOnly
      Strict-Transport-Security:
      - max-age=15724800;
      Vary:
      - Accept-Encoding
      X-Content-Type-Options:
      - nosniff
      X-Dd-Debug:
      - hlZGwPPL87Cire+2SDWJrcKtg5ChXKBaVFmtHdrZS+BoDfdo10256wfXrEDRUv8c
      X-Dd-Version:
      - "35.2200256"
      X-Frame-Options:
      - SAMEORIGIN
    status: 200 OK
    code: 200
    duration: ""
- request:
    body: ""
    form: {}
    headers:
      Accept:
      - application/json
      User-Agent:
      - DataDog/0.1.0/go-experimental
    url: https://api.datadoghq.com/api/v1/dashboard/lists/manual/81294
    method: DELETE
  response:
    body: '{"deleted_dashboard_list_id":81294}'
    headers:
      Cache-Control:
      - no-cache
      Connection:
      - keep-alive
      Content-Security-Policy:
      - frame-ancestors 'self'; report-uri https://api.datadoghq.com/csp-report
      Content-Type:
      - application/json
      Date:
      - Fri, 21 Feb 2020 17:13:01 GMT
      Dd-Pool:
      - dogweb
      Pragma:
      - no-cache
      Set-Cookie:
      - DD-PSHARD=233; Max-Age=604800; Path=/; expires=Fri, 28-Feb-2020 17:12:59 GMT;
        secure; HttpOnly
      Strict-Transport-Security:
      - max-age=15724800;
      Vary:
      - Accept-Encoding
      X-Content-Type-Options:
      - nosniff
      X-Dd-Debug:
      - F2g1vP9i37Cj4rH5vEufbSNzCmriMTDVzKKqVk/JOUesbIz8psR3R2945wO0PbTf
      X-Dd-Version:
      - "35.2200256"
      X-Frame-Options:
      - SAMEORIGIN
    status: 200 OK
    code: 200
    duration: ""
