---
version: 1
interactions:
- request:
    body: '{"ddsource": "go-client-test-go-TestLogsListGet-local-1596095640", "ddtags":
      "go,test,list", "hostname": "go-TestLogsListGet-local-1596095640", "message":
      "{\"timestamp\": 1596094640000, \"message\": \"test-log-list-1 go-TestLogsListGet-local-1596095640\"}"}'
    form: {}
    headers:
      Content-Type:
      - application/json
      X-Datadog-Parent-Id:
      - "1845233542173686602"
      X-Datadog-Sampling-Priority:
      - "1"
      X-Datadog-Trace-Id:
      - "1845233542173686602"
    url: https://http-intake.logs.datadoghq.com/v1/input
    method: POST
  response:
    body: '{}'
    headers:
      Content-Length:
      - "2"
      Content-Type:
      - application/json
      Date:
      - Thu, 30 Jul 2020 07:54:00 GMT
    status: 200 OK
    code: 200
    duration: ""
- request:
    body: '{"ddsource": "go-client-test-go-TestLogsListGet-local-1596095640", "ddtags":
      "go,test,list", "hostname": "go-TestLogsListGet-local-1596095640", "message":
      "{\"timestamp\": 1596095639000, \"message\": \"test-log-list-2 go-TestLogsListGet-local-1596095640\"}"}'
    form: {}
    headers:
      Content-Type:
      - application/json
      X-Datadog-Parent-Id:
      - "2681008614366762698"
      X-Datadog-Sampling-Priority:
      - "1"
      X-Datadog-Trace-Id:
      - "2681008614366762698"
    url: https://http-intake.logs.datadoghq.com/v1/input
    method: POST
  response:
    body: '{}'
    headers:
      Content-Length:
      - "2"
      Content-Type:
      - application/json
      Date:
      - Thu, 30 Jul 2020 07:54:01 GMT
    status: 200 OK
    code: 200
    duration: ""
- request:
    body: ""
    form: {}
    headers:
      Accept:
      - application/json
      Dd-Operation-Id:
      - ListLogsGet
      User-Agent:
      - datadog-api-client-go/1.0.0-beta.8+dev (go go1.13; os darwin; arch amd64)
      X-Datadog-Parent-Id:
      - "2065711943804522603"
      X-Datadog-Sampling-Priority:
      - "1"
      X-Datadog-Trace-Id:
      - "5276504973479947696"
    url: https://api.datadoghq.com/api/v2/logs/events?filter%5Bfrom%5D=2020-07-30T07%3A54%3A00%2B02%3A00&filter%5Bquery%5D=go-TestLogsListGet-local-1596095640&filter%5Bto%5D=2020-07-30T11%3A54%3A00%2B02%3A00
    method: GET
  response:
    body: '{"data":[]}'
    headers:
      Cache-Control:
      - no-cache
      Connection:
      - keep-alive
      Content-Length:
      - "11"
      Content-Type:
      - application/json
      Date:
      - Thu, 30 Jul 2020 07:54:01 GMT
      Dd-Pool:
      - dogweb
      Pragma:
      - no-cache
      Set-Cookie:
      - DD-PSHARD=233; Max-Age=604800; Path=/; expires=Thu, 06-Aug-2020 07:54:01 GMT;
        secure; HttpOnly
      Strict-Transport-Security:
      - max-age=15724800;
      X-Content-Type-Options:
      - nosniff
      X-Dd-Debug:
      - R0beO4h6/f2M1++6BNzER6ZK4scghFnY4EoO2QcVo0FjTt0lot/AyMJHtIfSMRA7
      X-Dd-Version:
      - "35.2805623"
      X-Frame-Options:
      - SAMEORIGIN
      X-Ratelimit-Limit:
      - "300"
      X-Ratelimit-Period:
      - "3600"
      X-Ratelimit-Remaining:
      - "288"
      X-Ratelimit-Reset:
      - "359"
    status: 200 OK
    code: 200
    duration: ""
- request:
    body: ""
    form: {}
    headers:
      Accept:
      - application/json
      Dd-Operation-Id:
      - ListLogsGet
      User-Agent:
      - datadog-api-client-go/1.0.0-beta.8+dev (go go1.13; os darwin; arch amd64)
      X-Datadog-Parent-Id:
      - "9003348952587658126"
      X-Datadog-Sampling-Priority:
      - "1"
      X-Datadog-Trace-Id:
      - "5276504973479947696"
    url: https://api.datadoghq.com/api/v2/logs/events?filter%5Bfrom%5D=2020-07-30T07%3A54%3A00%2B02%3A00&filter%5Bquery%5D=go-TestLogsListGet-local-1596095640&filter%5Bto%5D=2020-07-30T11%3A54%3A00%2B02%3A00
    method: GET
  response:
    body: '{"data":[]}'
    headers:
      Cache-Control:
      - no-cache
      Connection:
      - keep-alive
      Content-Length:
      - "11"
      Content-Type:
      - application/json
      Date:
      - Thu, 30 Jul 2020 07:54:06 GMT
      Dd-Pool:
      - dogweb
      Pragma:
      - no-cache
      Set-Cookie:
      - DD-PSHARD=233; Max-Age=604800; Path=/; expires=Thu, 06-Aug-2020 07:54:06 GMT;
        secure; HttpOnly
      Strict-Transport-Security:
      - max-age=15724800;
      X-Content-Type-Options:
      - nosniff
      X-Dd-Debug:
      - mAWtDREGvkjU6TOstZhmkvVNxvCyzoytd6ZgMjDmJun65MPMard4CaGCjkkqaOBr
      X-Dd-Version:
      - "35.2805623"
      X-Frame-Options:
      - SAMEORIGIN
      X-Ratelimit-Limit:
      - "300"
      X-Ratelimit-Period:
      - "3600"
      X-Ratelimit-Remaining:
      - "287"
      X-Ratelimit-Reset:
      - "354"
    status: 200 OK
    code: 200
    duration: ""
- request:
    body: ""
    form: {}
    headers:
      Accept:
      - application/json
      Dd-Operation-Id:
      - ListLogsGet
      User-Agent:
      - datadog-api-client-go/1.0.0-beta.8+dev (go go1.13; os darwin; arch amd64)
      X-Datadog-Parent-Id:
      - "4372109758893710794"
      X-Datadog-Sampling-Priority:
      - "1"
      X-Datadog-Trace-Id:
      - "5276504973479947696"
    url: https://api.datadoghq.com/api/v2/logs/events?filter%5Bfrom%5D=2020-07-30T07%3A54%3A00%2B02%3A00&filter%5Bquery%5D=go-TestLogsListGet-local-1596095640&filter%5Bto%5D=2020-07-30T11%3A54%3A00%2B02%3A00
    method: GET
  response:
    body: '{"data":[]}'
    headers:
      Cache-Control:
      - no-cache
      Connection:
      - keep-alive
      Content-Length:
      - "11"
      Content-Type:
      - application/json
      Date:
      - Thu, 30 Jul 2020 07:54:11 GMT
      Dd-Pool:
      - dogweb
      Pragma:
      - no-cache
      Set-Cookie:
      - DD-PSHARD=233; Max-Age=604800; Path=/; expires=Thu, 06-Aug-2020 07:54:11 GMT;
        secure; HttpOnly
      Strict-Transport-Security:
      - max-age=15724800;
      X-Content-Type-Options:
      - nosniff
      X-Dd-Debug:
      - RaebbToIiF+aCRes1vJtUiLcjq7NngT5q2+eObO4jfKkk/vY0IXFGnwy7On3XLPc
      X-Dd-Version:
      - "35.2805623"
      X-Frame-Options:
      - SAMEORIGIN
      X-Ratelimit-Limit:
      - "300"
      X-Ratelimit-Period:
      - "3600"
      X-Ratelimit-Remaining:
      - "286"
      X-Ratelimit-Reset:
      - "349"
    status: 200 OK
    code: 200
    duration: ""
- request:
    body: ""
    form: {}
    headers:
      Accept:
      - application/json
      Dd-Operation-Id:
      - ListLogsGet
      User-Agent:
      - datadog-api-client-go/1.0.0-beta.8+dev (go go1.13; os darwin; arch amd64)
      X-Datadog-Parent-Id:
      - "4104363769219468834"
      X-Datadog-Sampling-Priority:
      - "1"
      X-Datadog-Trace-Id:
      - "5276504973479947696"
    url: https://api.datadoghq.com/api/v2/logs/events?filter%5Bfrom%5D=2020-07-30T07%3A54%3A00%2B02%3A00&filter%5Bquery%5D=go-TestLogsListGet-local-1596095640&filter%5Bto%5D=2020-07-30T11%3A54%3A00%2B02%3A00
    method: GET
  response:
    body: '{"data":[]}'
    headers:
      Cache-Control:
      - no-cache
      Connection:
      - keep-alive
      Content-Length:
      - "11"
      Content-Type:
      - application/json
      Date:
      - Thu, 30 Jul 2020 07:54:16 GMT
      Dd-Pool:
      - dogweb
      Pragma:
      - no-cache
      Set-Cookie:
      - DD-PSHARD=233; Max-Age=604800; Path=/; expires=Thu, 06-Aug-2020 07:54:16 GMT;
        secure; HttpOnly
      Strict-Transport-Security:
      - max-age=15724800;
      X-Content-Type-Options:
      - nosniff
      X-Dd-Debug:
      - 30ueZqIdUaZgrbufgwLwLBG+a7zXns7CC1OPhbdSMk9Bm0CEJ4iY9FDQ18dD61Ia
      X-Dd-Version:
      - "35.2805623"
      X-Frame-Options:
      - SAMEORIGIN
      X-Ratelimit-Limit:
      - "300"
      X-Ratelimit-Period:
      - "3600"
      X-Ratelimit-Remaining:
      - "285"
      X-Ratelimit-Reset:
      - "344"
    status: 200 OK
    code: 200
    duration: ""
- request:
    body: ""
    form: {}
    headers:
      Accept:
      - application/json
      Dd-Operation-Id:
      - ListLogsGet
      User-Agent:
      - datadog-api-client-go/1.0.0-beta.8+dev (go go1.13; os darwin; arch amd64)
      X-Datadog-Parent-Id:
      - "7365791331087364153"
      X-Datadog-Sampling-Priority:
      - "1"
      X-Datadog-Trace-Id:
      - "5276504973479947696"
    url: https://api.datadoghq.com/api/v2/logs/events?filter%5Bfrom%5D=2020-07-30T07%3A54%3A00%2B02%3A00&filter%5Bquery%5D=go-TestLogsListGet-local-1596095640&filter%5Bto%5D=2020-07-30T11%3A54%3A00%2B02%3A00
    method: GET
  response:
    body: '{"data":[]}'
    headers:
      Cache-Control:
      - no-cache
      Connection:
      - keep-alive
      Content-Length:
      - "11"
      Content-Type:
      - application/json
      Date:
      - Thu, 30 Jul 2020 07:54:22 GMT
      Dd-Pool:
      - dogweb
      Pragma:
      - no-cache
      Set-Cookie:
      - DD-PSHARD=233; Max-Age=604800; Path=/; expires=Thu, 06-Aug-2020 07:54:21 GMT;
        secure; HttpOnly
      Strict-Transport-Security:
      - max-age=15724800;
      X-Content-Type-Options:
      - nosniff
      X-Dd-Debug:
      - PbzPqdAdQA7Cls1b+Qzog9VkSBcs23b9Vrcz5V8r65RKVDsQZ7zEz+RqfWg0qmWg
      X-Dd-Version:
      - "35.2805623"
      X-Frame-Options:
      - SAMEORIGIN
      X-Ratelimit-Limit:
      - "300"
      X-Ratelimit-Period:
      - "3600"
      X-Ratelimit-Remaining:
      - "284"
      X-Ratelimit-Reset:
      - "339"
    status: 200 OK
    code: 200
    duration: ""
- request:
    body: ""
    form: {}
    headers:
      Accept:
      - application/json
      Dd-Operation-Id:
      - ListLogsGet
      User-Agent:
      - datadog-api-client-go/1.0.0-beta.8+dev (go go1.13; os darwin; arch amd64)
      X-Datadog-Parent-Id:
      - "8801100642884253049"
      X-Datadog-Sampling-Priority:
      - "1"
      X-Datadog-Trace-Id:
      - "5276504973479947696"
    url: https://api.datadoghq.com/api/v2/logs/events?filter%5Bfrom%5D=2020-07-30T07%3A54%3A00%2B02%3A00&filter%5Bquery%5D=go-TestLogsListGet-local-1596095640&filter%5Bto%5D=2020-07-30T11%3A54%3A00%2B02%3A00
    method: GET
  response:
    body: '{"meta":{"page":{"after":"eyJhZnRlciI6IkFRQUFBWE9lcDItQTQ4OXZXd0FBQUFCQldFOWxkSEpWUjFWUWFuTnpZMm8xTFRoQlFRIn0"}},"data":[{"attributes":{"status":"info","tags":["source:go-client-test-go-testlogslistget-local-1596095640","source:go-client-test-go-testlogslistget-local-1596095640","test","go","list"],"timestamp":"2020-07-30T07:53:59.000Z","host":"go-TestLogsListGet-local-1596095640","attributes":{"timestamp":1596095639000,"hostname":"go-TestLogsListGet-local-1596095640"},"message":"test-log-list-2
      go-TestLogsListGet-local-1596095640"},"type":"log","id":"AQAAAXOetq3YZ-1GTgAAAABBWE9ldHJXVUZQTWtVRGNrd2dBQQ"},{"attributes":{"status":"info","tags":["source:go-client-test-go-testlogslistget-local-1596095640","source:go-client-test-go-testlogslistget-local-1596095640","test","go","list"],"timestamp":"2020-07-30T07:37:20.000Z","host":"go-TestLogsListGet-local-1596095640","attributes":{"timestamp":1596094640000,"hostname":"go-TestLogsListGet-local-1596095640"},"message":"test-log-list-1
      go-TestLogsListGet-local-1596095640"},"type":"log","id":"AQAAAXOep2-A489vWwAAAABBWE9ldHJVR1VQanNzY2o1LThBQQ"}],"links":{"next":"https://api.datadoghq.com/api/v2/logs/events?filter%5Bquery%5D=go-TestLogsListGet-local-1596095640&page%5Bcursor%5D=eyJhZnRlciI6IkFRQUFBWE9lcDItQTQ4OXZXd0FBQUFCQldFOWxkSEpWUjFWUWFuTnpZMm8xTFRoQlFRIn0&filter%5Bfrom%5D=2020-07-30T07%3A54%3A00%2B02%3A00&filter%5Bto%5D=2020-07-30T11%3A54%3A00%2B02%3A00"}}'
    headers:
      Cache-Control:
      - no-cache
      Connection:
      - keep-alive
      Content-Type:
      - application/json
      Date:
      - Thu, 30 Jul 2020 07:54:27 GMT
      Dd-Pool:
      - dogweb
      Pragma:
      - no-cache
      Set-Cookie:
      - DD-PSHARD=233; Max-Age=604800; Path=/; expires=Thu, 06-Aug-2020 07:54:27 GMT;
        secure; HttpOnly
      Strict-Transport-Security:
      - max-age=15724800;
      Vary:
      - Accept-Encoding
      X-Content-Type-Options:
      - nosniff
      X-Dd-Debug:
      - Ibwt1LOMazDUZo/NkqtIyT001dZxiPruSKHOyBiCNyqNWAUjrw1TErmlQNwQ5uoW
      X-Dd-Version:
      - "35.2805623"
      X-Frame-Options:
      - SAMEORIGIN
      X-Ratelimit-Limit:
      - "300"
      X-Ratelimit-Period:
      - "3600"
      X-Ratelimit-Remaining:
      - "283"
      X-Ratelimit-Reset:
      - "333"
    status: 200 OK
    code: 200
    duration: ""
- request:
    body: ""
    form: {}
    headers:
      Accept:
      - application/json
      Dd-Operation-Id:
      - ListLogsGet
      User-Agent:
      - datadog-api-client-go/1.0.0-beta.8+dev (go go1.13; os darwin; arch amd64)
      X-Datadog-Parent-Id:
      - "3840987870333955800"
      X-Datadog-Sampling-Priority:
      - "1"
      X-Datadog-Trace-Id:
      - "5276504973479947696"
    url: https://api.datadoghq.com/api/v2/logs/events?filter%5Bfrom%5D=2020-07-30T07%3A54%3A00%2B02%3A00&filter%5Bquery%5D=go-TestLogsListGet-local-1596095640&filter%5Bto%5D=2020-07-30T11%3A54%3A00%2B02%3A00&sort=timestamp
    method: GET
  response:
    body: '{"meta":{"page":{"after":"eyJhZnRlciI6IkFRQUFBWE9ldHEzWVotMUdUZ0FBQUFCQldFOWxkSEpYVlVaUVRXdFZSR05yZDJkQlFRIn0"}},"data":[{"attributes":{"status":"info","tags":["source:go-client-test-go-testlogslistget-local-1596095640","source:go-client-test-go-testlogslistget-local-1596095640","test","go","list"],"timestamp":"2020-07-30T07:37:20.000Z","host":"go-TestLogsListGet-local-1596095640","attributes":{"timestamp":1596094640000,"hostname":"go-TestLogsListGet-local-1596095640"},"message":"test-log-list-1
      go-TestLogsListGet-local-1596095640"},"type":"log","id":"AQAAAXOep2-A489vWwAAAABBWE9ldHJVR1VQanNzY2o1LThBQQ"},{"attributes":{"status":"info","tags":["source:go-client-test-go-testlogslistget-local-1596095640","source:go-client-test-go-testlogslistget-local-1596095640","test","go","list"],"timestamp":"2020-07-30T07:53:59.000Z","host":"go-TestLogsListGet-local-1596095640","attributes":{"timestamp":1596095639000,"hostname":"go-TestLogsListGet-local-1596095640"},"message":"test-log-list-2
      go-TestLogsListGet-local-1596095640"},"type":"log","id":"AQAAAXOetq3YZ-1GTgAAAABBWE9ldHJXVUZQTWtVRGNrd2dBQQ"}],"links":{"next":"https://api.datadoghq.com/api/v2/logs/events?sort=timestamp&filter%5Bquery%5D=go-TestLogsListGet-local-1596095640&page%5Bcursor%5D=eyJhZnRlciI6IkFRQUFBWE9ldHEzWVotMUdUZ0FBQUFCQldFOWxkSEpYVlVaUVRXdFZSR05yZDJkQlFRIn0&filter%5Bfrom%5D=2020-07-30T07%3A54%3A00%2B02%3A00&filter%5Bto%5D=2020-07-30T11%3A54%3A00%2B02%3A00"}}'
    headers:
      Cache-Control:
      - no-cache
      Connection:
      - keep-alive
      Content-Type:
      - application/json
      Date:
      - Thu, 30 Jul 2020 07:54:27 GMT
      Dd-Pool:
      - dogweb
      Pragma:
      - no-cache
      Set-Cookie:
      - DD-PSHARD=233; Max-Age=604800; Path=/; expires=Thu, 06-Aug-2020 07:54:27 GMT;
        secure; HttpOnly
      Strict-Transport-Security:
      - max-age=15724800;
      Vary:
      - Accept-Encoding
      X-Content-Type-Options:
      - nosniff
      X-Dd-Debug:
      - b6C5N4Q3Fc1SE7OAsNVqDvtfFWJlKghQAT/aQqBhT+gobvKQA6iibWq6Hmv3SpOa
      X-Dd-Version:
      - "35.2805623"
      X-Frame-Options:
      - SAMEORIGIN
      X-Ratelimit-Limit:
      - "300"
      X-Ratelimit-Period:
      - "3600"
      X-Ratelimit-Remaining:
      - "282"
      X-Ratelimit-Reset:
      - "333"
    status: 200 OK
    code: 200
    duration: ""
- request:
    body: ""
    form: {}
    headers:
      Accept:
      - application/json
      Dd-Operation-Id:
      - ListLogsGet
      User-Agent:
      - datadog-api-client-go/1.0.0-beta.8+dev (go go1.13; os darwin; arch amd64)
      X-Datadog-Parent-Id:
      - "4158179017187738252"
      X-Datadog-Sampling-Priority:
      - "1"
      X-Datadog-Trace-Id:
      - "5276504973479947696"
    url: https://api.datadoghq.com/api/v2/logs/events?filter%5Bfrom%5D=2020-07-30T07%3A54%3A00%2B02%3A00&filter%5Bquery%5D=go-TestLogsListGet-local-1596095640&filter%5Bto%5D=2020-07-30T11%3A54%3A00%2B02%3A00&sort=-timestamp
    method: GET
  response:
    body: '{"meta":{"page":{"after":"eyJhZnRlciI6IkFRQUFBWE9lcDItQTQ4OXZXd0FBQUFCQldFOWxkSEpWUjFWUWFuTnpZMm8xTFRoQlFRIn0"}},"data":[{"attributes":{"status":"info","tags":["source:go-client-test-go-testlogslistget-local-1596095640","source:go-client-test-go-testlogslistget-local-1596095640","test","go","list"],"timestamp":"2020-07-30T07:53:59.000Z","host":"go-TestLogsListGet-local-1596095640","attributes":{"timestamp":1596095639000,"hostname":"go-TestLogsListGet-local-1596095640"},"message":"test-log-list-2
      go-TestLogsListGet-local-1596095640"},"type":"log","id":"AQAAAXOetq3YZ-1GTgAAAABBWE9ldHJXVUZQTWtVRGNrd2dBQQ"},{"attributes":{"status":"info","tags":["source:go-client-test-go-testlogslistget-local-1596095640","source:go-client-test-go-testlogslistget-local-1596095640","test","go","list"],"timestamp":"2020-07-30T07:37:20.000Z","host":"go-TestLogsListGet-local-1596095640","attributes":{"timestamp":1596094640000,"hostname":"go-TestLogsListGet-local-1596095640"},"message":"test-log-list-1
      go-TestLogsListGet-local-1596095640"},"type":"log","id":"AQAAAXOep2-A489vWwAAAABBWE9ldHJVR1VQanNzY2o1LThBQQ"}],"links":{"next":"https://api.datadoghq.com/api/v2/logs/events?sort=-timestamp&filter%5Bquery%5D=go-TestLogsListGet-local-1596095640&page%5Bcursor%5D=eyJhZnRlciI6IkFRQUFBWE9lcDItQTQ4OXZXd0FBQUFCQldFOWxkSEpWUjFWUWFuTnpZMm8xTFRoQlFRIn0&filter%5Bfrom%5D=2020-07-30T07%3A54%3A00%2B02%3A00&filter%5Bto%5D=2020-07-30T11%3A54%3A00%2B02%3A00"}}'
    headers:
      Cache-Control:
      - no-cache
      Connection:
      - keep-alive
      Content-Type:
      - application/json
      Date:
      - Thu, 30 Jul 2020 07:54:27 GMT
      Dd-Pool:
      - dogweb
      Pragma:
      - no-cache
      Set-Cookie:
      - DD-PSHARD=233; Max-Age=604800; Path=/; expires=Thu, 06-Aug-2020 07:54:27 GMT;
        secure; HttpOnly
      Strict-Transport-Security:
      - max-age=15724800;
      Vary:
      - Accept-Encoding
      X-Content-Type-Options:
      - nosniff
      X-Dd-Debug:
      - aC8qcH2mS/zUiJTlLtiTZIVBE/Le2rHoU2QsuB2T7M2UnE5FaKBJ6Qf4HaqqvcfF
      X-Dd-Version:
      - "35.2805623"
      X-Frame-Options:
      - SAMEORIGIN
      X-Ratelimit-Limit:
      - "300"
      X-Ratelimit-Period:
      - "3600"
      X-Ratelimit-Remaining:
      - "281"
      X-Ratelimit-Reset:
      - "333"
    status: 200 OK
    code: 200
    duration: ""
- request:
    body: ""
    form: {}
    headers:
      Accept:
      - application/json
      Dd-Operation-Id:
      - ListLogsGet
      User-Agent:
      - datadog-api-client-go/1.0.0-beta.8+dev (go go1.13; os darwin; arch amd64)
      X-Datadog-Parent-Id:
      - "2143821021017250627"
      X-Datadog-Sampling-Priority:
      - "1"
      X-Datadog-Trace-Id:
      - "5276504973479947696"
    url: https://api.datadoghq.com/api/v2/logs/events?filter%5Bfrom%5D=2020-07-30T07%3A54%3A00%2B02%3A00&filter%5Bquery%5D=go-TestLogsListGet-local-1596095640&filter%5Bto%5D=2020-07-30T11%3A54%3A00%2B02%3A00&page%5Blimit%5D=1
    method: GET
  response:
    body: '{"meta":{"page":{"after":"eyJhZnRlciI6IkFRQUFBWE9ldHEzWVotMUdUZ0FBQUFCQldFOWxkSEpYVlVaUVRXdFZSR05yZDJkQlFRIn0"}},"data":[{"attributes":{"status":"info","tags":["source:go-client-test-go-testlogslistget-local-1596095640","source:go-client-test-go-testlogslistget-local-1596095640","test","go","list"],"timestamp":"2020-07-30T07:53:59.000Z","host":"go-TestLogsListGet-local-1596095640","attributes":{"timestamp":1596095639000,"hostname":"go-TestLogsListGet-local-1596095640"},"message":"test-log-list-2
      go-TestLogsListGet-local-1596095640"},"type":"log","id":"AQAAAXOetq3YZ-1GTgAAAABBWE9ldHJXVUZQTWtVRGNrd2dBQQ"}],"links":{"next":"https://api.datadoghq.com/api/v2/logs/events?filter%5Bquery%5D=go-TestLogsListGet-local-1596095640&page%5Bcursor%5D=eyJhZnRlciI6IkFRQUFBWE9ldHEzWVotMUdUZ0FBQUFCQldFOWxkSEpYVlVaUVRXdFZSR05yZDJkQlFRIn0&page%5Blimit%5D=1&filter%5Bfrom%5D=2020-07-30T07%3A54%3A00%2B02%3A00&filter%5Bto%5D=2020-07-30T11%3A54%3A00%2B02%3A00"}}'
    headers:
      Cache-Control:
      - no-cache
      Connection:
      - keep-alive
      Content-Type:
      - application/json
      Date:
      - Thu, 30 Jul 2020 07:54:27 GMT
      Dd-Pool:
      - dogweb
      Pragma:
      - no-cache
      Set-Cookie:
      - DD-PSHARD=233; Max-Age=604800; Path=/; expires=Thu, 06-Aug-2020 07:54:27 GMT;
        secure; HttpOnly
      Strict-Transport-Security:
      - max-age=15724800;
      Vary:
      - Accept-Encoding
      X-Content-Type-Options:
      - nosniff
      X-Dd-Debug:
      - 9mYEniFtS5+uMMpBgdc4g3j478B6BYCjAqkz+QgnFR0VklIj4kLmFYi5nYbdyaw/
      X-Dd-Version:
      - "35.2805623"
      X-Frame-Options:
      - SAMEORIGIN
      X-Ratelimit-Limit:
      - "300"
      X-Ratelimit-Period:
      - "3600"
      X-Ratelimit-Remaining:
      - "280"
      X-Ratelimit-Reset:
      - "333"
    status: 200 OK
    code: 200
    duration: ""
- request:
    body: ""
    form: {}
    headers:
      Accept:
      - application/json
      Dd-Operation-Id:
      - ListLogsGet
      User-Agent:
      - datadog-api-client-go/1.0.0-beta.8+dev (go go1.13; os darwin; arch amd64)
      X-Datadog-Parent-Id:
      - "5519815707140764607"
      X-Datadog-Sampling-Priority:
      - "1"
      X-Datadog-Trace-Id:
      - "5276504973479947696"
    url: https://api.datadoghq.com/api/v2/logs/events?filter%5Bfrom%5D=2020-07-30T07%3A54%3A00%2B02%3A00&filter%5Bquery%5D=go-TestLogsListGet-local-1596095640&filter%5Bto%5D=2020-07-30T11%3A54%3A00%2B02%3A00&page%5Bcursor%5D=eyJhZnRlciI6IkFRQUFBWE9ldHEzWVotMUdUZ0FBQUFCQldFOWxkSEpYVlVaUVRXdFZSR05yZDJkQlFRIn0&page%5Blimit%5D=1
    method: GET
  response:
    body: '{"meta":{"page":{"after":"eyJhZnRlciI6IkFRQUFBWE9lcDItQTQ4OXZXd0FBQUFCQldFOWxkSEpWUjFWUWFuTnpZMm8xTFRoQlFRIn0"}},"data":[{"attributes":{"status":"info","tags":["source:go-client-test-go-testlogslistget-local-1596095640","source:go-client-test-go-testlogslistget-local-1596095640","test","go","list"],"timestamp":"2020-07-30T07:37:20.000Z","host":"go-TestLogsListGet-local-1596095640","attributes":{"timestamp":1596094640000,"hostname":"go-TestLogsListGet-local-1596095640"},"message":"test-log-list-1
      go-TestLogsListGet-local-1596095640"},"type":"log","id":"AQAAAXOep2-A489vWwAAAABBWE9ldHJVR1VQanNzY2o1LThBQQ"}],"links":{"next":"https://api.datadoghq.com/api/v2/logs/events?filter%5Bquery%5D=go-TestLogsListGet-local-1596095640&page%5Bcursor%5D=eyJhZnRlciI6IkFRQUFBWE9lcDItQTQ4OXZXd0FBQUFCQldFOWxkSEpWUjFWUWFuTnpZMm8xTFRoQlFRIn0&page%5Blimit%5D=1&filter%5Bfrom%5D=2020-07-30T07%3A54%3A00%2B02%3A00&filter%5Bto%5D=2020-07-30T11%3A54%3A00%2B02%3A00"}}'
    headers:
      Cache-Control:
      - no-cache
      Connection:
      - keep-alive
      Content-Type:
      - application/json
      Date:
      - Thu, 30 Jul 2020 07:54:28 GMT
      Dd-Pool:
      - dogweb
      Pragma:
      - no-cache
      Set-Cookie:
      - DD-PSHARD=233; Max-Age=604800; Path=/; expires=Thu, 06-Aug-2020 07:54:28 GMT;
        secure; HttpOnly
      Strict-Transport-Security:
      - max-age=15724800;
      Vary:
      - Accept-Encoding
      X-Content-Type-Options:
      - nosniff
      X-Dd-Debug:
      - 9mYEniFtS5+uMMpBgdc4g3j478B6BYCjAqkz+QgnFR0VklIj4kLmFYi5nYbdyaw/
      X-Dd-Version:
      - "35.2805623"
      X-Frame-Options:
      - SAMEORIGIN
      X-Ratelimit-Limit:
      - "300"
      X-Ratelimit-Period:
      - "3600"
      X-Ratelimit-Remaining:
      - "279"
      X-Ratelimit-Reset:
      - "332"
    status: 200 OK
    code: 200
    duration: ""
