---
version: 1
interactions:
- request:
    body: |
      {"data":{"attributes":{"name":"go-Feature_Incident_Teams-Scenario_Delete_an_existing_incident_team_returns__OK__response-local-1607022735"},"type":"teams"}}
    form: {}
    headers:
      Accept:
      - application/json
      Content-Type:
      - application/json
      Dd-Operation-Id:
      - CreateIncidentTeam
      User-Agent:
      - datadog-api-client-go/1.0.0-beta.11 (go go1.15.5; os darwin; arch amd64)
      X-Datadog-Parent-Id:
      - "1649567890219131297"
      X-Datadog-Sampling-Priority:
      - "1"
      X-Datadog-Trace-Id:
      - "3397437242243414918"
    url: https://api.datadoghq.com/api/v2/teams
    method: POST
  response:
    body: '{"included":[{"type":"users","id":"3ad549bf-eba0-11e9-a77a-0705486660d0","attributes":{"name":null,"handle":"frog@datadoghq.com","created_at":"2019-10-02T08:15:39.795051+00:00","email":"frog@datadoghq.com","icon":"https://secure.gravatar.com/avatar/28a16dfe36e73b60c1d55872cb0f1172?s=48&d=retro","title":null,"verified":true,"service_account":false,"disabled":false,"allowed_login_methods":[],"status":"Active"},"relationships":{"org":{"data":{"type":"orgs","id":"4dee724d-00cc-11ea-a77b-570c9d03c6c5"}}}}],"data":{"type":"teams","id":"4f68cd27-ceaf-5691-bc35-28ba09e91cad","attributes":{"name":"go-Feature_Incident_Teams-Scenario_Delete_an_existing_incident_team_returns__OK__response-local-1607022735","created":"2020-12-03T19:12:15.276891+00:00","modified":"2020-12-03T19:12:15.276891+00:00"},"relationships":{"last_modified_by":{"data":{"type":"users","id":"3ad549bf-eba0-11e9-a77a-0705486660d0"}},"created_by":{"data":{"type":"users","id":"3ad549bf-eba0-11e9-a77a-0705486660d0"}}}}}'
    headers:
      Cache-Control:
      - no-cache
      Connection:
      - keep-alive
      Content-Length:
      - "987"
      Content-Type:
      - application/json
      Date:
      - Thu, 03 Dec 2020 19:12:15 GMT
      Dd-Pool:
      - dogweb
      Pragma:
      - no-cache
      Set-Cookie:
      - DD-PSHARD=233; Max-Age=604800; Path=/; expires=Thu, 10-Dec-2020 19:12:15 GMT;
        secure; HttpOnly
      Strict-Transport-Security:
      - max-age=15724800;
      X-Content-Type-Options:
      - nosniff
      X-Dd-Debug:
      - XhN3sROXhRtxvw2F+uRtJTWMwUQRYhDKBCNr1DfCqtzQgh490ZXtNSOhIx1TzG8K
      X-Dd-Version:
      - "35.3472485"
      X-Frame-Options:
      - SAMEORIGIN
      X-Ratelimit-Limit:
      - "12000"
      X-Ratelimit-Period:
      - "60"
      X-Ratelimit-Remaining:
      - "11997"
      X-Ratelimit-Reset:
      - "45"
    status: 201 Created
    code: 201
    duration: ""
- request:
    body: ""
    form: {}
    headers:
      Accept:
      - application/json
      Dd-Operation-Id:
      - DeleteIncidentTeam
      User-Agent:
      - datadog-api-client-go/1.0.0-beta.11 (go go1.15.5; os darwin; arch amd64)
      X-Datadog-Parent-Id:
      - "1561730432735230010"
      X-Datadog-Sampling-Priority:
      - "1"
      X-Datadog-Trace-Id:
      - "3397437242243414918"
    url: https://api.datadoghq.com/api/v2/teams/4f68cd27-ceaf-5691-bc35-28ba09e91cad
    method: DELETE
  response:
    body: ""
    headers:
      Cache-Control:
      - no-cache
      Connection:
      - keep-alive
      Content-Length:
      - "0"
      Content-Type:
      - application/json
      Date:
      - Thu, 03 Dec 2020 19:12:15 GMT
      Dd-Pool:
      - dogweb
      Pragma:
      - no-cache
      Set-Cookie:
      - DD-PSHARD=233; Max-Age=604800; Path=/; expires=Thu, 10-Dec-2020 19:12:15 GMT;
        secure; HttpOnly
      Strict-Transport-Security:
      - max-age=15724800;
      X-Content-Type-Options:
      - nosniff
      X-Dd-Debug:
      - tiNEXsvR/PrH3MknQHoRY29RAegY48fFaM1JBTKdmLfVGZaOAOJ9J4IqHffvPV7g
      X-Dd-Version:
      - "35.3472485"
      X-Frame-Options:
      - SAMEORIGIN
      X-Ratelimit-Limit:
      - "12000"
      X-Ratelimit-Period:
      - "60"
      X-Ratelimit-Remaining:
      - "11997"
      X-Ratelimit-Reset:
      - "45"
    status: 204 No Content
    code: 204
    duration: ""
- request:
    body: ""
    form: {}
    headers:
      Accept:
      - application/json
      Dd-Operation-Id:
      - DeleteIncidentTeam
      User-Agent:
      - datadog-api-client-go/1.0.0-beta.11 (go go1.15.5; os darwin; arch amd64)
      X-Datadog-Parent-Id:
      - "3955075154199894088"
      X-Datadog-Sampling-Priority:
      - "1"
      X-Datadog-Trace-Id:
      - "3397437242243414918"
    url: https://api.datadoghq.com/api/v2/teams/4f68cd27-ceaf-5691-bc35-28ba09e91cad
    method: DELETE
  response:
    body: ""
    headers:
      Cache-Control:
      - no-cache
      Connection:
      - keep-alive
      Content-Length:
      - "0"
      Content-Type:
      - application/json
      Date:
      - Thu, 03 Dec 2020 19:12:15 GMT
      Dd-Pool:
      - dogweb
      Pragma:
      - no-cache
      Set-Cookie:
      - DD-PSHARD=233; Max-Age=604800; Path=/; expires=Thu, 10-Dec-2020 19:12:15 GMT;
        secure; HttpOnly
      Strict-Transport-Security:
      - max-age=15724800;
      X-Content-Type-Options:
      - nosniff
      X-Dd-Debug:
      - fbpub1YRPbOoyJvhJBk1iFu2e+h0/QC0EzprMcQ+j5QBEVxUjSwBwj1+J3+NnpX8
      X-Dd-Version:
      - "35.3472485"
      X-Frame-Options:
      - SAMEORIGIN
      X-Ratelimit-Limit:
      - "12000"
      X-Ratelimit-Period:
      - "60"
      X-Ratelimit-Remaining:
      - "11996"
      X-Ratelimit-Reset:
      - "45"
    status: 204 No Content
    code: 204
    duration: ""
