interactions:
- request:
    body: |
      {"data":{"attributes":{"dry_run":false,"env":"production","identifier":"my-gate","service":"my-service"},"type":"deployment_gate"}}
    form: {}
    headers:
      Accept:
      - application/json
      Content-Type:
      - application/json
    id: 0
    method: POST
    url: https://api.datadoghq.com/api/v2/deployment_gates
  response:
    body: '{"data":{"id":"b2bd3ad3-f414-4f05-9ad6-248ed3f99f4d","type":"deployment_gate","attributes":{"created_at":"2025-10-28T14:51:18.108594Z","created_by":{"id":"9919ec9b-ebc7-49ee-8dc8-03626e717cca","name":"CI
      Account","handle":"9919ec9b-ebc7-49ee-8dc8-03626e717cca"},"dry_run":false,"env":"production","identifier":"my-gate","service":"my-service","updated_at":"2025-10-28T14:51:18.108594Z","updated_by":{"id":"9919ec9b-ebc7-49ee-8dc8-03626e717cca","name":"CI
      Account","handle":"9919ec9b-ebc7-49ee-8dc8-03626e717cca"}}}}'
    code: 200
    duration: 0ms
    headers:
      Content-Type:
      - application/vnd.api+json
    status: 200 OK
- request:
    body: |
      {"data":{"attributes":{"dry_run":false,"name":"My deployment rule","options":{"excluded_resources":[]},"type":"faulty_deployment_detection"},"type":"deployment_rule"}}
    form: {}
    headers:
      Accept:
      - application/json
      Content-Type:
      - application/json
    id: 1
    method: POST
    url: https://api.datadoghq.com/api/v2/deployment_gates/b2bd3ad3-f414-4f05-9ad6-248ed3f99f4d/rules
  response:
    body: '{"data":{"id":"189846d6-3c19-46e8-98d1-9d05a2f43361","type":"deployment_rule","attributes":{"created_at":"2025-10-28T14:51:18.251816Z","created_by":{"id":"9919ec9b-ebc7-49ee-8dc8-03626e717cca","name":"CI
      Account","handle":"9919ec9b-ebc7-49ee-8dc8-03626e717cca"},"dry_run":false,"gate_id":"b2bd3ad3-f414-4f05-9ad6-248ed3f99f4d","name":"My
      deployment rule","options":{},"type":"faulty_deployment_detection","updated_at":"2025-10-28T14:51:18.251816Z","updated_by":{"id":"9919ec9b-ebc7-49ee-8dc8-03626e717cca","name":"CI
      Account","handle":"9919ec9b-ebc7-49ee-8dc8-03626e717cca"}}}}'
    code: 200
    duration: 0ms
    headers:
      Content-Type:
      - application/vnd.api+json
    status: 200 OK
- request:
    body: |
      {"data":{"attributes":{"dry_run":false,"name":"Updated deployment rule","options":{"excluded_resources":[]}},"type":"deployment_rule"}}
    form: {}
    headers:
      Accept:
      - application/json
      Content-Type:
      - application/json
    id: 2
    method: PUT
    url: https://api.datadoghq.com/api/v2/deployment_gates/invalid-gate-id/rules/invalid-rule-id
  response:
    body: '{"errors":[{"status":"400","title":"Bad Request","detail":"attribute \"gate_id\"
      Invalid id"}]}'
    code: 400
    duration: 0ms
    headers:
      Content-Type:
      - application/vnd.api+json
    status: 400 Bad Request
- request:
    body: ''
    form: {}
    headers:
      Accept:
      - '*/*'
    id: 3
    method: DELETE
    url: https://api.datadoghq.com/api/v2/deployment_gates/b2bd3ad3-f414-4f05-9ad6-248ed3f99f4d/rules/189846d6-3c19-46e8-98d1-9d05a2f43361
  response:
    body: ''
    code: 204
    duration: 0ms
    headers: {}
    status: 204 No Content
- request:
    body: ''
    form: {}
    headers:
      Accept:
      - '*/*'
    id: 4
    method: DELETE
    url: https://api.datadoghq.com/api/v2/deployment_gates/b2bd3ad3-f414-4f05-9ad6-248ed3f99f4d
  response:
    body: ''
    code: 204
    duration: 0ms
    headers: {}
    status: 204 No Content
version: 2
