interactions:
- request:
    body: |
      {"data":{"attributes":{"dry_run":false,"env":"production","identifier":"my-gate","service":"my-service"},"type":"deployment_gate"}}
    form: {}
    headers:
      Accept:
      - application/json
      Content-Type:
      - application/json
    id: 0
    method: POST
    url: https://api.datadoghq.com/api/v2/deployment_gates
  response:
    body: '{"data":{"id":"58066a8e-44e7-4119-8ac6-a5ecc3b31c1b","type":"deployment_gate","attributes":{"created_at":"2025-10-28T14:51:13.477518Z","created_by":{"id":"9919ec9b-ebc7-49ee-8dc8-03626e717cca","name":"CI
      Account","handle":"9919ec9b-ebc7-49ee-8dc8-03626e717cca"},"dry_run":false,"env":"production","identifier":"my-gate","service":"my-service","updated_at":"2025-10-28T14:51:13.477518Z","updated_by":{"id":"9919ec9b-ebc7-49ee-8dc8-03626e717cca","name":"CI
      Account","handle":"9919ec9b-ebc7-49ee-8dc8-03626e717cca"}}}}'
    code: 200
    duration: 0ms
    headers:
      Content-Type:
      - application/vnd.api+json
    status: 200 OK
- request:
    body: |
      {"data":{"attributes":{"dry_run":false,"name":"My deployment rule","options":{"excluded_resources":[]},"type":"faulty_deployment_detection"},"type":"deployment_rule"}}
    form: {}
    headers:
      Accept:
      - application/json
      Content-Type:
      - application/json
    id: 1
    method: POST
    url: https://api.datadoghq.com/api/v2/deployment_gates/58066a8e-44e7-4119-8ac6-a5ecc3b31c1b/rules
  response:
    body: '{"data":{"id":"8330bf79-6906-4cea-85d5-a4da6767458e","type":"deployment_rule","attributes":{"created_at":"2025-10-28T14:51:13.852895Z","created_by":{"id":"9919ec9b-ebc7-49ee-8dc8-03626e717cca","name":"CI
      Account","handle":"9919ec9b-ebc7-49ee-8dc8-03626e717cca"},"dry_run":false,"gate_id":"58066a8e-44e7-4119-8ac6-a5ecc3b31c1b","name":"My
      deployment rule","options":{},"type":"faulty_deployment_detection","updated_at":"2025-10-28T14:51:13.852895Z","updated_by":{"id":"9919ec9b-ebc7-49ee-8dc8-03626e717cca","name":"CI
      Account","handle":"9919ec9b-ebc7-49ee-8dc8-03626e717cca"}}}}'
    code: 200
    duration: 0ms
    headers:
      Content-Type:
      - application/vnd.api+json
    status: 200 OK
- request:
    body: ''
    form: {}
    headers:
      Accept:
      - '*/*'
    id: 2
    method: DELETE
    url: https://api.datadoghq.com/api/v2/deployment_gates/58066a8e-44e7-4119-8ac6-a5ecc3b31c1b/rules/8330bf79-6906-4cea-85d5-a4da6767458e
  response:
    body: ''
    code: 204
    duration: 0ms
    headers: {}
    status: 204 No Content
- request:
    body: ''
    form: {}
    headers:
      Accept:
      - '*/*'
    id: 3
    method: DELETE
    url: https://api.datadoghq.com/api/v2/deployment_gates/58066a8e-44e7-4119-8ac6-a5ecc3b31c1b
  response:
    body: ''
    code: 204
    duration: 0ms
    headers: {}
    status: 204 No Content
version: 2
