interactions:
- request:
    body: |
      {"data":{"attributes":{"components":[{"events":[],"name":"grid0","properties":{"children":[{"events":[],"name":"gridCell0","properties":{"children":[{"events":[],"name":"calloutValue0","properties":{"isDisabled":false,"isLoading":false,"isVisible":true,"label":"CPU Usage","size":"sm","style":"vivid_yellow","unit":"kB","value":"42"},"type":"calloutValue"}],"isVisible":"true","layout":{"default":{"height":8,"width":2,"x":0,"y":0}}},"type":"gridCell"}]},"type":"grid"}],"description":"This is a simple example app","name":"Example App","queries":[],"rootInstanceName":"grid0"},"type":"appDefinitions"}}
    form: {}
    headers:
      Accept:
      - application/json
      Content-Type:
      - application/json
    id: 0
    method: POST
    url: https://api.datadoghq.com/api/v2/app-builder/apps
  response:
    body: '{"data":{"id":"25442f2c-fb75-4abe-b875-ed3497d2fc2c","type":"appDefinitions"}}'
    code: 201
    duration: 0ms
    headers:
      Content-Type:
      - application/vnd.api+json
    status: 201 Created
- request:
    body: ''
    form: {}
    headers:
      Accept:
      - application/json
    id: 1
    method: GET
    url: https://api.datadoghq.com/api/v2/app-builder/apps/25442f2c-fb75-4abe-b875-ed3497d2fc2c
  response:
    body: '{"data":{"id":"25442f2c-fb75-4abe-b875-ed3497d2fc2c","type":"appDefinitions","attributes":{"components":[{"events":[],"name":"grid0","properties":{"children":[{"events":[],"name":"gridCell0","properties":{"children":[{"events":[],"name":"calloutValue0","properties":{"isDisabled":false,"isLoading":false,"isVisible":true,"label":"CPU
      Usage","size":"sm","style":"vivid_yellow","unit":"kB","value":"42"},"type":"calloutValue"}],"isVisible":"true","layout":{"default":{"height":8,"width":2,"x":0,"y":0}}},"type":"gridCell"}]},"type":"grid"}],"description":"This
      is a simple example app","favorite":false,"name":"Example App","queries":[],"rootInstanceName":"grid0","tags":[]}}}'
    code: 200
    duration: 0ms
    headers:
      Content-Type:
      - application/vnd.api+json
    status: 200 OK
- request:
    body: ''
    form: {}
    headers:
      Accept:
      - application/json
    id: 2
    method: DELETE
    url: https://api.datadoghq.com/api/v2/app-builder/apps/25442f2c-fb75-4abe-b875-ed3497d2fc2c
  response:
    body: '{"data":{"id":"25442f2c-fb75-4abe-b875-ed3497d2fc2c","type":"appDefinitions"}}'
    code: 200
    duration: 0ms
    headers:
      Content-Type:
      - application/vnd.api+json
    status: 200 OK
version: 2
