---
version: 1
interactions:
- request:
    body: |
      {"data":{"attributes":{"name":"go-Feature_Roles-Scenario_Update_a_role_returns__OK__response-local-1607022751"},"type":"roles"}}
    form: {}
    headers:
      Accept:
      - application/json
      Content-Type:
      - application/json
      Dd-Operation-Id:
      - CreateRole
      User-Agent:
      - datadog-api-client-go/1.0.0-beta.11 (go go1.15.5; os darwin; arch amd64)
      X-Datadog-Parent-Id:
      - "7926866763446036420"
      X-Datadog-Sampling-Priority:
      - "1"
      X-Datadog-Trace-Id:
      - "8855043935139310335"
    url: https://api.datadoghq.com/api/v2/roles
    method: POST
  response:
    body: '{"data":{"type":"roles","id":"7e4ffc54-359b-11eb-87c2-fb4f8b6ef08d","attributes":{"name":"go-Feature_Roles-Scenario_Update_a_role_returns__OK__response-local-1607022751","created_at":"2020-12-03T19:12:32.029562+00:00","modified_at":"2020-12-03T19:12:32.029562+00:00"},"relationships":{"permissions":{"data":[{"type":"permissions","id":"d90f6830-d3d8-11e9-a77a-b3404e5e9ee2"},{"type":"permissions","id":"4441648c-d8b1-11e9-a77a-1b899a04b304"}]}}}}'
    headers:
      Cache-Control:
      - no-cache
      Connection:
      - keep-alive
      Content-Type:
      - application/json
      Date:
      - Thu, 03 Dec 2020 19:12:32 GMT
      Dd-Pool:
      - dogweb
      Pragma:
      - no-cache
      Set-Cookie:
      - DD-PSHARD=233; Max-Age=604800; Path=/; expires=Thu, 10-Dec-2020 19:12:31 GMT;
        secure; HttpOnly
      Strict-Transport-Security:
      - max-age=15724800;
      Vary:
      - Accept-Encoding
      X-Content-Type-Options:
      - nosniff
      X-Dd-Debug:
      - UEVa9FQA61TUB+NQw/amsaV/PvKGDe6B7Iu18qIdbOf3lwJS9wn1eAJvwt8jgGYV
      X-Dd-Version:
      - "35.3472485"
      X-Frame-Options:
      - SAMEORIGIN
      X-Ratelimit-Limit:
      - "500"
      X-Ratelimit-Period:
      - "60"
      X-Ratelimit-Remaining:
      - "488"
      X-Ratelimit-Reset:
      - "29"
    status: 200 OK
    code: 200
    duration: ""
- request:
    body: |
      {"data":{"attributes":{"name":"go-Feature_Roles-Scenario_Update_a_role_returns__OK__response-local-1607022751-updated"},"id":"7e4ffc54-359b-11eb-87c2-fb4f8b6ef08d","type":"roles"}}
    form: {}
    headers:
      Accept:
      - application/json
      Content-Type:
      - application/json
      Dd-Operation-Id:
      - UpdateRole
      User-Agent:
      - datadog-api-client-go/1.0.0-beta.11 (go go1.15.5; os darwin; arch amd64)
      X-Datadog-Parent-Id:
      - "1538077146263800647"
      X-Datadog-Sampling-Priority:
      - "1"
      X-Datadog-Trace-Id:
      - "8855043935139310335"
    url: https://api.datadoghq.com/api/v2/roles/7e4ffc54-359b-11eb-87c2-fb4f8b6ef08d
    method: PATCH
  response:
    body: '{"data":{"type":"roles","id":"7e4ffc54-359b-11eb-87c2-fb4f8b6ef08d","attributes":{"name":"go-Feature_Roles-Scenario_Update_a_role_returns__OK__response-local-1607022751-updated","created_at":"2020-12-03T19:12:32.029562+00:00","modified_at":"2020-12-03T19:12:32.314559+00:00"},"relationships":{"permissions":{"data":[{"type":"permissions","id":"d90f6830-d3d8-11e9-a77a-b3404e5e9ee2"},{"type":"permissions","id":"4441648c-d8b1-11e9-a77a-1b899a04b304"}]}}}}'
    headers:
      Cache-Control:
      - no-cache
      Connection:
      - keep-alive
      Content-Type:
      - application/json
      Date:
      - Thu, 03 Dec 2020 19:12:32 GMT
      Dd-Pool:
      - dogweb
      Pragma:
      - no-cache
      Set-Cookie:
      - DD-PSHARD=233; Max-Age=604800; Path=/; expires=Thu, 10-Dec-2020 19:12:32 GMT;
        secure; HttpOnly
      Strict-Transport-Security:
      - max-age=15724800;
      Vary:
      - Accept-Encoding
      X-Content-Type-Options:
      - nosniff
      X-Dd-Debug:
      - q5LZgdQyaeyVGPNSaYfaXI15usQY6VerSpOcr6YoOhwKyednUK9qVYPwCUtgztbj
      X-Dd-Version:
      - "35.3472485"
      X-Frame-Options:
      - SAMEORIGIN
      X-Ratelimit-Limit:
      - "500"
      X-Ratelimit-Period:
      - "60"
      X-Ratelimit-Remaining:
      - "487"
      X-Ratelimit-Reset:
      - "28"
    status: 200 OK
    code: 200
    duration: ""
- request:
    body: ""
    form: {}
    headers:
      Accept:
      - application/json
      Dd-Operation-Id:
      - DeleteRole
      User-Agent:
      - datadog-api-client-go/1.0.0-beta.11 (go go1.15.5; os darwin; arch amd64)
      X-Datadog-Parent-Id:
      - "2701376831640844847"
      X-Datadog-Sampling-Priority:
      - "1"
      X-Datadog-Trace-Id:
      - "8855043935139310335"
    url: https://api.datadoghq.com/api/v2/roles/7e4ffc54-359b-11eb-87c2-fb4f8b6ef08d
    method: DELETE
  response:
    body: ""
    headers:
      Cache-Control:
      - no-cache
      Connection:
      - keep-alive
      Content-Length:
      - "0"
      Content-Type:
      - application/json
      Date:
      - Thu, 03 Dec 2020 19:12:32 GMT
      Dd-Pool:
      - dogweb
      Pragma:
      - no-cache
      Set-Cookie:
      - DD-PSHARD=233; Max-Age=604800; Path=/; expires=Thu, 10-Dec-2020 19:12:32 GMT;
        secure; HttpOnly
      Strict-Transport-Security:
      - max-age=15724800;
      X-Content-Type-Options:
      - nosniff
      X-Dd-Debug:
      - oqlClNgBffXSYxjxM4MXW8YBCUkTvkeEyGekJFD2ia4zlDKNcD3ROot7wMYW8Xj+
      X-Dd-Version:
      - "35.3472485"
      X-Frame-Options:
      - SAMEORIGIN
      X-Ratelimit-Limit:
      - "500"
      X-Ratelimit-Period:
      - "60"
      X-Ratelimit-Remaining:
      - "486"
      X-Ratelimit-Reset:
      - "28"
    status: 204 No Content
    code: 204
    duration: ""
