interactions:
- request:
    body: |
      {"is_secret":false,"name":"TESTUPDATEACUSTOMVARIABLERETURNSOKRESPONSE1628785718","value":"variable-value"}
    form: {}
    headers:
      Accept:
      - application/json, */*;q=0.8
      Connection:
      - close
      Content-Length:
      - '106'
      Content-Type:
      - application/json
      Host:
      - api.datadoghq.com
      User-Agent:
      - datadog-api-client-typescript/1.0.0-beta.4+dev (node 16.3.0; os Darwin; arch
        x64)
      X-Datadog-Parent-Id:
      - '3089514925855613338'
      X-Datadog-Trace-Id:
      - '3089514925855613338'
    method: POST
    url: https://api.datadoghq.com/api/v1/integration/webhooks/configuration/custom-variables
  response:
    body: '{"is_secret":false,"name":"TESTUPDATEACUSTOMVARIABLERETURNSOKRESPONSE1628785718","value":"variable-value"}'
    code: 201
    duration: ''
    headers:
      Cache-Control:
      - no-cache
      Connection:
      - close
      Content-Length:
      - '106'
      Content-Security-Policy:
      - frame-ancestors 'self'; report-uri https://api.datadoghq.com/csp-report
      Content-Type:
      - application/json
      Date:
      - Thu, 12 Aug 2021 16:28:38 GMT
      Location:
      - https://app.datadoghq.com/api/v1/integration/webhooks/configuration/custom-variables/TESTUPDATEACUSTOMVARIABLERETURNSOKRESPONSE1628785718
      Pragma:
      - no-cache
      Strict-Transport-Security:
      - max-age=15724800;
      X-Content-Type-Options:
      - nosniff
      X-Frame-Options:
      - SAMEORIGIN
    status: 201 Created
- request:
    body: |
      {"value":"variable-updated"}
    form: {}
    headers:
      Accept:
      - application/json, */*;q=0.8
      Connection:
      - close
      Content-Length:
      - '28'
      Content-Type:
      - application/json
      Host:
      - api.datadoghq.com
      User-Agent:
      - datadog-api-client-typescript/1.0.0-beta.4+dev (node 16.3.0; os Darwin; arch
        x64)
      X-Datadog-Parent-Id:
      - '3089514925855613338'
      X-Datadog-Trace-Id:
      - '3089514925855613338'
    method: PUT
    url: https://api.datadoghq.com/api/v1/integration/webhooks/configuration/custom-variables/TESTUPDATEACUSTOMVARIABLERETURNSOKRESPONSE1628785718
  response:
    body: '{"is_secret":false,"name":"TESTUPDATEACUSTOMVARIABLERETURNSOKRESPONSE1628785718","value":"variable-updated"}'
    code: 200
    duration: ''
    headers:
      Cache-Control:
      - no-cache
      Connection:
      - close
      Content-Length:
      - '108'
      Content-Security-Policy:
      - frame-ancestors 'self'; report-uri https://api.datadoghq.com/csp-report
      Content-Type:
      - application/json
      Date:
      - Thu, 12 Aug 2021 16:28:39 GMT
      Pragma:
      - no-cache
      Strict-Transport-Security:
      - max-age=15724800;
      Vary:
      - Accept-Encoding
      X-Content-Type-Options:
      - nosniff
      X-Frame-Options:
      - SAMEORIGIN
    status: 200 OK
- request:
    body: ''
    form: {}
    headers:
      Accept:
      - application/json, */*;q=0.8
      Connection:
      - close
      Host:
      - api.datadoghq.com
      User-Agent:
      - datadog-api-client-typescript/1.0.0-beta.4+dev (node 16.3.0; os Darwin; arch
        x64)
      X-Datadog-Parent-Id:
      - '3089514925855613338'
      X-Datadog-Trace-Id:
      - '3089514925855613338'
    method: DELETE
    url: https://api.datadoghq.com/api/v1/integration/webhooks/configuration/custom-variables/TESTUPDATEACUSTOMVARIABLERETURNSOKRESPONSE1628785718
  response:
    body: '{}'
    code: 200
    duration: ''
    headers:
      Cache-Control:
      - no-cache
      Connection:
      - close
      Content-Length:
      - '2'
      Content-Security-Policy:
      - frame-ancestors 'self'; report-uri https://api.datadoghq.com/csp-report
      Content-Type:
      - application/json
      Date:
      - Thu, 12 Aug 2021 16:28:39 GMT
      Pragma:
      - no-cache
      Strict-Transport-Security:
      - max-age=15724800;
      X-Content-Type-Options:
      - nosniff
      X-Frame-Options:
      - SAMEORIGIN
    status: 200 OK
version: 1
