---
version: 1
interactions:
- request:
    body: |
      {"message":"some message Notify: @hipchat-channel","name":"Test-TestMonitorDowntime-1655816802","options":{"enable_logs_sample":true,"escalation_message":"the situation has escalated","evaluation_delay":700,"groupby_simple_monitor":true,"include_tags":true,"locked":false,"new_host_delay":600,"no_data_timeframe":null,"notify_audit":false,"notify_no_data":false,"renotify_interval":60,"require_full_window":true,"thresholds":{"critical":2,"warning":1},"timeout_h":1},"priority":3,"query":"logs(\"service:foo AND type:error\").index(\"main\").rollup(\"count\").by(\"source\").last(\"5m\") \u003e 2","restricted_roles":["94172442-be03-11e9-a77a-3b7612558ac1"],"tags":["test","client:go"],"type":"log alert"}
    form: {}
    headers:
      Accept:
      - application/json
      Content-Length:
      - "706"
      Content-Type:
      - application/json
      User-Agent:
      - datadogV1-api-client-go/1.14.1+dev (go go1.18; os darwin; arch amd64)
      X-Datadog-Parent-Id:
      - "8273802224016047965"
      X-Datadog-Sampling-Priority:
      - "2"
      X-Datadog-Trace-Id:
      - "1714881882910684407"
    url: https://api.datadoghq.com/api/v1/monitor
    method: POST
  response:
    body: '{"restricted_roles":["94172442-be03-11e9-a77a-3b7612558ac1"],"tags":["test","client:go"],"deleted":null,"query":"logs(\"service:foo
      AND type:error\").index(\"main\").rollup(\"count\").by(\"source\").last(\"5m\")
      > 2","message":"some message Notify: @hipchat-channel","id":74567304,"multi":true,"name":"Test-TestMonitorDowntime-1655816802","created":"2022-06-21T13:06:43.369792+00:00","created_at":1655816803000,"creator":{"id":1445416,"handle":"frog@datadoghq.com","name":null,"email":"frog@datadoghq.com"},"org_id":321813,"modified":"2022-06-21T13:06:43.369792+00:00","priority":3,"overall_state_modified":null,"overall_state":"No
      Data","type":"log alert","options":{"notify_audit":false,"locked":false,"timeout_h":1,"renotify_interval":60,"include_tags":true,"no_data_timeframe":null,"silenced":{},"new_host_delay":600,"require_full_window":true,"notify_no_data":false,"enable_logs_sample":true,"groupby_simple_monitor":true,"escalation_message":"the
      situation has escalated","evaluation_delay":700,"thresholds":{"critical":2.0,"warning":1.0}}}'
    headers:
      Cache-Control:
      - no-cache
      Connection:
      - keep-alive
      Content-Type:
      - application/json
      Date:
      - Tue, 21 Jun 2022 13:06:43 GMT
      Pragma:
      - no-cache
      Strict-Transport-Security:
      - max-age=15724800;
      Vary:
      - Accept-Encoding
      X-Content-Type-Options:
      - nosniff
      X-Frame-Options:
      - SAMEORIGIN
      X-Ratelimit-Limit:
      - "500"
      X-Ratelimit-Name:
      - post_monitors
      X-Ratelimit-Period:
      - "10"
      X-Ratelimit-Remaining:
      - "499"
      X-Ratelimit-Reset:
      - "7"
    status: 200 OK
    code: 200
    duration: ""
- request:
    body: |
      {"message":"Test-TestMonitorDowntime-1655816802","monitor_id":74567304,"scope":["*"],"start":1655816802,"timezone":"Etc/UTC"}
    form: {}
    headers:
      Accept:
      - application/json
      Content-Length:
      - "126"
      Content-Type:
      - application/json
      User-Agent:
      - datadogV1-api-client-go/1.14.1+dev (go go1.18; os darwin; arch amd64)
      X-Datadog-Parent-Id:
      - "6734383826475069549"
      X-Datadog-Sampling-Priority:
      - "2"
      X-Datadog-Trace-Id:
      - "1714881882910684407"
    url: https://api.datadoghq.com/api/v1/downtime
    method: POST
  response:
    body: '{"recurrence":null,"end":null,"monitor_tags":["*"],"child_id":null,"canceled":null,"monitor_id":74567304,"mute_first_recovery_notification":false,"created":1655816803,"org_id":321813,"modified":1655816803,"disabled":false,"start":1655816802,"creator_id":1445416,"parent_id":null,"timezone":"Etc/UTC","active":true,"scope":["*"],"message":"Test-TestMonitorDowntime-1655816802","downtime_type":0,"id":2033515434,"updater_id":null}'
    headers:
      Cache-Control:
      - no-cache
      Connection:
      - keep-alive
      Content-Type:
      - application/json
      Date:
      - Tue, 21 Jun 2022 13:06:43 GMT
      Pragma:
      - no-cache
      Strict-Transport-Security:
      - max-age=15724800;
      Vary:
      - Accept-Encoding
      X-Content-Type-Options:
      - nosniff
      X-Frame-Options:
      - SAMEORIGIN
      X-Ratelimit-Limit:
      - "12000"
      X-Ratelimit-Period:
      - "60"
      X-Ratelimit-Remaining:
      - "11993"
      X-Ratelimit-Reset:
      - "17"
    status: 200 OK
    code: 200
    duration: ""
- request:
    body: ""
    form: {}
    headers:
      Accept:
      - '*/*'
      User-Agent:
      - datadogV1-api-client-go/1.14.1+dev (go go1.18; os darwin; arch amd64)
      X-Datadog-Parent-Id:
      - "5594736266928644510"
      X-Datadog-Sampling-Priority:
      - "2"
      X-Datadog-Trace-Id:
      - "1714881882910684407"
    url: https://api.datadoghq.com/api/v1/downtime/2033515434
    method: DELETE
  response:
    body: ""
    headers:
      Cache-Control:
      - no-cache
      Connection:
      - keep-alive
      Date:
      - Tue, 21 Jun 2022 13:06:43 GMT
      Pragma:
      - no-cache
      Strict-Transport-Security:
      - max-age=15724800;
      Vary:
      - Accept-Encoding
      X-Content-Type-Options:
      - nosniff
      X-Frame-Options:
      - SAMEORIGIN
      X-Ratelimit-Limit:
      - "12000"
      X-Ratelimit-Period:
      - "60"
      X-Ratelimit-Remaining:
      - "11992"
      X-Ratelimit-Reset:
      - "17"
    status: 204 No Content
    code: 204
    duration: ""
- request:
    body: ""
    form: {}
    headers:
      Accept:
      - application/json
      User-Agent:
      - datadogV1-api-client-go/1.14.1+dev (go go1.18; os darwin; arch amd64)
      X-Datadog-Parent-Id:
      - "8307762468800524758"
      X-Datadog-Sampling-Priority:
      - "2"
      X-Datadog-Trace-Id:
      - "1714881882910684407"
    url: https://api.datadoghq.com/api/v1/monitor/74567304
    method: DELETE
  response:
    body: '{"deleted_monitor_id":74567304}'
    headers:
      Cache-Control:
      - no-cache
      Connection:
      - keep-alive
      Content-Type:
      - application/json
      Date:
      - Tue, 21 Jun 2022 13:06:44 GMT
      Pragma:
      - no-cache
      Strict-Transport-Security:
      - max-age=15724800;
      Vary:
      - Accept-Encoding
      X-Content-Type-Options:
      - nosniff
      X-Frame-Options:
      - SAMEORIGIN
      X-Ratelimit-Limit:
      - "12000"
      X-Ratelimit-Period:
      - "60"
      X-Ratelimit-Remaining:
      - "11991"
      X-Ratelimit-Reset:
      - "16"
    status: 200 OK
    code: 200
    duration: ""
