interactions:
- request:
    body: |
      {"data":{"attributes":{"compute":{"aggregation_type":"distribution","include_percentiles":true,"path":"@duration"},"event_type":"session","filter":{"query":"source:Test-Delete_a_rum_based_metric_returns_No_Content_response-1730203162"},"group_by":[{"path":"@browser.name","tag_name":"browser_name"}],"uniqueness":{"when":"match"}},"id":"Test-Delete_a_rum_based_metric_returns_No_Content_response-1730203162","type":"rum_metrics"}}
    form: {}
    headers:
      Accept:
      - application/json
      Content-Type:
      - application/json
    id: 0
    method: POST
    url: https://api.datadoghq.com/api/v2/rum/config/metrics
  response:
    body: '{"data":{"id":"Test_Delete_a_rum_based_metric_returns_No_Content_response_1730203162","type":"rum_metrics","attributes":{"compute":{"aggregation_type":"distribution","include_percentiles":true,"path":"@duration"},"event_type":"session","filter":{"query":"source:Test-Delete_a_rum_based_metric_returns_No_Content_response-1730203162"},"group_by":[{"path":"@browser.name","tag_name":"browser_name"}],"uniqueness":{"when":"match"}}}}'
    code: 201
    duration: 0ms
    headers:
      Content-Type:
      - application/vnd.api+json
    status: 201 Created
- request:
    body: ''
    form: {}
    headers:
      Accept:
      - '*/*'
    id: 1
    method: DELETE
    url: https://api.datadoghq.com/api/v2/rum/config/metrics/Test_Delete_a_rum_based_metric_returns_No_Content_response_1730203162
  response:
    body: ''
    code: 204
    duration: 0ms
    headers: {}
    status: 204 No Content
- request:
    body: ''
    form: {}
    headers:
      Accept:
      - '*/*'
    id: 2
    method: DELETE
    url: https://api.datadoghq.com/api/v2/rum/config/metrics/Test_Delete_a_rum_based_metric_returns_No_Content_response_1730203162
  response:
    body: '{"errors":[{"status":"404","title":"Not Found","detail":"not_found(Metric
      with name ''Test_Delete_a_rum_based_metric_returns_No_Content_response_1730203162''
      not found)"}]}'
    code: 404
    duration: 0ms
    headers:
      Content-Type:
      - application/vnd.api+json
    status: 404 Not Found
version: 2
