interactions:
- request:
    body: |
      {"data":{"attributes":{"name":"Test-Delete_workflow_webhook_handle_returns_OK_response-1748457950","url":"https://prod-100.westus.logic.azure.com:443/workflows/abcd1234"},"type":"workflows-webhook-handle"}}
    form: {}
    headers:
      Accept:
      - application/json
      Content-Type:
      - application/json
    id: 0
    method: POST
    url: https://api.datadoghq.com/api/v2/integration/ms-teams/configuration/workflows-webhook-handles
  response:
    body: '{"data":{"id":"9d270a4a-287c-4225-a1cf-3b657416a471","type":"workflows-webhook-handle","attributes":{"name":"Test-Delete_workflow_webhook_handle_returns_OK_response-1748457950"}}}'
    code: 201
    duration: 0ms
    headers:
      Content-Type:
      - application/vnd.api+json
    status: 201 Created
- request:
    body: ''
    form: {}
    headers:
      Accept:
      - '*/*'
    id: 1
    method: DELETE
    url: https://api.datadoghq.com/api/v2/integration/ms-teams/configuration/workflows-webhook-handles/9d270a4a-287c-4225-a1cf-3b657416a471
  response:
    body: ''
    code: 204
    duration: 0ms
    headers: {}
    status: 204 No Content
- request:
    body: ''
    form: {}
    headers:
      Accept:
      - '*/*'
    id: 2
    method: DELETE
    url: https://api.datadoghq.com/api/v2/integration/ms-teams/configuration/workflows-webhook-handles/9d270a4a-287c-4225-a1cf-3b657416a471
  response:
    body: ''
    code: 204
    duration: 0ms
    headers: {}
    status: 204 No Content
version: 2
