interactions:
- request:
    body: ''
    form: {}
    headers:
      Accept:
      - application/json
    id: 0
    method: GET
    url: https://api.datadoghq.com/api/v2/sensitive-data-scanner/config
  response:
    body: '{"data":{"attributes":{},"id":"7957915c634d4dcb581fa154157f5ad9c2947f50be632fb5599862069f4d2d87","relationships":{"groups":{"data":[]}},"type":"sensitive_data_scanner_configuration"},"meta":{"count_limit":500,"group_count_limit":20,"has_cascading_enabled":false,"has_highlight_enabled":true,"has_multi_pass_enabled":true,"is_configuration_superseded":false,"is_float_sampling_rate_enabled":false,"is_pci_compliant":false,"min_sampling_rate":10,"rule_count_limit":500,"version":277993}}'
    code: 200
    duration: 0ms
    headers:
      Content-Type:
      - application/vnd.api+json
    status: 200 OK
- request:
    body: |
      {"data":{"attributes":{"filter":{"query":"*"},"is_enabled":false,"name":"my-test-group","product_list":["logs"],"samplings":[{"product":"logs","rate":100}]},"relationships":{"configuration":{"data":{"id":"7957915c634d4dcb581fa154157f5ad9c2947f50be632fb5599862069f4d2d87","type":"sensitive_data_scanner_configuration"}},"rules":{"data":[]}},"type":"sensitive_data_scanner_group"},"meta":{}}
    form: {}
    headers:
      Accept:
      - application/json
      Content-Type:
      - application/json
    id: 1
    method: POST
    url: https://api.datadoghq.com/api/v2/sensitive-data-scanner/config/groups
  response:
    body: '{"data":{"id":"966a1ab3-056d-4af9-a205-68e570e54c85","type":"sensitive_data_scanner_group","attributes":{"description":"","filter":{"query":"*"},"is_enabled":false,"name":"my-test-group","product_list":["logs"],"samplings":[{"product":"logs","rate":100}]},"relationships":{"configuration":{"data":{"id":"7957915c634d4dcb581fa154157f5ad9c2947f50be632fb5599862069f4d2d87","type":"sensitive_data_scanner_configuration"}},"rules":{"data":[]}}},"meta":{"version":277994}}'
    code: 201
    duration: 0ms
    headers:
      Content-Type:
      - application/vnd.api+json
    status: 201 Created
- request:
    body: |
      {"data":{"attributes":{"is_enabled":true,"name":"Test-Create_Scanning_Rule_with_should_save_match_returns_OK_response-1768828268","pattern":"pattern","priority":1,"tags":["sensitive_data:true"],"text_replacement":{"replacement_string":"REDACTED","should_save_match":true,"type":"replacement_string"}},"relationships":{"group":{"data":{"id":"966a1ab3-056d-4af9-a205-68e570e54c85","type":"sensitive_data_scanner_group"}}},"type":"sensitive_data_scanner_rule"},"meta":{}}
    form: {}
    headers:
      Accept:
      - application/json
      Content-Type:
      - application/json
    id: 2
    method: POST
    url: https://api.datadoghq.com/api/v2/sensitive-data-scanner/config/rules
  response:
    body: '{"data":{"id":"55dfd131-7ae1-4021-be59-4e4824eccc6f","type":"sensitive_data_scanner_rule","attributes":{"excluded_namespaces":[],"is_enabled":true,"labels":[],"name":"Test-Create_Scanning_Rule_with_should_save_match_returns_OK_response-1768828268","namespaces":[],"pattern":"pattern","priority":1,"tags":["sensitive_data:true"],"text_replacement":{"type":"replacement_string","replacement_string":"REDACTED","should_save_match":true}},"relationships":{"group":{"data":{"id":"966a1ab3-056d-4af9-a205-68e570e54c85","type":"sensitive_data_scanner_group"}}}},"meta":{"version":277995}}'
    code: 201
    duration: 0ms
    headers:
      Content-Type:
      - application/vnd.api+json
    status: 201 Created
- request:
    body: |
      {"meta":{}}
    form: {}
    headers:
      Accept:
      - application/json
      Content-Type:
      - application/json
    id: 3
    method: DELETE
    url: https://api.datadoghq.com/api/v2/sensitive-data-scanner/config/rules/55dfd131-7ae1-4021-be59-4e4824eccc6f
  response:
    body: '{"meta":{"version":277996}}'
    code: 200
    duration: 0ms
    headers:
      Content-Type:
      - application/vnd.api+json
    status: 200 OK
- request:
    body: |
      {"meta":{}}
    form: {}
    headers:
      Accept:
      - application/json
      Content-Type:
      - application/json
    id: 4
    method: DELETE
    url: https://api.datadoghq.com/api/v2/sensitive-data-scanner/config/groups/966a1ab3-056d-4af9-a205-68e570e54c85
  response:
    body: '{"meta":{"version":277997}}'
    code: 200
    duration: 0ms
    headers:
      Content-Type:
      - application/vnd.api+json
    status: 200 OK
version: 2
