---
version: 1
interactions:
- request:
    body: |
      {"data":{"attributes":{"name":"go-TestScenarios-Feature_Incident_Services-Scenario_Delete_an_existing_incident_service_returns__OK__response-Given_there_is_a_valid__service__in_the_system-local-1603475946"},"type":"services"}}
    form: {}
    headers:
      Accept:
      - application/json
      Content-Type:
      - application/json
      Dd-Operation-Id:
      - CreateIncidentService
      User-Agent:
      - datadog-api-client-go/1.0.0-beta.9+dev (go go1.15.2; os darwin; arch amd64)
      X-Datadog-Parent-Id:
      - "5327131862446625344"
      X-Datadog-Sampling-Priority:
      - "1"
      X-Datadog-Trace-Id:
      - "290230225736737601"
    url: https://api.datadoghq.com/api/v2/services
    method: POST
  response:
    body: '{"included":[{"type":"users","id":"3ad549bf-eba0-11e9-a77a-0705486660d0","attributes":{"name":null,"handle":"frog@datadoghq.com","created_at":"2019-10-02T08:15:39.795051+00:00","email":"frog@datadoghq.com","icon":"https://secure.gravatar.com/avatar/28a16dfe36e73b60c1d55872cb0f1172?s=48&d=retro","title":null,"verified":true,"disabled":false,"allowed_login_methods":[],"status":"Active"},"relationships":{"org":{"data":{"type":"orgs","id":"4dee724d-00cc-11ea-a77b-570c9d03c6c5"}}}}],"data":{"type":"services","id":"1d001ebb-9e22-5ee1-8b3f-15c62055d33f","attributes":{"name":"go-TestScenarios-Feature_Incident_Services-Scenario_Delete_an_existing_incident_service_returns__OK__response-Given_there_is_a_valid__service__in_the_system-local-1603475946","created":"2020-10-23T17:59:06.221099+00:00","modified":"2020-10-23T17:59:06.221099+00:00"},"relationships":{"last_modified_by":{"data":{"type":"users","id":"3ad549bf-eba0-11e9-a77a-0705486660d0"}},"created_by":{"data":{"type":"users","id":"3ad549bf-eba0-11e9-a77a-0705486660d0"}}}}}'
    headers:
      Cache-Control:
      - no-cache
      Connection:
      - keep-alive
      Content-Length:
      - "1033"
      Content-Type:
      - application/json
      Date:
      - Fri, 23 Oct 2020 17:59:06 GMT
      Dd-Pool:
      - dogweb
      Pragma:
      - no-cache
      Set-Cookie:
      - DD-PSHARD=233; Max-Age=604800; Path=/; expires=Fri, 30-Oct-2020 17:59:06 GMT;
        secure; HttpOnly
      Strict-Transport-Security:
      - max-age=15724800;
      X-Content-Type-Options:
      - nosniff
      X-Dd-Debug:
      - TlObKNxJC6mRjORAptBjah7X7IZlZoWDhxDuIhUdNUMmnkpihyb67mpyYPwy4Xl5
      X-Dd-Version:
      - "35.3248028"
      X-Frame-Options:
      - SAMEORIGIN
      X-Ratelimit-Limit:
      - "12000"
      X-Ratelimit-Period:
      - "60"
      X-Ratelimit-Remaining:
      - "11997"
      X-Ratelimit-Reset:
      - "54"
    status: 201 Created
    code: 201
    duration: ""
- request:
    body: ""
    form: {}
    headers:
      Accept:
      - application/json
      Dd-Operation-Id:
      - DeleteIncidentService
      User-Agent:
      - datadog-api-client-go/1.0.0-beta.9+dev (go go1.15.2; os darwin; arch amd64)
      X-Datadog-Parent-Id:
      - "9171255767536943447"
      X-Datadog-Sampling-Priority:
      - "1"
      X-Datadog-Trace-Id:
      - "290230225736737601"
    url: https://api.datadoghq.com/api/v2/services/1d001ebb-9e22-5ee1-8b3f-15c62055d33f
    method: DELETE
  response:
    body: ""
    headers:
      Cache-Control:
      - no-cache
      Connection:
      - keep-alive
      Content-Length:
      - "0"
      Content-Type:
      - application/json
      Date:
      - Fri, 23 Oct 2020 17:59:06 GMT
      Dd-Pool:
      - dogweb
      Pragma:
      - no-cache
      Set-Cookie:
      - DD-PSHARD=233; Max-Age=604800; Path=/; expires=Fri, 30-Oct-2020 17:59:06 GMT;
        secure; HttpOnly
      Strict-Transport-Security:
      - max-age=15724800;
      X-Content-Type-Options:
      - nosniff
      X-Dd-Debug:
      - Et2YiqVRxti9EZo6Gk/yyRrgDmYxZuoE62JE6GLJjDYX0PgDmkmo9d4ASFrtRIDj
      X-Dd-Version:
      - "35.3248028"
      X-Frame-Options:
      - SAMEORIGIN
      X-Ratelimit-Limit:
      - "12000"
      X-Ratelimit-Period:
      - "60"
      X-Ratelimit-Remaining:
      - "11999"
      X-Ratelimit-Reset:
      - "54"
    status: 204 No Content
    code: 204
    duration: ""
- request:
    body: ""
    form: {}
    headers:
      Accept:
      - application/json
      Dd-Operation-Id:
      - DeleteIncidentService
      User-Agent:
      - datadog-api-client-go/1.0.0-beta.9+dev (go go1.15.2; os darwin; arch amd64)
      X-Datadog-Parent-Id:
      - "1022502840623556963"
      X-Datadog-Sampling-Priority:
      - "1"
      X-Datadog-Trace-Id:
      - "290230225736737601"
    url: https://api.datadoghq.com/api/v2/services/1d001ebb-9e22-5ee1-8b3f-15c62055d33f
    method: DELETE
  response:
    body: '{"errors": ["service 1d001ebb-9e22-5ee1-8b3f-15c62055d33f not found"]}'
    headers:
      Cache-Control:
      - no-cache
      Connection:
      - keep-alive
      Content-Type:
      - application/json
      Date:
      - Fri, 23 Oct 2020 17:59:06 GMT
      Dd-Pool:
      - dogweb
      Pragma:
      - no-cache
      Strict-Transport-Security:
      - max-age=15724800;
      Vary:
      - Accept-Encoding
      X-Content-Type-Options:
      - nosniff
      X-Dd-Version:
      - "35.3248028"
      X-Frame-Options:
      - SAMEORIGIN
      X-Ratelimit-Limit:
      - "12000"
      X-Ratelimit-Period:
      - "60"
      X-Ratelimit-Remaining:
      - "11998"
      X-Ratelimit-Reset:
      - "54"
    status: 404 Not Found
    code: 404
    duration: ""
