---
version: 1
interactions:
- request:
    body: |
      {"cases":[{"condition":"a \u003e 0","name":"","notifications":[],"status":"info"}],"filters":[],"isEnabled":true,"message":"Test rule","name":"Test-Delete_an_existing_rule_returns_OK_response-1618221005","options":{"evaluationWindow":900,"keepAlive":3600,"maxSignalDuration":86400},"queries":[{"aggregation":"count","distinctFields":[],"groupByFields":[],"metric":"","query":"@test:true"}],"tags":[]}
    form: {}
    headers:
      Accept:
      - application/json
      Content-Type:
      - application/json
      Dd-Operation-Id:
      - CreateSecurityMonitoringRule
      User-Agent:
      - datadog-api-client-go/1.0.0-beta.19+dev (go go1.15.7; os darwin; arch amd64)
      X-Datadog-Parent-Id:
      - "4479930115650312916"
      X-Datadog-Sampling-Priority:
      - "1"
      X-Datadog-Trace-Id:
      - "3343867635962165155"
    url: https://api.datadoghq.com/api/v2/security_monitoring/rules
    method: POST
  response:
    body: '{"creationAuthorId":1445416,"tags":[],"isEnabled":true,"hasExtendedTitle":false,"message":"Test
      rule","options":{"detectionMethod":"threshold","evaluationWindow":900,"maxSignalDuration":86400,"keepAlive":3600},"version":1,"createdAt":1618221005289,"filters":[],"queries":[{"distinctFields":[],"name":"","metric":"","aggregation":"count","groupByFields":[],"query":"@test:true","trackType":"logs"}],"isDeleted":false,"cases":[{"status":"info","notifications":[],"name":"","condition":"a
      > 0"}],"type":"log_detection","id":"kel-gav-d2a","isDefault":false,"name":"Test-Delete_an_existing_rule_returns_OK_response-1618221005"}'
    headers:
      Cache-Control:
      - no-cache
      Connection:
      - keep-alive
      Content-Disposition:
      - inline
      Content-Type:
      - application/json;charset=utf-8
      Date:
      - Mon, 12 Apr 2021 09:50:05 GMT
      Pragma:
      - no-cache
      Strict-Transport-Security:
      - max-age=15724800;
      Vary:
      - Accept-Encoding
      X-Content-Type-Options:
      - nosniff
      X-Dd-Debug:
      - fIO2C4qGDheGHy4YbS+r3a3CXbh4cbRo7roILOimQyiHGjQdOat0cIpWCkupM1uX
      X-Dd-Version:
      - "35.4287331"
      X-Frame-Options:
      - SAMEORIGIN
    status: 200 OK
    code: 200
    duration: ""
- request:
    body: ""
    form: {}
    headers:
      Accept:
      - application/json
      Dd-Operation-Id:
      - DeleteSecurityMonitoringRule
      User-Agent:
      - datadog-api-client-go/1.0.0-beta.19+dev (go go1.15.7; os darwin; arch amd64)
      X-Datadog-Parent-Id:
      - "653970266180695291"
      X-Datadog-Sampling-Priority:
      - "1"
      X-Datadog-Trace-Id:
      - "3343867635962165155"
    url: https://api.datadoghq.com/api/v2/security_monitoring/rules/kel-gav-d2a
    method: DELETE
  response:
    body: ""
    headers:
      Cache-Control:
      - no-cache
      Connection:
      - keep-alive
      Content-Disposition:
      - inline
      Content-Length:
      - "0"
      Date:
      - Mon, 12 Apr 2021 09:50:05 GMT
      Pragma:
      - no-cache
      Strict-Transport-Security:
      - max-age=15724800;
      X-Content-Type-Options:
      - nosniff
      X-Dd-Debug:
      - vdJ3/nHEY1ioXQ6pQrBVvsQK1s4yyc+wufBMPSoXql71qZVuP/xMdtNo6DafhOAk
      X-Dd-Version:
      - "35.4287331"
      X-Frame-Options:
      - SAMEORIGIN
    status: 204 No Content
    code: 204
    duration: ""
- request:
    body: ""
    form: {}
    headers:
      Accept:
      - application/json
      Dd-Operation-Id:
      - DeleteSecurityMonitoringRule
      User-Agent:
      - datadog-api-client-go/1.0.0-beta.19+dev (go go1.15.7; os darwin; arch amd64)
      X-Datadog-Parent-Id:
      - "3098331987679041743"
      X-Datadog-Sampling-Priority:
      - "1"
      X-Datadog-Trace-Id:
      - "3343867635962165155"
    url: https://api.datadoghq.com/api/v2/security_monitoring/rules/kel-gav-d2a
    method: DELETE
  response:
    body: '{"errors":["Threat detection rule not found: kel-gav-d2a"]}'
    headers:
      Cache-Control:
      - no-cache
      Connection:
      - keep-alive
      Content-Type:
      - application/json
      Date:
      - Mon, 12 Apr 2021 09:50:05 GMT
      Pragma:
      - no-cache
      Strict-Transport-Security:
      - max-age=15724800;
      Vary:
      - Accept-Encoding
      X-Content-Type-Options:
      - nosniff
      X-Dd-Version:
      - "35.4287331"
      X-Frame-Options:
      - SAMEORIGIN
    status: 404 Not Found
    code: 404
    duration: ""
