interactions:
- request:
    body: |
      {"account_id":"170059471500","account_specific_namespace_rules":{"auto_scaling":false},"cspm_resource_collection_enabled":true,"excluded_regions":["us-east-1","us-west-2"],"filter_tags":["$KEY:$VALUE"],"host_tags":["$KEY:$VALUE"],"metrics_collection_enabled":false,"resource_collection_enabled":true,"role_name":"DatadogAWSIntegrationRole"}
    form: {}
    headers:
      Accept:
      - application/json
      Content-Type:
      - application/json
    id: 0
    method: POST
    url: https://api.datadoghq.com/api/v1/integration/aws
  response:
    body: '{"external_id":"77c77ead62584b0fa1bb6a9fe7d2fa28"}

      '
    code: 200
    duration: 0ms
    headers:
      Content-Type:
      - application/json
    status: 200 OK
- request:
    body: |
      {"account_id":"170059471500","role_name":"DatadogAWSIntegrationRole"}
    form: {}
    headers:
      Accept:
      - application/json
      Content-Type:
      - application/json
    id: 1
    method: DELETE
    url: https://api.datadoghq.com/api/v1/integration/aws
  response:
    body: '{}

      '
    code: 200
    duration: 0ms
    headers:
      Content-Type:
      - application/json
    status: 200 OK
- request:
    body: |
      {"account_id":"170059471500","role_name":"DatadogAWSIntegrationRole"}
    form: {}
    headers:
      Accept:
      - application/json
      Content-Type:
      - application/json
    id: 2
    method: DELETE
    url: https://api.datadoghq.com/api/v1/integration/aws
  response:
    body: '{"errors":["AWS account 170059471500 does not exist in integration"]}'
    code: 400
    duration: 0ms
    headers:
      Content-Type:
      - application/json
    status: 400 Bad Request
version: 2
