---
version: 1
interactions:
- request:
    body: |
      {"data":{"attributes":{"email":"Test-Create_an_incident_returns_CREATED_response-1617974738@datadoghq.com","title":"user title"},"type":"users"}}
    form: {}
    headers:
      Accept:
      - application/json
      Content-Type:
      - application/json
      Dd-Operation-Id:
      - CreateUser
      User-Agent:
      - datadog-api-client-go/1.0.0-beta.19+dev (go go1.15.7; os darwin; arch amd64)
      X-Datadog-Parent-Id:
      - "8533149075551522178"
      X-Datadog-Sampling-Priority:
      - "1"
      X-Datadog-Trace-Id:
      - "3706664916712389151"
    url: https://api.datadoghq.com/api/v2/users
    method: POST
  response:
    body: '{"data":{"type":"users","id":"12d594fc-9937-11eb-9ceb-da7ad0900002","attributes":{"name":null,"handle":"test-create_an_incident_returns_created_response-1617974738@datadoghq.com","created_at":"2021-04-09T13:25:38.315384+00:00","modified_at":"2021-04-09T13:25:38.359470+00:00","email":"test-create_an_incident_returns_created_response-1617974738@datadoghq.com","icon":"https://secure.gravatar.com/avatar/973c0f818d302388d12b47aa50e69161?s=48&d=retro","title":"user
      title","verified":false,"service_account":false,"disabled":false,"allowed_login_methods":[],"status":"Pending"},"relationships":{"roles":{"data":[]},"org":{"data":{"type":"orgs","id":"4dee724d-00cc-11ea-a77b-570c9d03c6c5"}}}}}'
    headers:
      Cache-Control:
      - no-cache
      Connection:
      - keep-alive
      Content-Length:
      - "690"
      Content-Type:
      - application/json
      Date:
      - Fri, 09 Apr 2021 13:25:38 GMT
      Pragma:
      - no-cache
      Strict-Transport-Security:
      - max-age=15724800;
      X-Content-Type-Options:
      - nosniff
      X-Dd-Debug:
      - 25u1gDlL724DHllbjFT4BhOLorBTilh+aah2uWAUEjFC/+rjczJdiyWrV/HwLwe/
      X-Dd-Version:
      - "35.4276054"
      X-Frame-Options:
      - SAMEORIGIN
    status: 201 Created
    code: 201
    duration: ""
- request:
    body: |
      {"data":{"attributes":{"customer_impacted":false,"fields":{"state":{"type":"dropdown","value":"resolved"}},"title":"Test-Create_an_incident_returns_CREATED_response-1617974738"},"relationships":{"commander":{"data":{"id":"12d594fc-9937-11eb-9ceb-da7ad0900002","type":"users"}}},"type":"incidents"}}
    form: {}
    headers:
      Accept:
      - application/json
      Content-Type:
      - application/json
      Dd-Operation-Id:
      - CreateIncident
      User-Agent:
      - datadog-api-client-go/1.0.0-beta.19+dev (go go1.15.7; os darwin; arch amd64)
      X-Datadog-Parent-Id:
      - "5738691568086973434"
      X-Datadog-Sampling-Priority:
      - "1"
      X-Datadog-Trace-Id:
      - "3706664916712389151"
    url: https://api.datadoghq.com/api/v2/incidents
    method: POST
  response:
    body: '{"data":{"type":"incidents","id":"94c3befc-8055-5e18-99bc-919437997e42","attributes":{"public_id":34256,"title":"Test-Create_an_incident_returns_CREATED_response-1617974738","resolved":null,"customer_impact_scope":null,"customer_impact_start":null,"customer_impact_end":null,"customer_impacted":false,"notification_handles":null,"last_modified_by":{"data":{"type":"users","id":"3ad549bf-eba0-11e9-a77a-0705486660d0","attributes":{"uuid":"3ad549bf-eba0-11e9-a77a-0705486660d0","handle":"frog@datadoghq.com","email":"frog@datadoghq.com","name":null,"icon":"https://secure.gravatar.com/avatar/28a16dfe36e73b60c1d55872cb0f1172?s=48&d=retro"}}},"last_modified_by_uuid":null,"created":"2021-04-09T13:25:38.525940+00:00","modified":"2021-04-09T13:25:38.525940+00:00","commander":{"data":{"type":"users","id":"12d594fc-9937-11eb-9ceb-da7ad0900002","attributes":{"uuid":"12d594fc-9937-11eb-9ceb-da7ad0900002","handle":"test-create_an_incident_returns_created_response-1617974738@datadoghq.com","email":"test-create_an_incident_returns_created_response-1617974738@datadoghq.com","name":null,"icon":"https://secure.gravatar.com/avatar/973c0f818d302388d12b47aa50e69161?s=48&d=retro"}}},"detected":"2021-04-09T13:25:38.523976+00:00","created_by":{"data":{"type":"users","id":"3ad549bf-eba0-11e9-a77a-0705486660d0","attributes":{"uuid":"3ad549bf-eba0-11e9-a77a-0705486660d0","handle":"frog@datadoghq.com","email":"frog@datadoghq.com","name":null,"icon":"https://secure.gravatar.com/avatar/28a16dfe36e73b60c1d55872cb0f1172?s=48&d=retro"}}},"created_by_uuid":null,"creation_idempotency_key":null,"customer_impact_duration":0,"time_to_detect":0,"time_to_repair":0,"time_to_internal_response":0,"time_to_resolve":0,"fields":{"severity":{"type":"dropdown","value":"UNKNOWN"},"detection_method":{"type":"dropdown","value":"unknown"},"root_cause":{"type":"textbox","value":null},"teams":{"type":"autocomplete","value":null},"state":{"type":"dropdown","value":"resolved"},"services":{"type":"autocomplete","value":null}},"field_analytics":null,"severity":"UNKNOWN","state":"resolved","non_datadog_creator":null},"relationships":{"created_by_user":{"data":{"type":"users","id":"3ad549bf-eba0-11e9-a77a-0705486660d0"}},"last_modified_by_user":{"data":{"type":"users","id":"3ad549bf-eba0-11e9-a77a-0705486660d0"}},"commander_user":{"data":{"type":"users","id":"12d594fc-9937-11eb-9ceb-da7ad0900002"}},"user_defined_fields":{"data":[{"type":"user_defined_field","id":"4148ead2-da45-548e-b6be-8e319bafc425"},{"type":"user_defined_field","id":"66b62f59-48f6-5fee-969a-0886b1db6dcd"},{"type":"user_defined_field","id":"299616f7-8acd-5403-886b-991656d6b982"},{"type":"user_defined_field","id":"ad2b9456-eaec-5bbd-9bae-e502d74e23f8"},{"type":"user_defined_field","id":"d8a54f16-8b2a-5ab4-87b8-5f0fa575c83e"},{"type":"user_defined_field","id":"623af0a5-f30c-577e-8146-09b8324bdb2d"}]},"integrations":{"data":[]},"attachments":{"data":[]},"responders":{"data":[]}}}}'
    headers:
      Cache-Control:
      - no-cache
      Connection:
      - keep-alive
      Content-Length:
      - "2933"
      Content-Type:
      - application/json
      Date:
      - Fri, 09 Apr 2021 13:25:38 GMT
      Pragma:
      - no-cache
      Strict-Transport-Security:
      - max-age=15724800;
      X-Content-Type-Options:
      - nosniff
      X-Dd-Debug:
      - S1wfaMZOKGT/IoMw6fqAwAwGWo2vQ44sjF3YzuETnQfxZO2T5eJbs0aX3UKb9Dwu
      X-Dd-Version:
      - "35.4276054"
      X-Frame-Options:
      - SAMEORIGIN
      X-Ratelimit-Limit:
      - "400"
      X-Ratelimit-Period:
      - "3600"
      X-Ratelimit-Remaining:
      - "384"
      X-Ratelimit-Reset:
      - "2062"
    status: 201 Created
    code: 201
    duration: ""
- request:
    body: ""
    form: {}
    headers:
      Accept:
      - application/json
      Dd-Operation-Id:
      - DisableUser
      User-Agent:
      - datadog-api-client-go/1.0.0-beta.19+dev (go go1.15.7; os darwin; arch amd64)
      X-Datadog-Parent-Id:
      - "2157890688487582995"
      X-Datadog-Sampling-Priority:
      - "1"
      X-Datadog-Trace-Id:
      - "3706664916712389151"
    url: https://api.datadoghq.com/api/v2/users/12d594fc-9937-11eb-9ceb-da7ad0900002
    method: DELETE
  response:
    body: ""
    headers:
      Cache-Control:
      - no-cache
      Connection:
      - keep-alive
      Content-Length:
      - "0"
      Content-Type:
      - application/json
      Date:
      - Fri, 09 Apr 2021 13:25:38 GMT
      Pragma:
      - no-cache
      Strict-Transport-Security:
      - max-age=15724800;
      X-Content-Type-Options:
      - nosniff
      X-Dd-Debug:
      - LcgNasIYBRkNppmD6mCKE9J6iv0eEjosuuHR5V5zw2fWbR54i39C8dhdK8zDq/40
      X-Dd-Version:
      - "35.4276054"
      X-Frame-Options:
      - SAMEORIGIN
    status: 204 No Content
    code: 204
    duration: ""
- request:
    body: ""
    form: {}
    headers:
      Accept:
      - application/json
      Dd-Operation-Id:
      - DeleteIncident
      User-Agent:
      - datadog-api-client-go/1.0.0-beta.19+dev (go go1.15.7; os darwin; arch amd64)
      X-Datadog-Parent-Id:
      - "1572087083677577771"
      X-Datadog-Sampling-Priority:
      - "1"
      X-Datadog-Trace-Id:
      - "3706664916712389151"
    url: https://api.datadoghq.com/api/v2/incidents/94c3befc-8055-5e18-99bc-919437997e42
    method: DELETE
  response:
    body: ""
    headers:
      Cache-Control:
      - no-cache
      Connection:
      - keep-alive
      Content-Length:
      - "0"
      Content-Type:
      - application/json
      Date:
      - Fri, 09 Apr 2021 13:25:39 GMT
      Pragma:
      - no-cache
      Strict-Transport-Security:
      - max-age=15724800;
      X-Content-Type-Options:
      - nosniff
      X-Dd-Debug:
      - bgHykj7A9bfZx0Y5ZO3swhhp5tGUSNJHqFWR868+qg087CYrDOd5hQslC+noiEtH
      X-Dd-Version:
      - "35.4276054"
      X-Frame-Options:
      - SAMEORIGIN
      X-Ratelimit-Limit:
      - "400"
      X-Ratelimit-Period:
      - "60"
      X-Ratelimit-Remaining:
      - "399"
      X-Ratelimit-Reset:
      - "21"
    status: 204 No Content
    code: 204
    duration: ""
