---
version: 1
interactions:
- request:
    body: |
      {"data":{"attributes":{"customer_impacted":false,"title":"go-TestScenarios-Feature_Incidents-Scenario_Get_the_details_of_an_incident_returns__OK__response-And_there_is_a_valid__incident__in_the_system-local-1601046823"},"type":"incidents"}}
    form: {}
    headers:
      Accept:
      - application/json
      Content-Type:
      - application/json
      Dd-Operation-Id:
      - CreateIncident
      User-Agent:
      - datadog-api-client-go/1.0.0-beta.9+dev (go go1.15.2; os darwin; arch amd64)
      X-Datadog-Parent-Id:
      - "6531812766828507702"
      X-Datadog-Sampling-Priority:
      - "1"
      X-Datadog-Trace-Id:
      - "1323337447500135725"
    url: https://api.datadoghq.com/api/v2/incidents
    method: POST
  response:
    body: '{"data":{"type":"incidents","id":"4e267a0b-720e-5615-b421-767853338b48","attributes":{"public_id":105,"postmortem_id":null,"title":"go-TestScenarios-Feature_Incidents-Scenario_Get_the_details_of_an_incident_returns__OK__response-And_there_is_a_valid__incident__in_the_system-local-1601046823","resolved":null,"customer_impact_scope":null,"customer_impact_start":null,"customer_impact_end":null,"customer_impacted":false,"last_modified_by":{"data":{"type":"users","id":"3ad549bf-eba0-11e9-a77a-0705486660d0","attributes":{"uuid":"3ad549bf-eba0-11e9-a77a-0705486660d0","handle":"frog@datadoghq.com","email":"frog@datadoghq.com","name":null,"icon":"https://secure.gravatar.com/avatar/28a16dfe36e73b60c1d55872cb0f1172?s=48&d=retro"}}},"last_modified_by_uuid":null,"created":"2020-09-25T15:13:43.186276+00:00","modified":"2020-09-25T15:13:43.186276+00:00","commander":{"data":{"type":"users","id":"3ad549bf-eba0-11e9-a77a-0705486660d0","attributes":{"uuid":"3ad549bf-eba0-11e9-a77a-0705486660d0","handle":"frog@datadoghq.com","email":"frog@datadoghq.com","name":null,"icon":"https://secure.gravatar.com/avatar/28a16dfe36e73b60c1d55872cb0f1172?s=48&d=retro"}}},"state":"active","detected":"2020-09-25T15:13:43.184614+00:00","created_by":{"data":{"type":"users","id":"3ad549bf-eba0-11e9-a77a-0705486660d0","attributes":{"uuid":"3ad549bf-eba0-11e9-a77a-0705486660d0","handle":"frog@datadoghq.com","email":"frog@datadoghq.com","name":null,"icon":"https://secure.gravatar.com/avatar/28a16dfe36e73b60c1d55872cb0f1172?s=48&d=retro"}}},"created_by_uuid":null,"creation_idempotency_key":null,"customer_impact_duration":0,"time_to_detect":0,"time_to_repair":0,"time_to_internal_response":0,"time_to_resolve":0,"severity":"UNKNOWN","udf_values":null,"additional_notifications":null},"relationships":{"created_by_user":{"data":{"type":"users","id":"3ad549bf-eba0-11e9-a77a-0705486660d0"}},"last_modified_by_user":{"data":{"type":"users","id":"3ad549bf-eba0-11e9-a77a-0705486660d0"}},"commander_user":{"data":{"type":"users","id":"3ad549bf-eba0-11e9-a77a-0705486660d0"}},"teams":{"data":[]},"services":{"data":[]},"user_defined_field_selections":{"data":[]},"user_defined_fields":{"data":[]},"postmortem":{"data":null},"integrations":{"data":[]}}}}'
    headers:
      Cache-Control:
      - no-cache
      Connection:
      - keep-alive
      Content-Length:
      - "2230"
      Content-Type:
      - application/json
      Date:
      - Fri, 25 Sep 2020 15:13:45 GMT
      Dd-Pool:
      - dogweb
      Pragma:
      - no-cache
      Set-Cookie:
      - DD-PSHARD=233; Max-Age=604800; Path=/; expires=Fri, 02-Oct-2020 15:13:43 GMT;
        secure; HttpOnly
      Strict-Transport-Security:
      - max-age=15724800;
      X-Content-Type-Options:
      - nosniff
      X-Dd-Debug:
      - H6mGk0NVWFFYd9VUP8vVAv2c5S84SY5SnfwDRAyGeGOpnNeKpu2AiMB1a9R6+y9D
      X-Dd-Version:
      - "35.3093372"
      X-Frame-Options:
      - SAMEORIGIN
    status: 201 Created
    code: 201
    duration: ""
- request:
    body: ""
    form: {}
    headers:
      Accept:
      - application/json
      Dd-Operation-Id:
      - GetIncident
      User-Agent:
      - datadog-api-client-go/1.0.0-beta.9+dev (go go1.15.2; os darwin; arch amd64)
      X-Datadog-Parent-Id:
      - "2510908388208162709"
      X-Datadog-Sampling-Priority:
      - "1"
      X-Datadog-Trace-Id:
      - "1323337447500135725"
    url: https://api.datadoghq.com/api/v2/incidents/4e267a0b-720e-5615-b421-767853338b48
    method: GET
  response:
    body: '{"data":{"type":"incidents","id":"4e267a0b-720e-5615-b421-767853338b48","attributes":{"public_id":105,"postmortem_id":null,"title":"go-TestScenarios-Feature_Incidents-Scenario_Get_the_details_of_an_incident_returns__OK__response-And_there_is_a_valid__incident__in_the_system-local-1601046823","resolved":null,"customer_impact_scope":null,"customer_impact_start":null,"customer_impact_end":null,"customer_impacted":false,"last_modified_by_uuid":"3ad549bf-eba0-11e9-a77a-0705486660d0","created":"2020-09-25T15:13:43.186276+00:00","modified":"2020-09-25T15:13:43.186276+00:00","state":"active","detected":"2020-09-25T15:13:43.184614+00:00","created_by_uuid":"3ad549bf-eba0-11e9-a77a-0705486660d0","creation_idempotency_key":null,"customer_impact_duration":0,"time_to_detect":0,"time_to_repair":0,"time_to_internal_response":0,"time_to_resolve":0,"severity":"UNKNOWN","udf_values":null},"relationships":{"created_by_user":{"data":{"type":"users","id":"3ad549bf-eba0-11e9-a77a-0705486660d0"}},"last_modified_by_user":{"data":{"type":"users","id":"3ad549bf-eba0-11e9-a77a-0705486660d0"}},"commander_user":{"data":{"type":"users","id":"3ad549bf-eba0-11e9-a77a-0705486660d0"}},"teams":{"data":[]},"services":{"data":[]},"user_defined_field_selections":{"data":[{"type":"user_defined_selection","id":"6c32301d-1a8a-5c99-97eb-ccd08bb8562b"},{"type":"user_defined_selection","id":"08728bea-617c-5576-ab88-cf1b9dd90077"},{"type":"user_defined_selection","id":"98968994-eb2f-5bf5-91f3-9fff71e28bc1"}]},"user_defined_fields":{"data":[{"type":"user_defined_field","id":"ad2b9456-eaec-5bbd-9bae-e502d74e23f8"},{"type":"user_defined_field","id":"66b62f59-48f6-5fee-969a-0886b1db6dcd"},{"type":"user_defined_field","id":"4148ead2-da45-548e-b6be-8e319bafc425"},{"type":"user_defined_field","id":"299616f7-8acd-5403-886b-991656d6b982"}]},"postmortem":{"data":null},"integrations":{"data":[]}}}}'
    headers:
      Cache-Control:
      - no-cache
      Connection:
      - keep-alive
      Content-Type:
      - application/json
      Date:
      - Fri, 25 Sep 2020 15:13:45 GMT
      Dd-Pool:
      - dogweb
      Pragma:
      - no-cache
      Set-Cookie:
      - DD-PSHARD=233; Max-Age=604800; Path=/; expires=Fri, 02-Oct-2020 15:13:45 GMT;
        secure; HttpOnly
      Strict-Transport-Security:
      - max-age=15724800;
      Vary:
      - Accept-Encoding
      X-Content-Type-Options:
      - nosniff
      X-Dd-Debug:
      - Xzkwy3Lys2FRGID1+VD70Hwjf/R/QThkPMaRafobZsVEfAegjDigJz2X0I3L4s9r
      X-Dd-Version:
      - "35.3093372"
      X-Frame-Options:
      - SAMEORIGIN
    status: 200 OK
    code: 200
    duration: ""
- request:
    body: ""
    form: {}
    headers:
      Accept:
      - application/json
      Dd-Operation-Id:
      - DeleteIncident
      User-Agent:
      - datadog-api-client-go/1.0.0-beta.9+dev (go go1.15.2; os darwin; arch amd64)
      X-Datadog-Parent-Id:
      - "5286034293421099512"
      X-Datadog-Sampling-Priority:
      - "1"
      X-Datadog-Trace-Id:
      - "1323337447500135725"
    url: https://api.datadoghq.com/api/v2/incidents/4e267a0b-720e-5615-b421-767853338b48
    method: DELETE
  response:
    body: ""
    headers:
      Cache-Control:
      - no-cache
      Connection:
      - keep-alive
      Content-Length:
      - "0"
      Content-Type:
      - application/json
      Date:
      - Fri, 25 Sep 2020 15:13:46 GMT
      Dd-Pool:
      - dogweb
      Pragma:
      - no-cache
      Set-Cookie:
      - DD-PSHARD=233; Max-Age=604800; Path=/; expires=Fri, 02-Oct-2020 15:13:45 GMT;
        secure; HttpOnly
      Strict-Transport-Security:
      - max-age=15724800;
      X-Content-Type-Options:
      - nosniff
      X-Dd-Debug:
      - IcBiRsjZgsw3C3GYI9UqZdfE26Zt8mXBfnPp610FoUCOarhFSAw0deJpN5v2N8Dj
      X-Dd-Version:
      - "35.3093372"
      X-Frame-Options:
      - SAMEORIGIN
    status: 204 No Content
    code: 204
    duration: ""
