---
version: 1
interactions:
- request:
    body: |
      {"data":{"attributes":{"customer_impacted":false,"title":"go-TestScenarios-Feature_Incidents-Scenario_Update_an_existing_incident_returns__OK__response-Given_there_is_a_valid__incident__in_the_system-local-1601066441"},"type":"incidents"}}
    form: {}
    headers:
      Accept:
      - application/json
      Content-Type:
      - application/json
      Dd-Operation-Id:
      - CreateIncident
      User-Agent:
      - datadog-api-client-go/1.0.0-beta.9+dev (go go1.15.2; os darwin; arch amd64)
      X-Datadog-Parent-Id:
      - "1110672234891079807"
      X-Datadog-Sampling-Priority:
      - "1"
      X-Datadog-Trace-Id:
      - "6525612364889618804"
    url: https://api.datadoghq.com/api/v2/incidents
    method: POST
  response:
    body: '{"data":{"type":"incidents","id":"7cd02c20-f1ce-5636-bb58-4cbfad5cac40","attributes":{"public_id":201,"postmortem_id":null,"title":"go-TestScenarios-Feature_Incidents-Scenario_Update_an_existing_incident_returns__OK__response-Given_there_is_a_valid__incident__in_the_system-local-1601066441","resolved":null,"customer_impact_scope":null,"customer_impact_start":null,"customer_impact_end":null,"customer_impacted":false,"last_modified_by":{"data":{"type":"users","id":"3ad549bf-eba0-11e9-a77a-0705486660d0","attributes":{"uuid":"3ad549bf-eba0-11e9-a77a-0705486660d0","handle":"frog@datadoghq.com","email":"frog@datadoghq.com","name":null,"icon":"https://secure.gravatar.com/avatar/28a16dfe36e73b60c1d55872cb0f1172?s=48&d=retro"}}},"last_modified_by_uuid":null,"created":"2020-09-25T20:40:41.728538+00:00","modified":"2020-09-25T20:40:41.728538+00:00","commander":{"data":{"type":"users","id":"3ad549bf-eba0-11e9-a77a-0705486660d0","attributes":{"uuid":"3ad549bf-eba0-11e9-a77a-0705486660d0","handle":"frog@datadoghq.com","email":"frog@datadoghq.com","name":null,"icon":"https://secure.gravatar.com/avatar/28a16dfe36e73b60c1d55872cb0f1172?s=48&d=retro"}}},"state":"active","detected":"2020-09-25T20:40:41.726952+00:00","created_by":{"data":{"type":"users","id":"3ad549bf-eba0-11e9-a77a-0705486660d0","attributes":{"uuid":"3ad549bf-eba0-11e9-a77a-0705486660d0","handle":"frog@datadoghq.com","email":"frog@datadoghq.com","name":null,"icon":"https://secure.gravatar.com/avatar/28a16dfe36e73b60c1d55872cb0f1172?s=48&d=retro"}}},"created_by_uuid":null,"creation_idempotency_key":null,"customer_impact_duration":0,"time_to_detect":0,"time_to_repair":0,"time_to_internal_response":0,"time_to_resolve":0,"severity":"UNKNOWN","udf_values":null,"additional_notifications":null},"relationships":{"created_by_user":{"data":{"type":"users","id":"3ad549bf-eba0-11e9-a77a-0705486660d0"}},"last_modified_by_user":{"data":{"type":"users","id":"3ad549bf-eba0-11e9-a77a-0705486660d0"}},"commander_user":{"data":{"type":"users","id":"3ad549bf-eba0-11e9-a77a-0705486660d0"}},"teams":{"data":[]},"services":{"data":[]},"user_defined_field_selections":{"data":[]},"user_defined_fields":{"data":[]},"postmortem":{"data":null},"integrations":{"data":[]}}}}'
    headers:
      Cache-Control:
      - no-cache
      Connection:
      - keep-alive
      Content-Length:
      - "2229"
      Content-Type:
      - application/json
      Date:
      - Fri, 25 Sep 2020 20:40:44 GMT
      Dd-Pool:
      - dogweb
      Pragma:
      - no-cache
      Set-Cookie:
      - DD-PSHARD=233; Max-Age=604800; Path=/; expires=Fri, 02-Oct-2020 20:40:41 GMT;
        secure; HttpOnly
      Strict-Transport-Security:
      - max-age=15724800;
      X-Content-Type-Options:
      - nosniff
      X-Dd-Debug:
      - 91aMs4Xd/NaPhGMoIvSvdd0mjw6sy0ZqzVUdTt9hqt35qwhu0snxCQESFXt90Pzi
      X-Dd-Version:
      - "35.3093372"
      X-Frame-Options:
      - SAMEORIGIN
    status: 201 Created
    code: 201
    duration: ""
- request:
    body: |
      {"data":{"attributes":{"title":"go-TestScenarios-Feature_Incidents-Scenario_Update_an_existing_incident_returns__OK__response-Given_there_is_a_valid__incident__in_the_system-local-1601066441-updated"},"id":"7cd02c20-f1ce-5636-bb58-4cbfad5cac40","type":"incidents"}}
    form: {}
    headers:
      Accept:
      - application/json
      Content-Type:
      - application/json
      Dd-Operation-Id:
      - UpdateIncident
      User-Agent:
      - datadog-api-client-go/1.0.0-beta.9+dev (go go1.15.2; os darwin; arch amd64)
      X-Datadog-Parent-Id:
      - "1240129407081788615"
      X-Datadog-Sampling-Priority:
      - "1"
      X-Datadog-Trace-Id:
      - "6525612364889618804"
    url: https://api.datadoghq.com/api/v2/incidents/7cd02c20-f1ce-5636-bb58-4cbfad5cac40
    method: PATCH
  response:
    body: '{"data":{"type":"incidents","id":"7cd02c20-f1ce-5636-bb58-4cbfad5cac40","attributes":{"public_id":201,"postmortem_id":null,"title":"go-TestScenarios-Feature_Incidents-Scenario_Update_an_existing_incident_returns__OK__response-Given_there_is_a_valid__incident__in_the_system-local-1601066441-updated","resolved":null,"customer_impact_scope":null,"customer_impact_start":null,"customer_impact_end":null,"customer_impacted":false,"last_modified_by":{"data":{"type":"users","id":"3ad549bf-eba0-11e9-a77a-0705486660d0","attributes":{"uuid":"3ad549bf-eba0-11e9-a77a-0705486660d0","handle":"frog@datadoghq.com","email":"frog@datadoghq.com","name":null,"icon":"https://secure.gravatar.com/avatar/28a16dfe36e73b60c1d55872cb0f1172?s=48&d=retro"}}},"last_modified_by_uuid":"3ad549bf-eba0-11e9-a77a-0705486660d0","created":"2020-09-25T20:40:41.728538+00:00","modified":"2020-09-25T20:40:44.857597+00:00","commander":{"data":{"type":"users","id":"3ad549bf-eba0-11e9-a77a-0705486660d0","attributes":{"uuid":"3ad549bf-eba0-11e9-a77a-0705486660d0","handle":"frog@datadoghq.com","email":"frog@datadoghq.com","name":null,"icon":"https://secure.gravatar.com/avatar/28a16dfe36e73b60c1d55872cb0f1172?s=48&d=retro"}}},"state":"active","detected":"2020-09-25T20:40:41.726952+00:00","created_by":{"data":{"type":"users","id":"3ad549bf-eba0-11e9-a77a-0705486660d0","attributes":{"uuid":"3ad549bf-eba0-11e9-a77a-0705486660d0","handle":"frog@datadoghq.com","email":"frog@datadoghq.com","name":null,"icon":"https://secure.gravatar.com/avatar/28a16dfe36e73b60c1d55872cb0f1172?s=48&d=retro"}}},"created_by_uuid":"3ad549bf-eba0-11e9-a77a-0705486660d0","creation_idempotency_key":null,"customer_impact_duration":0,"time_to_detect":0,"time_to_repair":0,"time_to_internal_response":0,"time_to_resolve":0,"severity":"UNKNOWN","udf_values":null},"relationships":{"created_by_user":{"data":{"type":"users","id":"3ad549bf-eba0-11e9-a77a-0705486660d0"}},"last_modified_by_user":{"data":{"type":"users","id":"3ad549bf-eba0-11e9-a77a-0705486660d0"}},"commander_user":{"data":{"type":"users","id":"3ad549bf-eba0-11e9-a77a-0705486660d0"}},"teams":{"data":[]},"services":{"data":[]},"user_defined_field_selections":{"data":[{"type":"user_defined_selection","id":"bc6b0e4e-40e3-5270-88fd-2d58d91f3315"},{"type":"user_defined_selection","id":"6c83a876-4aef-54cf-bfb4-eb12ff41e1c9"},{"type":"user_defined_selection","id":"d2f7f67b-e808-55d8-a0d8-8a8dc87fda81"}]},"user_defined_fields":{"data":[{"type":"user_defined_field","id":"ad2b9456-eaec-5bbd-9bae-e502d74e23f8"},{"type":"user_defined_field","id":"66b62f59-48f6-5fee-969a-0886b1db6dcd"},{"type":"user_defined_field","id":"4148ead2-da45-548e-b6be-8e319bafc425"},{"type":"user_defined_field","id":"299616f7-8acd-5403-886b-991656d6b982"}]},"postmortem":{"data":null},"integrations":{"data":[]}}}}'
    headers:
      Cache-Control:
      - no-cache
      Connection:
      - keep-alive
      Content-Type:
      - application/json
      Date:
      - Fri, 25 Sep 2020 20:40:46 GMT
      Dd-Pool:
      - dogweb
      Pragma:
      - no-cache
      Set-Cookie:
      - DD-PSHARD=233; Max-Age=604800; Path=/; expires=Fri, 02-Oct-2020 20:40:44 GMT;
        secure; HttpOnly
      Strict-Transport-Security:
      - max-age=15724800;
      Vary:
      - Accept-Encoding
      X-Content-Type-Options:
      - nosniff
      X-Dd-Debug:
      - BOgijYhCo0CttPnSWZcLYHKTePSgoxVuOq+kB6EUYRO9ebsORT5Z6Oj0yUoAyx8n
      X-Dd-Version:
      - "35.3093372"
      X-Frame-Options:
      - SAMEORIGIN
    status: 200 OK
    code: 200
    duration: ""
- request:
    body: ""
    form: {}
    headers:
      Accept:
      - application/json
      Dd-Operation-Id:
      - DeleteIncident
      User-Agent:
      - datadog-api-client-go/1.0.0-beta.9+dev (go go1.15.2; os darwin; arch amd64)
      X-Datadog-Parent-Id:
      - "4440710983936675383"
      X-Datadog-Sampling-Priority:
      - "1"
      X-Datadog-Trace-Id:
      - "6525612364889618804"
    url: https://api.datadoghq.com/api/v2/incidents/7cd02c20-f1ce-5636-bb58-4cbfad5cac40
    method: DELETE
  response:
    body: ""
    headers:
      Cache-Control:
      - no-cache
      Connection:
      - keep-alive
      Content-Length:
      - "0"
      Content-Type:
      - application/json
      Date:
      - Fri, 25 Sep 2020 20:40:47 GMT
      Dd-Pool:
      - dogweb
      Pragma:
      - no-cache
      Set-Cookie:
      - DD-PSHARD=233; Max-Age=604800; Path=/; expires=Fri, 02-Oct-2020 20:40:46 GMT;
        secure; HttpOnly
      Strict-Transport-Security:
      - max-age=15724800;
      X-Content-Type-Options:
      - nosniff
      X-Dd-Debug:
      - +TTazL1HF8qoxYARkG/60PGoq8sbkYkmqeurNry46zV0aHqBZfUrKqxtiyo42NRf
      X-Dd-Version:
      - "35.3093372"
      X-Frame-Options:
      - SAMEORIGIN
    status: 204 No Content
    code: 204
    duration: ""
