---
version: 1
interactions:
- request:
    body: |
      {"config":{"assertions":[],"request":{"method":"GET","url":"https://datadoghq.com"},"setCookie":"name:test"},"locations":["aws:us-east-2"],"message":"Go client testing Synthetics Browser test - this is message","name":"Test-TestSyntheticsBrowserTestEndpointLifecycle-1619182014","options":{"accept_self_signed":false,"allow_insecure":true,"device_ids":["tablet"],"disableCors":true,"follow_redirects":true,"min_failure_duration":10,"min_location_failed":1,"noScreenshot":true,"retry":{"count":3,"interval":10},"tick_every":300},"tags":["testing:browser"],"type":"browser"}
    form: {}
    headers:
      Accept:
      - application/json
      Content-Type:
      - application/json
      Dd-Operation-Id:
      - CreateSyntheticsBrowserTest
      User-Agent:
      - datadog-api-client-go/1.0.0-beta.20+dev (go go1.15.3; os darwin; arch amd64)
      X-Datadog-Parent-Id:
      - "7390829823302813375"
      X-Datadog-Sampling-Priority:
      - "1"
      X-Datadog-Trace-Id:
      - "7390829823302813375"
    url: https://api.datadoghq.com/api/v1/synthetics/tests/browser
    method: POST
  response:
    body: '{"status":"paused","public_id":"pyi-hg5-icp","tags":["testing:browser"],"org_id":321813,"locations":["aws:us-east-2"],"message":"Go
      client testing Synthetics Browser test - this is message","deleted_at":null,"name":"Test-TestSyntheticsBrowserTestEndpointLifecycle-1619182014","monitor_id":34346934,"type":"browser","created_at":"2021-04-23T12:46:55.110026+00:00","modified_at":"2021-04-23T12:46:55.110026+00:00","config":{"setCookie":"name:test","request":{"url":"https://datadoghq.com","method":"GET"},"assertions":[]},"options":{"accept_self_signed":false,"retry":{"count":3,"interval":10},"min_location_failed":1,"allow_insecure":true,"follow_redirects":true,"min_failure_duration":10,"noScreenshot":true,"disableCors":true,"device_ids":["tablet"],"tick_every":300}}'
    headers:
      Cache-Control:
      - no-cache
      Connection:
      - keep-alive
      Content-Type:
      - application/json
      Date:
      - Fri, 23 Apr 2021 12:46:55 GMT
      Pragma:
      - no-cache
      Strict-Transport-Security:
      - max-age=15724800;
      Vary:
      - Accept-Encoding
      X-Content-Type-Options:
      - nosniff
      X-Dd-Debug:
      - PhosSd3Ch1B6B0DXI71steKUi7XhPDttnPiIP1NdXTw0VJNWpoUnYyBmODS5ne3q
      X-Dd-Version:
      - "35.4379341"
      X-Frame-Options:
      - SAMEORIGIN
      X-Ratelimit-Limit:
      - "120"
      X-Ratelimit-Period:
      - "60"
      X-Ratelimit-Remaining:
      - "119"
      X-Ratelimit-Reset:
      - "6"
    status: 200 OK
    code: 200
    duration: ""
- request:
    body: |
      {"config":{"assertions":[],"request":{"method":"GET","url":"https://datadoghq.com"},"setCookie":"name:test"},"locations":["aws:us-east-2"],"message":"Go client testing Synthetics Browser test - this is message","name":"Test-TestSyntheticsBrowserTestEndpointLifecycle-1619182014-updated","options":{"accept_self_signed":false,"allow_insecure":true,"device_ids":["tablet"],"disableCors":true,"follow_redirects":true,"min_failure_duration":10,"min_location_failed":1,"noScreenshot":true,"retry":{"count":3,"interval":10},"tick_every":300},"status":"paused","tags":["testing:browser"],"type":"browser"}
    form: {}
    headers:
      Accept:
      - application/json
      Content-Type:
      - application/json
      Dd-Operation-Id:
      - UpdateBrowserTest
      User-Agent:
      - datadog-api-client-go/1.0.0-beta.20+dev (go go1.15.3; os darwin; arch amd64)
      X-Datadog-Parent-Id:
      - "1136190960755525192"
      X-Datadog-Sampling-Priority:
      - "1"
      X-Datadog-Trace-Id:
      - "1136190960755525192"
    url: https://api.datadoghq.com/api/v1/synthetics/tests/browser/pyi-hg5-icp
    method: PUT
  response:
    body: '{"status":"paused","public_id":"pyi-hg5-icp","tags":["testing:browser"],"org_id":321813,"locations":["aws:us-east-2"],"message":"Go
      client testing Synthetics Browser test - this is message","deleted_at":null,"name":"Test-TestSyntheticsBrowserTestEndpointLifecycle-1619182014-updated","monitor_id":34346934,"type":"browser","created_at":"2021-04-23T12:46:55.110026+00:00","modified_at":"2021-04-23T12:46:55.464602+00:00","config":{"setCookie":"name:test","request":{"url":"https://datadoghq.com","method":"GET"},"assertions":[]},"options":{"accept_self_signed":false,"retry":{"count":3,"interval":10},"min_location_failed":1,"allow_insecure":true,"follow_redirects":true,"min_failure_duration":10,"noScreenshot":true,"disableCors":true,"device_ids":["tablet"],"tick_every":300}}'
    headers:
      Cache-Control:
      - no-cache
      Connection:
      - keep-alive
      Content-Type:
      - application/json
      Date:
      - Fri, 23 Apr 2021 12:46:56 GMT
      Pragma:
      - no-cache
      Strict-Transport-Security:
      - max-age=15724800;
      Vary:
      - Accept-Encoding
      X-Content-Type-Options:
      - nosniff
      X-Dd-Debug:
      - 5gfwVh/5HZ+AnGd/Di93w3NEWC6KMHT9KzmHEiRJmNdOjBtAsbOcgVFyqEChw71h
      X-Dd-Version:
      - "35.4379341"
      X-Frame-Options:
      - SAMEORIGIN
      X-Ratelimit-Limit:
      - "500"
      X-Ratelimit-Period:
      - "60"
      X-Ratelimit-Remaining:
      - "499"
      X-Ratelimit-Reset:
      - "5"
    status: 200 OK
    code: 200
    duration: ""
- request:
    body: ""
    form: {}
    headers:
      Accept:
      - application/json
      Dd-Operation-Id:
      - GetBrowserTest
      User-Agent:
      - datadog-api-client-go/1.0.0-beta.20+dev (go go1.15.3; os darwin; arch amd64)
      X-Datadog-Parent-Id:
      - "4170172798800999398"
      X-Datadog-Sampling-Priority:
      - "1"
      X-Datadog-Trace-Id:
      - "4170172798800999398"
    url: https://api.datadoghq.com/api/v1/synthetics/tests/browser/pyi-hg5-icp
    method: GET
  response:
    body: '{"status":"paused","public_id":"pyi-hg5-icp","tags":["testing:browser"],"locations":["aws:us-east-2"],"message":"Go
      client testing Synthetics Browser test - this is message","name":"Test-TestSyntheticsBrowserTestEndpointLifecycle-1619182014-updated","monitor_id":34346934,"type":"browser","steps":[],"config":{"setCookie":"name:test","request":{"url":"https://datadoghq.com","method":"GET"},"assertions":[]},"options":{"accept_self_signed":false,"retry":{"count":3,"interval":10},"min_location_failed":1,"allow_insecure":true,"follow_redirects":true,"min_failure_duration":10,"noScreenshot":true,"disableCors":true,"device_ids":["tablet"],"tick_every":300}}'
    headers:
      Cache-Control:
      - no-cache
      Connection:
      - keep-alive
      Content-Type:
      - application/json
      Date:
      - Fri, 23 Apr 2021 12:46:56 GMT
      Pragma:
      - no-cache
      Strict-Transport-Security:
      - max-age=15724800;
      Vary:
      - Accept-Encoding
      X-Content-Type-Options:
      - nosniff
      X-Dd-Debug:
      - mNzaoDhdDKO7t4QSrAe5X7pHd0bJND187D+vRbwoluXouE2m1UaQQX0RGCvRpLVE
      X-Dd-Version:
      - "35.4379341"
      X-Frame-Options:
      - SAMEORIGIN
      X-Ratelimit-Limit:
      - "1000"
      X-Ratelimit-Period:
      - "60"
      X-Ratelimit-Remaining:
      - "999"
      X-Ratelimit-Reset:
      - "4"
    status: 200 OK
    code: 200
    duration: ""
- request:
    body: |
      {"public_ids":["pyi-hg5-icp"]}
    form: {}
    headers:
      Accept:
      - application/json
      Content-Type:
      - application/json
      Dd-Operation-Id:
      - DeleteTests
      User-Agent:
      - datadog-api-client-go/1.0.0-beta.20+dev (go go1.15.3; os darwin; arch amd64)
      X-Datadog-Parent-Id:
      - "2627961930879482197"
      X-Datadog-Sampling-Priority:
      - "1"
      X-Datadog-Trace-Id:
      - "2627961930879482197"
    url: https://api.datadoghq.com/api/v1/synthetics/tests/delete
    method: POST
  response:
    body: '{"deleted_tests":[{"deleted_at":"2021-04-23T12:46:56.440891+00:00","public_id":"pyi-hg5-icp"}]}'
    headers:
      Cache-Control:
      - no-cache
      Connection:
      - keep-alive
      Content-Type:
      - application/json
      Date:
      - Fri, 23 Apr 2021 12:46:56 GMT
      Pragma:
      - no-cache
      Strict-Transport-Security:
      - max-age=15724800;
      Vary:
      - Accept-Encoding
      X-Content-Type-Options:
      - nosniff
      X-Dd-Debug:
      - nLnnBNvlCFDECRnZvzDb0z4sAO35G+IMidcAs8vrCKyjvsKWE8Yd9S3n6OjZ1qRN
      X-Dd-Version:
      - "35.4379341"
      X-Frame-Options:
      - SAMEORIGIN
      X-Ratelimit-Limit:
      - "120"
      X-Ratelimit-Period:
      - "60"
      X-Ratelimit-Remaining:
      - "119"
      X-Ratelimit-Reset:
      - "4"
    status: 200 OK
    code: 200
    duration: ""
