---
version: 1
interactions:
- request:
    body: |
      {"config":{"assertions":[{"operator":"is","property":"{{ PROPERTY }}","target":"text/html","type":"header"},{"operator":"lessThan","target":2000,"type":"responseTime"},{"operator":"validatesJSONPath","target":{"jsonPath":"topKey","operator":"isNot","targetValue":"0"},"type":"body"}],"configVariables":[{"example":"content-type","name":"PROPERTY","pattern":"content-type","type":"text"}],"request":{"certificate":{"cert":{"content":"cert-content","filename":"cert-filename","updatedAt":"2020-10-16T09:23:24.857Z"},"key":{"content":"key-content","filename":"key-filename","updatedAt":"2020-10-16T09:23:24.857Z"}},"headers":{"testingGoClient":"true"},"method":"GET","timeout":10,"url":"https://datadoghq.com"}},"locations":["aws:us-east-2"],"message":"Go client testing Synthetics API test - this is message","name":"Test-TestSyntheticsMultipleTestsOperations-1618340164","options":{"accept_self_signed":false,"allow_insecure":true,"follow_redirects":true,"min_failure_duration":10,"min_location_failed":1,"retry":{"count":3,"interval":10},"tick_every":60},"subtype":"http","tags":["testing:api"],"type":"api"}
    form: {}
    headers:
      Accept:
      - application/json
      Content-Type:
      - application/json
      Dd-Operation-Id:
      - CreateSyntheticsAPITest
      User-Agent:
      - datadog-api-client-go/1.0.0-beta.19+dev (go go1.15.3; os darwin; arch amd64)
      X-Datadog-Parent-Id:
      - "862596826453153828"
      X-Datadog-Sampling-Priority:
      - "1"
      X-Datadog-Trace-Id:
      - "5708275020180096"
    url: https://api.datadoghq.com/api/v1/synthetics/tests/api
    method: POST
  response:
    body: '{"status":"live","public_id":"tt6-ums-wkj","tags":["testing:api"],"org_id":321813,"locations":["aws:us-east-2"],"message":"Go
      client testing Synthetics API test - this is message","deleted_at":null,"name":"Test-TestSyntheticsMultipleTestsOperations-1618340164","monitor_id":33752436,"type":"api","created_at":"2021-04-13T18:56:05.020685+00:00","modified_at":"2021-04-13T18:56:05.020685+00:00","subtype":"http","config":{"request":{"url":"https://datadoghq.com","headers":{"testingGoClient":"true"},"certificate":{"cert":{"filename":"cert-filename","updatedAt":"2021-04-13T18:56:04.982725+00:00"},"key":{"filename":"key-filename","updatedAt":"2021-04-13T18:56:04.982698+00:00"}},"method":"GET","timeout":10},"assertions":[{"operator":"is","property":"{{
      PROPERTY }}","type":"header","target":"text/html"},{"operator":"lessThan","type":"responseTime","target":2000},{"operator":"validatesJSONPath","type":"body","target":{"operator":"isNot","targetValue":"0","jsonPath":"topKey"}}],"configVariables":[{"pattern":"content-type","type":"text","example":"content-type","name":"PROPERTY"}]},"options":{"accept_self_signed":false,"retry":{"count":3,"interval":10},"min_location_failed":1,"allow_insecure":true,"follow_redirects":true,"min_failure_duration":10,"tick_every":60}}'
    headers:
      Cache-Control:
      - no-cache
      Connection:
      - keep-alive
      Content-Type:
      - application/json
      Date:
      - Tue, 13 Apr 2021 18:56:05 GMT
      Pragma:
      - no-cache
      Strict-Transport-Security:
      - max-age=15724800;
      Vary:
      - Accept-Encoding
      X-Content-Type-Options:
      - nosniff
      X-Dd-Debug:
      - fIO2C4qGDheGHy4YbS+r3a3CXbh4cbRo7roILOimQyiHGjQdOat0cIpWCkupM1uX
      X-Dd-Version:
      - "35.4302636"
      X-Frame-Options:
      - SAMEORIGIN
      X-Ratelimit-Limit:
      - "120"
      X-Ratelimit-Period:
      - "60"
      X-Ratelimit-Remaining:
      - "119"
      X-Ratelimit-Reset:
      - "56"
    status: 200 OK
    code: 200
    duration: ""
- request:
    body: |
      {"config":{"assertions":[],"request":{"method":"GET","url":"https://datadoghq.com"}},"locations":["aws:us-east-2"],"message":"Go client testing Synthetics Browser test - this is message","name":"Test-TestSyntheticsMultipleTestsOperations-1618340164","options":{"accept_self_signed":false,"allow_insecure":true,"device_ids":["tablet"],"disableCors":true,"follow_redirects":true,"min_failure_duration":10,"min_location_failed":1,"noScreenshot":true,"retry":{"count":3,"interval":10},"tick_every":300},"tags":["testing:browser"],"type":"browser"}
    form: {}
    headers:
      Accept:
      - application/json
      Content-Type:
      - application/json
      Dd-Operation-Id:
      - CreateSyntheticsBrowserTest
      User-Agent:
      - datadog-api-client-go/1.0.0-beta.19+dev (go go1.15.3; os darwin; arch amd64)
      X-Datadog-Parent-Id:
      - "1996774551143908874"
      X-Datadog-Sampling-Priority:
      - "1"
      X-Datadog-Trace-Id:
      - "5708275020180096"
    url: https://api.datadoghq.com/api/v1/synthetics/tests/browser
    method: POST
  response:
    body: '{"status":"paused","public_id":"sb9-kfx-sjx","tags":["testing:browser"],"org_id":321813,"locations":["aws:us-east-2"],"message":"Go
      client testing Synthetics Browser test - this is message","deleted_at":null,"name":"Test-TestSyntheticsMultipleTestsOperations-1618340164","monitor_id":33752437,"type":"browser","created_at":"2021-04-13T18:56:06.015757+00:00","modified_at":"2021-04-13T18:56:06.015757+00:00","config":{"request":{"url":"https://datadoghq.com","method":"GET"},"assertions":[]},"options":{"accept_self_signed":false,"retry":{"count":3,"interval":10},"min_location_failed":1,"allow_insecure":true,"follow_redirects":true,"min_failure_duration":10,"noScreenshot":true,"disableCors":true,"device_ids":["tablet"],"tick_every":300}}'
    headers:
      Cache-Control:
      - no-cache
      Connection:
      - keep-alive
      Content-Type:
      - application/json
      Date:
      - Tue, 13 Apr 2021 18:56:06 GMT
      Pragma:
      - no-cache
      Strict-Transport-Security:
      - max-age=15724800;
      Vary:
      - Accept-Encoding
      X-Content-Type-Options:
      - nosniff
      X-Dd-Debug:
      - l4HFlaRP3QwYSqoGKhzbYfv7zgkK63HIRR7YkyVYZspq0lGjjTBwoK8V/alf+XYt
      X-Dd-Version:
      - "35.4302636"
      X-Frame-Options:
      - SAMEORIGIN
      X-Ratelimit-Limit:
      - "120"
      X-Ratelimit-Period:
      - "60"
      X-Ratelimit-Remaining:
      - "118"
      X-Ratelimit-Reset:
      - "55"
    status: 200 OK
    code: 200
    duration: ""
- request:
    body: ""
    form: {}
    headers:
      Accept:
      - application/json
      Dd-Operation-Id:
      - ListTests
      User-Agent:
      - datadog-api-client-go/1.0.0-beta.19+dev (go go1.15.3; os darwin; arch amd64)
      X-Datadog-Parent-Id:
      - "1972690394043093915"
      X-Datadog-Sampling-Priority:
      - "1"
      X-Datadog-Trace-Id:
      - "5708275020180096"
    url: https://api.datadoghq.com/api/v1/synthetics/tests
    method: GET
  response:
    body: '{"tests":[{"status":"live","public_id":"pjx-8mz-vg9","tags":["testing:api"],"locations":["aws:us-east-2"],"message":"Go
      client testing Synthetics API test - this is message","name":"go-TestSyntheticsVariableFromTestLifecycle-57560-1618207599","monitor_id":33653001,"type":"api","created_at":"2021-04-12T06:06:39.662671+00:00","modified_at":"2021-04-12T06:06:39.662671+00:00","subtype":"http","config":{"request":{"url":"https://datadoghq.com","headers":{"testingGoClient":"true"},"certificate":{"cert":{"filename":"cert-filename","updatedAt":"2021-04-12T06:06:39.358394+00:00"},"key":{"filename":"key-filename","updatedAt":"2021-04-12T06:06:39.358367+00:00"}},"method":"GET","timeout":10},"assertions":[{"operator":"is","property":"{{
      PROPERTY }}","type":"header","target":"text/html"},{"operator":"lessThan","type":"responseTime","target":2000},{"operator":"validatesJSONPath","type":"body","target":{"operator":"isNot","targetValue":"0","jsonPath":"topKey"}}],"configVariables":[{"pattern":"content-type","type":"text","example":"content-type","name":"PROPERTY"}]},"options":{"accept_self_signed":false,"retry":{"count":3,"interval":10},"min_location_failed":1,"allow_insecure":true,"follow_redirects":true,"min_failure_duration":10,"tick_every":60}},{"status":"live","public_id":"d3h-hj6-u97","tags":["testing:api"],"locations":["aws:us-east-2"],"message":"Go
      client testing Synthetics API test - this is message","name":"go-TestSyntheticsTriggerCITests-57560-1618207600","monitor_id":33653002,"type":"api","created_at":"2021-04-12T06:06:40.926792+00:00","modified_at":"2021-04-12T06:06:40.926792+00:00","subtype":"http","config":{"request":{"url":"https://datadoghq.com","headers":{"testingGoClient":"true"},"certificate":{"cert":{"filename":"cert-filename","updatedAt":"2021-04-12T06:06:40.545756+00:00"},"key":{"filename":"key-filename","updatedAt":"2021-04-12T06:06:40.545732+00:00"}},"method":"GET","timeout":10},"assertions":[{"operator":"is","property":"{{
      PROPERTY }}","type":"header","target":"text/html"},{"operator":"lessThan","type":"responseTime","target":2000},{"operator":"validatesJSONPath","type":"body","target":{"operator":"isNot","targetValue":"0","jsonPath":"topKey"}}],"configVariables":[{"pattern":"content-type","type":"text","example":"content-type","name":"PROPERTY"}]},"options":{"accept_self_signed":false,"retry":{"count":3,"interval":10},"min_location_failed":1,"allow_insecure":true,"follow_redirects":true,"min_failure_duration":10,"tick_every":60}},{"status":"paused","public_id":"k6z-3px-qh7","tags":["foo:bar","baz"],"locations":["aws:eu-central-1"],"message":"Notify
      @datadog.user","name":"tf-TestAccDatadogSyntheticsAPITest_BasicNewAssertionsOptions-57950-1618315822","monitor_id":33731528,"type":"api","created_at":"2021-04-13T12:10:23.628799+00:00","modified_at":"2021-04-13T12:10:23.628799+00:00","subtype":"http","config":{"request":{"body":"this
      is a body","certificate":{"cert":{"filename":"Provided in Terraform config","updatedAt":"2021-04-13T12:10:23.249660+00:00"},"key":{"filename":"key","updatedAt":"2021-04-13T12:10:23.249634+00:00"}},"url":"https://www.datadoghq.com","basicAuth":{"username":"admin","password":"secret"},"headers":{"Accept":"application/json","X-Datadog-Trace-ID":"1234566789"},"timeout":30,"query":{"foo":"bar"},"method":"GET"},"assertions":[{"operator":"contains","property":"content-type","type":"header","target":"application/json"},{"operator":"is","type":"statusCode","target":200},{"operator":"validatesJSONPath","type":"body","target":{"operator":"isNot","targetValue":"0","jsonPath":"topKey"}},{"operator":"validatesJSONPath","type":"body","target":{"operator":"moreThan","targetValue":5,"jsonPath":"something"}},{"operator":"isNot","type":"statusCode","target":200},{"operator":"matches","type":"statusCode","target":"20[04]"},{"operator":"doesNotMatch","type":"statusCode","target":"20[04]"}],"configVariables":[]},"options":{"follow_redirects":true,"monitor_options":{"notify_audit":false,"locked":false,"include_tags":true,"new_host_delay":300,"notify_no_data":false,"renotify_interval":100},"min_location_failed":1,"tick_every":60}},{"status":"paused","public_id":"ei2-y4e-aq6","tags":["foo:bar","baz"],"locations":["aws:eu-central-1"],"message":"Notify
      @datadog.user","name":"tf-TestAccDatadogSyntheticsAPITest_Updated-57950-1618315823","monitor_id":33731529,"type":"api","created_at":"2021-04-13T12:10:24.463120+00:00","modified_at":"2021-04-13T12:10:24.463120+00:00","subtype":"http","config":{"request":{"body":"this
      is a body","headers":{"Accept":"application/json","X-Datadog-Trace-ID":"1234566789"},"url":"https://www.datadoghq.com","timeout":30,"method":"GET"},"assertions":[{"operator":"contains","property":"content-type","type":"header","target":"application/json"},{"operator":"is","type":"statusCode","target":200},{"operator":"lessThan","type":"responseTime","target":2000},{"operator":"doesNotContain","type":"body","target":"terraform"}],"configVariables":[{"pattern":"{{numeric(3)}}","type":"text","example":"123","name":"VARIABLE_NAME"}]},"options":{"retry":{"count":1},"min_location_failed":1,"allow_insecure":true,"follow_redirects":true,"min_failure_duration":0,"tick_every":60}},{"status":"live","public_id":"tt6-ums-wkj","tags":["testing:api"],"locations":["aws:us-east-2"],"message":"Go
      client testing Synthetics API test - this is message","name":"Test-TestSyntheticsMultipleTestsOperations-1618340164","monitor_id":33752436,"type":"api","created_at":"2021-04-13T18:56:05.020685+00:00","modified_at":"2021-04-13T18:56:05.020685+00:00","subtype":"http","config":{"request":{"url":"https://datadoghq.com","headers":{"testingGoClient":"true"},"certificate":{"cert":{"filename":"cert-filename","updatedAt":"2021-04-13T18:56:04.982725+00:00"},"key":{"filename":"key-filename","updatedAt":"2021-04-13T18:56:04.982698+00:00"}},"method":"GET","timeout":10},"assertions":[{"operator":"is","property":"{{
      PROPERTY }}","type":"header","target":"text/html"},{"operator":"lessThan","type":"responseTime","target":2000},{"operator":"validatesJSONPath","type":"body","target":{"operator":"isNot","targetValue":"0","jsonPath":"topKey"}}],"configVariables":[{"pattern":"content-type","type":"text","example":"content-type","name":"PROPERTY"}]},"options":{"accept_self_signed":false,"retry":{"count":3,"interval":10},"min_location_failed":1,"allow_insecure":true,"follow_redirects":true,"min_failure_duration":10,"tick_every":60}},{"status":"paused","public_id":"sb9-kfx-sjx","tags":["testing:browser"],"locations":["aws:us-east-2"],"message":"Go
      client testing Synthetics Browser test - this is message","name":"Test-TestSyntheticsMultipleTestsOperations-1618340164","monitor_id":33752437,"type":"browser","created_at":"2021-04-13T18:56:06.015757+00:00","modified_at":"2021-04-13T18:56:06.015757+00:00","config":{"request":{"url":"https://datadoghq.com","method":"GET"},"assertions":[]},"options":{"accept_self_signed":false,"retry":{"count":3,"interval":10},"min_location_failed":1,"allow_insecure":true,"follow_redirects":true,"min_failure_duration":10,"noScreenshot":true,"disableCors":true,"device_ids":["tablet"],"tick_every":300}}]}'
    headers:
      Cache-Control:
      - no-cache
      Connection:
      - keep-alive
      Content-Type:
      - application/json
      Date:
      - Tue, 13 Apr 2021 18:56:06 GMT
      Pragma:
      - no-cache
      Strict-Transport-Security:
      - max-age=15724800;
      Vary:
      - Accept-Encoding
      X-Content-Type-Options:
      - nosniff
      X-Dd-Debug:
      - Um4CoU685QqAscnxhS5BD+goWu2yX1Jd4zCfGzSsEvPPIm1qURZaF8dlLl/OEY4I
      X-Dd-Version:
      - "35.4302636"
      X-Frame-Options:
      - SAMEORIGIN
      X-Ratelimit-Limit:
      - "120"
      X-Ratelimit-Period:
      - "60"
      X-Ratelimit-Remaining:
      - "119"
      X-Ratelimit-Reset:
      - "54"
    status: 200 OK
    code: 200
    duration: ""
- request:
    body: |
      {"public_ids":["sb9-kfx-sjx"]}
    form: {}
    headers:
      Accept:
      - application/json
      Content-Type:
      - application/json
      Dd-Operation-Id:
      - DeleteTests
      User-Agent:
      - datadog-api-client-go/1.0.0-beta.19+dev (go go1.15.3; os darwin; arch amd64)
      X-Datadog-Parent-Id:
      - "5463325213095170855"
      X-Datadog-Sampling-Priority:
      - "1"
      X-Datadog-Trace-Id:
      - "5708275020180096"
    url: https://api.datadoghq.com/api/v1/synthetics/tests/delete
    method: POST
  response:
    body: '{"deleted_tests":[{"deleted_at":"2021-04-13T18:56:06.598669+00:00","public_id":"sb9-kfx-sjx"}]}'
    headers:
      Cache-Control:
      - no-cache
      Connection:
      - keep-alive
      Content-Type:
      - application/json
      Date:
      - Tue, 13 Apr 2021 18:56:06 GMT
      Pragma:
      - no-cache
      Strict-Transport-Security:
      - max-age=15724800;
      Vary:
      - Accept-Encoding
      X-Content-Type-Options:
      - nosniff
      X-Dd-Debug:
      - vdJ3/nHEY1ioXQ6pQrBVvsQK1s4yyc+wufBMPSoXql71qZVuP/xMdtNo6DafhOAk
      X-Dd-Version:
      - "35.4302636"
      X-Frame-Options:
      - SAMEORIGIN
      X-Ratelimit-Limit:
      - "120"
      X-Ratelimit-Period:
      - "60"
      X-Ratelimit-Remaining:
      - "119"
      X-Ratelimit-Reset:
      - "54"
    status: 200 OK
    code: 200
    duration: ""
- request:
    body: |
      {"public_ids":["tt6-ums-wkj"]}
    form: {}
    headers:
      Accept:
      - application/json
      Content-Type:
      - application/json
      Dd-Operation-Id:
      - DeleteTests
      User-Agent:
      - datadog-api-client-go/1.0.0-beta.19+dev (go go1.15.3; os darwin; arch amd64)
      X-Datadog-Parent-Id:
      - "6854090852721731847"
      X-Datadog-Sampling-Priority:
      - "1"
      X-Datadog-Trace-Id:
      - "5708275020180096"
    url: https://api.datadoghq.com/api/v1/synthetics/tests/delete
    method: POST
  response:
    body: '{"deleted_tests":[{"deleted_at":"2021-04-13T18:56:07.295935+00:00","public_id":"tt6-ums-wkj"}]}'
    headers:
      Cache-Control:
      - no-cache
      Connection:
      - keep-alive
      Content-Type:
      - application/json
      Date:
      - Tue, 13 Apr 2021 18:56:07 GMT
      Pragma:
      - no-cache
      Strict-Transport-Security:
      - max-age=15724800;
      Vary:
      - Accept-Encoding
      X-Content-Type-Options:
      - nosniff
      X-Dd-Debug:
      - LcgNasIYBRkNppmD6mCKE9J6iv0eEjosuuHR5V5zw2fWbR54i39C8dhdK8zDq/40
      X-Dd-Version:
      - "35.4302636"
      X-Frame-Options:
      - SAMEORIGIN
      X-Ratelimit-Limit:
      - "120"
      X-Ratelimit-Period:
      - "60"
      X-Ratelimit-Remaining:
      - "118"
      X-Ratelimit-Reset:
      - "53"
    status: 200 OK
    code: 200
    duration: ""
