---
version: 1
interactions:
- request:
    body: |
      {"auth_provider_x509_cert_url":"fake_url","auth_uri":"fake_uri","automute":false,"client_email":"api-test@fake-sandbox.iam.gserviceaccount.com","client_id":"123456712345671234567","client_x509_cert_url":"fake_url","host_filters":"fake:tag,example:test","private_key":"fake_key","private_key_id":"fake_private_key_id","project_id":"go_1582121425","token_uri":"fake_uri","type":"service_account"}
    form: {}
    headers:
      Accept:
      - application/json
      Content-Type:
      - application/json
      User-Agent:
      - DataDog/0.1.0/go-experimental
    url: https://api.datadoghq.com/api/v1/integration/gcp
    method: POST
  response:
    body: '{}'
    headers:
      Cache-Control:
      - no-cache
      Connection:
      - keep-alive
      Content-Length:
      - "2"
      Content-Security-Policy:
      - frame-ancestors 'self'; report-uri https://api.datadoghq.com/csp-report
      Content-Type:
      - application/json
      Date:
      - Wed, 19 Feb 2020 14:10:26 GMT
      Dd-Pool:
      - dogweb
      Pragma:
      - no-cache
      Set-Cookie:
      - DD-PSHARD=233; Max-Age=604800; Path=/; expires=Wed, 26-Feb-2020 14:10:26 GMT;
        secure; HttpOnly
      Strict-Transport-Security:
      - max-age=15724800;
      X-Content-Type-Options:
      - nosniff
      X-Dd-Debug:
      - Lo9psmCk9egobltaxBGqrQFhgCcgUTQoFZpr2xiSR+6tucB/owychJvFjr9YMWzu
      X-Dd-Version:
      - "35.2189722"
      X-Frame-Options:
      - SAMEORIGIN
    status: 200 OK
    code: 200
    duration: ""
- request:
    body: ""
    form: {}
    headers:
      Accept:
      - application/json
      User-Agent:
      - DataDog/0.1.0/go-experimental
    url: https://api.datadoghq.com/api/v1/integration/gcp
    method: GET
  response:
    body: '[{"automute":false,"project_id":"go_1582121425","client_email":"api-test@fake-sandbox.iam.gserviceaccount.com","errors":[],"host_filters":"fake:tag,example:test"}]'
    headers:
      Cache-Control:
      - no-cache
      Connection:
      - keep-alive
      Content-Security-Policy:
      - frame-ancestors 'self'; report-uri https://api.datadoghq.com/csp-report
      Content-Type:
      - application/json
      Date:
      - Wed, 19 Feb 2020 14:10:26 GMT
      Dd-Pool:
      - dogweb
      Pragma:
      - no-cache
      Set-Cookie:
      - DD-PSHARD=233; Max-Age=604800; Path=/; expires=Wed, 26-Feb-2020 14:10:26 GMT;
        secure; HttpOnly
      Strict-Transport-Security:
      - max-age=15724800;
      Vary:
      - Accept-Encoding
      X-Content-Type-Options:
      - nosniff
      X-Dd-Debug:
      - YCJuwY9AAFMveejFq3DmCuXNgWrXpDBQxqXi3LxQxaHO16MK3yMSWa14TOuRlDjy
      X-Dd-Version:
      - "35.2189722"
      X-Frame-Options:
      - SAMEORIGIN
    status: 200 OK
    code: 200
    duration: ""
- request:
    body: |
      {"auth_provider_x509_cert_url":"fake_url","auth_uri":"fake_uri","automute":false,"client_email":"api-test@fake-sandbox.iam.gserviceaccount.com","client_id":"123456712345671234567","client_x509_cert_url":"fake_url","host_filters":"fake:tag,example:test","private_key":"fake_key","private_key_id":"fake_private_key_id","project_id":"go_1582121425","token_uri":"fake_uri","type":"service_account"}
    form: {}
    headers:
      Accept:
      - application/json
      Content-Type:
      - application/json
      User-Agent:
      - DataDog/0.1.0/go-experimental
    url: https://api.datadoghq.com/api/v1/integration/gcp
    method: DELETE
  response:
    body: '{}'
    headers:
      Cache-Control:
      - no-cache
      Connection:
      - keep-alive
      Content-Length:
      - "2"
      Content-Security-Policy:
      - frame-ancestors 'self'; report-uri https://api.datadoghq.com/csp-report
      Content-Type:
      - application/json
      Date:
      - Wed, 19 Feb 2020 14:10:26 GMT
      Dd-Pool:
      - dogweb
      Pragma:
      - no-cache
      Set-Cookie:
      - DD-PSHARD=233; Max-Age=604800; Path=/; expires=Wed, 26-Feb-2020 14:10:26 GMT;
        secure; HttpOnly
      Strict-Transport-Security:
      - max-age=15724800;
      X-Content-Type-Options:
      - nosniff
      X-Dd-Debug:
      - rpB/2GMZHvzTHZxhwmnNa1XnSQuif7FV+gIndoDc8IvUeRNb65r4x+P7Djp1119C
      X-Dd-Version:
      - "35.2189722"
      X-Frame-Options:
      - SAMEORIGIN
    status: 200 OK
    code: 200
    duration: ""
- request:
    body: |
      {"auth_provider_x509_cert_url":"fake_url","auth_uri":"fake_uri","automute":false,"client_email":"api-test@fake-sandbox.iam.gserviceaccount.com","client_id":"123456712345671234567","client_x509_cert_url":"fake_url","host_filters":"fake:tag,example:test","private_key":"fake_key","private_key_id":"fake_private_key_id","project_id":"go_1582121425","token_uri":"fake_uri","type":"service_account"}
    form: {}
    headers:
      Accept:
      - application/json
      Content-Type:
      - application/json
      User-Agent:
      - DataDog/0.1.0/go-experimental
    url: https://api.datadoghq.com/api/v1/integration/gcp
    method: DELETE
  response:
    body: '{}'
    headers:
      Cache-Control:
      - no-cache
      Connection:
      - keep-alive
      Content-Length:
      - "2"
      Content-Security-Policy:
      - frame-ancestors 'self'; report-uri https://api.datadoghq.com/csp-report
      Content-Type:
      - application/json
      Date:
      - Wed, 19 Feb 2020 14:10:26 GMT
      Dd-Pool:
      - dogweb
      Pragma:
      - no-cache
      Set-Cookie:
      - DD-PSHARD=233; Max-Age=604800; Path=/; expires=Wed, 26-Feb-2020 14:10:26 GMT;
        secure; HttpOnly
      Strict-Transport-Security:
      - max-age=15724800;
      X-Content-Type-Options:
      - nosniff
      X-Dd-Debug:
      - x4m73yTAj65OpCjnvpw3RBJyiFQpkDOBZ7rE/UM6Q4o0837nUb4ZsWFNJUD0Xh0e
      X-Dd-Version:
      - "35.2189722"
      X-Frame-Options:
      - SAMEORIGIN
    status: 200 OK
    code: 200
    duration: ""
