---
version: 1
interactions:
- request:
    body: |
      {"config":{"assertions":[{"operator":"is","property":"content-type","target":"text/html","type":"header"},{"operator":"lessThan","target":2000,"type":"responseTime"},{"operator":"validatesJSONPath","target":{"jsonPath":"topKey","operator":"isNot","targetValue":"0"},"type":"body"}],"request":{"certificate":{"cert":{"content":"cert-content","filename":"cert-filename","updatedAt":"2020-10-16T09:23:24.857Z"},"key":{"content":"key-content","filename":"key-filename","updatedAt":"2020-10-16T09:23:24.857Z"}},"headers":{"testingGoClient":"true"},"method":"GET","timeout":10,"url":"https://datadoghq.com"}},"locations":["aws:us-east-2"],"message":"Go client testing Synthetics API test - this is message","name":"go-TestSyntheticsVariableFromTestLifecycle-local-1608558631","options":{"accept_self_signed":false,"allow_insecure":true,"follow_redirects":true,"min_failure_duration":10,"min_location_failed":1,"retry":{"count":3,"interval":10},"tick_every":60},"subtype":"http","tags":["testing:api"],"type":"api"}
    form: {}
    headers:
      Accept:
      - application/json
      Content-Type:
      - application/json
      Dd-Operation-Id:
      - CreateTest
      User-Agent:
      - datadog-api-client-go/1.0.0-beta.13+dev (go go1.15.3; os darwin; arch amd64)
      X-Datadog-Parent-Id:
      - "4053075607081595620"
      X-Datadog-Sampling-Priority:
      - "1"
      X-Datadog-Trace-Id:
      - "4594775787030308761"
    url: https://api.datadoghq.com/api/v1/synthetics/tests
    method: POST
  response:
    body: '{"status":"live","public_id":"eeu-3uk-gfb","tags":["testing:api"],"org_id":321813,"locations":["aws:us-east-2"],"message":"Go
      client testing Synthetics API test - this is message","deleted_at":null,"name":"go-TestSyntheticsVariableFromTestLifecycle-local-1608558631","monitor_id":27767921,"type":"api","created_at":"2020-12-21T13:50:31.700754+00:00","modified_at":"2020-12-21T13:50:31.700754+00:00","subtype":"http","config":{"request":{"url":"https://datadoghq.com","headers":{"testingGoClient":"true"},"certificate":{"cert":{"filename":"cert-filename","updatedAt":"2020-12-21T13:50:31.635132+00:00"},"key":{"filename":"key-filename","updatedAt":"2020-12-21T13:50:31.635108+00:00"}},"method":"GET","timeout":10},"assertions":[{"operator":"is","property":"content-type","type":"header","target":"text/html"},{"operator":"lessThan","type":"responseTime","target":2000},{"operator":"validatesJSONPath","type":"body","target":{"operator":"isNot","targetValue":"0","jsonPath":"topKey"}}]},"options":{"accept_self_signed":false,"retry":{"count":3,"interval":10},"min_location_failed":1,"allow_insecure":true,"follow_redirects":true,"min_failure_duration":10,"tick_every":60}}'
    headers:
      Cache-Control:
      - no-cache
      Connection:
      - keep-alive
      Content-Type:
      - application/json
      Date:
      - Mon, 21 Dec 2020 13:50:31 GMT
      Dd-Pool:
      - dogweb
      Pragma:
      - no-cache
      Set-Cookie:
      - DD-PSHARD=233; Max-Age=604800; Path=/; expires=Mon, 28-Dec-2020 13:50:31 GMT;
        secure; HttpOnly
      Strict-Transport-Security:
      - max-age=15724800;
      Vary:
      - Accept-Encoding
      X-Content-Type-Options:
      - nosniff
      X-Dd-Debug:
      - T0M8IUSL6bs+R5gmxnIS28KoD5lx0N0IU04TSlNtiD3lkhl9dUsMKLoAlE6epfmg
      X-Dd-Version:
      - "35.3578632"
      X-Frame-Options:
      - SAMEORIGIN
      X-Ratelimit-Limit:
      - "120"
      X-Ratelimit-Period:
      - "60"
      X-Ratelimit-Remaining:
      - "119"
      X-Ratelimit-Reset:
      - "29"
    status: 200 OK
    code: 200
    duration: ""
- request:
    body: |
      {"description":"variable from test description","name":"GO_TESTSYNTHETICSVARIABLEFROMTESTLIFECYCLE_LOCAL_1608558631","parse_test_options":{"parser":{"type":"raw"},"type":"http_body"},"parse_test_public_id":"eeu-3uk-gfb","tags":["synthetics"],"value":{"secure":false,"value":""}}
    form: {}
    headers:
      Accept:
      - application/json
      Content-Type:
      - application/json
      Dd-Operation-Id:
      - CreateGlobalVariable
      User-Agent:
      - datadog-api-client-go/1.0.0-beta.13+dev (go go1.15.3; os darwin; arch amd64)
      X-Datadog-Parent-Id:
      - "8435121037205802242"
      X-Datadog-Sampling-Priority:
      - "1"
      X-Datadog-Trace-Id:
      - "4594775787030308761"
    url: https://api.datadoghq.com/api/v1/synthetics/variables
    method: POST
  response:
    body: '{"parse_test_extracted_at":null,"description":"variable from test description","tags":["synthetics"],"parse_test_public_id":"eeu-3uk-gfb","value":{"secure":false,"value":""},"id":"3e3cb05e-acb1-47fd-8348-8533d999dc37","parse_test_options":{"parser":{"type":"raw"},"type":"http_body"},"name":"GO_TESTSYNTHETICSVARIABLEFROMTESTLIFECYCLE_LOCAL_1608558631","parse_test_name":null,"type":"variable"}'
    headers:
      Cache-Control:
      - no-cache
      Connection:
      - keep-alive
      Content-Type:
      - application/json
      Date:
      - Mon, 21 Dec 2020 13:50:32 GMT
      Dd-Pool:
      - dogweb
      Pragma:
      - no-cache
      Set-Cookie:
      - DD-PSHARD=233; Max-Age=604800; Path=/; expires=Mon, 28-Dec-2020 13:50:31 GMT;
        secure; HttpOnly
      Strict-Transport-Security:
      - max-age=15724800;
      Vary:
      - Accept-Encoding
      X-Content-Type-Options:
      - nosniff
      X-Dd-Debug:
      - 1cd0/X8iFjFNZXjpX11JpiLJbbxmicjztoLT0xgVCngh7XkSAjfiT2A4vALPTlNE
      X-Dd-Version:
      - "35.3578632"
      X-Frame-Options:
      - SAMEORIGIN
      X-Ratelimit-Limit:
      - "120"
      X-Ratelimit-Period:
      - "60"
      X-Ratelimit-Remaining:
      - "119"
      X-Ratelimit-Reset:
      - "29"
    status: 200 OK
    code: 200
    duration: ""
- request:
    body: ""
    form: {}
    headers:
      Accept:
      - application/json
      Dd-Operation-Id:
      - GetGlobalVariable
      User-Agent:
      - datadog-api-client-go/1.0.0-beta.13+dev (go go1.15.3; os darwin; arch amd64)
      X-Datadog-Parent-Id:
      - "7352525777831710983"
      X-Datadog-Sampling-Priority:
      - "1"
      X-Datadog-Trace-Id:
      - "4594775787030308761"
    url: https://api.datadoghq.com/api/v1/synthetics/variables/3e3cb05e-acb1-47fd-8348-8533d999dc37
    method: GET
  response:
    body: '{"parse_test_extracted_at":null,"description":"variable from test description","tags":["synthetics"],"parse_test_public_id":"eeu-3uk-gfb","value":{"secure":false,"value":""},"id":"3e3cb05e-acb1-47fd-8348-8533d999dc37","parse_test_options":{"parser":{"type":"raw"},"type":"http_body"},"name":"GO_TESTSYNTHETICSVARIABLEFROMTESTLIFECYCLE_LOCAL_1608558631","created_at":"2020-12-21T13:50:31.915302+00:00","modified_at":"2020-12-21T13:50:31.915302+00:00","created_by":1445416,"parse_test_name":null,"type":"variable"}'
    headers:
      Cache-Control:
      - no-cache
      Connection:
      - keep-alive
      Content-Type:
      - application/json
      Date:
      - Mon, 21 Dec 2020 13:50:32 GMT
      Dd-Pool:
      - dogweb
      Pragma:
      - no-cache
      Set-Cookie:
      - DD-PSHARD=233; Max-Age=604800; Path=/; expires=Mon, 28-Dec-2020 13:50:32 GMT;
        secure; HttpOnly
      Strict-Transport-Security:
      - max-age=15724800;
      Vary:
      - Accept-Encoding
      X-Content-Type-Options:
      - nosniff
      X-Dd-Debug:
      - gxfSlUtZJz4/cDPBxW1+YhseAnu5514ckuMWbI3rl8N4exeAZPF+KTE0BQhrBgSI
      X-Dd-Version:
      - "35.3578632"
      X-Frame-Options:
      - SAMEORIGIN
      X-Ratelimit-Limit:
      - "120"
      X-Ratelimit-Period:
      - "60"
      X-Ratelimit-Remaining:
      - "119"
      X-Ratelimit-Reset:
      - "28"
    status: 200 OK
    code: 200
    duration: ""
- request:
    body: ""
    form: {}
    headers:
      Accept:
      - application/json
      Dd-Operation-Id:
      - DeleteGlobalVariable
      User-Agent:
      - datadog-api-client-go/1.0.0-beta.13+dev (go go1.15.3; os darwin; arch amd64)
      X-Datadog-Parent-Id:
      - "5094238866443572749"
      X-Datadog-Sampling-Priority:
      - "1"
      X-Datadog-Trace-Id:
      - "4594775787030308761"
    url: https://api.datadoghq.com/api/v1/synthetics/variables/3e3cb05e-acb1-47fd-8348-8533d999dc37
    method: DELETE
  response:
    body: "null"
    headers:
      Cache-Control:
      - no-cache
      Connection:
      - keep-alive
      Content-Length:
      - "4"
      Content-Type:
      - application/json
      Date:
      - Mon, 21 Dec 2020 13:50:32 GMT
      Dd-Pool:
      - dogweb
      Pragma:
      - no-cache
      Set-Cookie:
      - DD-PSHARD=233; Max-Age=604800; Path=/; expires=Mon, 28-Dec-2020 13:50:32 GMT;
        secure; HttpOnly
      Strict-Transport-Security:
      - max-age=15724800;
      X-Content-Type-Options:
      - nosniff
      X-Dd-Debug:
      - cLmbdqkoXAogp+jvJYjDem2Ccuhd9u5QaFds8gBIEk61c952eYE473HKvGYqQTh2
      X-Dd-Version:
      - "35.3578632"
      X-Frame-Options:
      - SAMEORIGIN
      X-Ratelimit-Limit:
      - "120"
      X-Ratelimit-Period:
      - "60"
      X-Ratelimit-Remaining:
      - "119"
      X-Ratelimit-Reset:
      - "28"
    status: 200 OK
    code: 200
    duration: ""
- request:
    body: |
      {"public_ids":["eeu-3uk-gfb"]}
    form: {}
    headers:
      Accept:
      - application/json
      Content-Type:
      - application/json
      Dd-Operation-Id:
      - DeleteTests
      User-Agent:
      - datadog-api-client-go/1.0.0-beta.13+dev (go go1.15.3; os darwin; arch amd64)
      X-Datadog-Parent-Id:
      - "1296073766309380258"
      X-Datadog-Sampling-Priority:
      - "1"
      X-Datadog-Trace-Id:
      - "4594775787030308761"
    url: https://api.datadoghq.com/api/v1/synthetics/tests/delete
    method: POST
  response:
    body: '{"deleted_tests":[{"deleted_at":"2020-12-21T13:50:32.821222+00:00","public_id":"eeu-3uk-gfb"}]}'
    headers:
      Cache-Control:
      - no-cache
      Connection:
      - keep-alive
      Content-Type:
      - application/json
      Date:
      - Mon, 21 Dec 2020 13:50:32 GMT
      Dd-Pool:
      - dogweb
      Pragma:
      - no-cache
      Set-Cookie:
      - DD-PSHARD=233; Max-Age=604800; Path=/; expires=Mon, 28-Dec-2020 13:50:32 GMT;
        secure; HttpOnly
      Strict-Transport-Security:
      - max-age=15724800;
      Vary:
      - Accept-Encoding
      X-Content-Type-Options:
      - nosniff
      X-Dd-Debug:
      - Eb2J7DZKGMCxUULFPVCE5N014uh3tvnvHgnaA7NVroaoqvWd6z7v+RZklq5100Rp
      X-Dd-Version:
      - "35.3578632"
      X-Frame-Options:
      - SAMEORIGIN
      X-Ratelimit-Limit:
      - "120"
      X-Ratelimit-Period:
      - "60"
      X-Ratelimit-Remaining:
      - "119"
      X-Ratelimit-Reset:
      - "28"
    status: 200 OK
    code: 200
    duration: ""
