---
version: 1
interactions:
- request:
    body: |
      {"config":{"assertions":[{"operator":"is","property":"A","target":"0.0.0.0","type":"recordSome"}],"request":{"dnsServer":"8.8.8.8","dnsServerPort":53,"host":"https://www.datadoghq.com"}},"locations":["aws:us-east-2"],"message":"Go client testing Synthetics API test Subtype DNS - this is message","name":"Test-TestSyntheticsSubtypeDnsAPITestLifecycle-1619182207","options":{"tick_every":60},"subtype":"dns","tags":["testing:api-dns"],"type":"api"}
    form: {}
    headers:
      Accept:
      - application/json
      Content-Type:
      - application/json
      Dd-Operation-Id:
      - CreateTest
      User-Agent:
      - datadog-api-client-go/1.0.0-beta.20+dev (go go1.15.3; os darwin; arch amd64)
      X-Datadog-Parent-Id:
      - "5789272714208389158"
      X-Datadog-Sampling-Priority:
      - "1"
      X-Datadog-Trace-Id:
      - "94018428380115832"
    url: https://api.datadoghq.com/api/v1/synthetics/tests
    method: POST
  response:
    body: '{"status":"live","public_id":"u7k-aaa-2b3","tags":["testing:api-dns"],"org_id":321813,"locations":["aws:us-east-2"],"message":"Go
      client testing Synthetics API test Subtype DNS - this is message","deleted_at":null,"name":"Test-TestSyntheticsSubtypeDnsAPITestLifecycle-1619182207","monitor_id":34347031,"type":"api","created_at":"2021-04-23T12:50:08.076648+00:00","modified_at":"2021-04-23T12:50:08.076648+00:00","subtype":"dns","config":{"request":{"dnsServerPort":53,"host":"https://www.datadoghq.com","dnsServer":"8.8.8.8"},"assertions":[{"operator":"is","property":"A","type":"recordSome","target":"0.0.0.0"}]},"options":{"tick_every":60}}'
    headers:
      Cache-Control:
      - no-cache
      Connection:
      - keep-alive
      Content-Type:
      - application/json
      Date:
      - Fri, 23 Apr 2021 12:50:08 GMT
      Pragma:
      - no-cache
      Strict-Transport-Security:
      - max-age=15724800;
      Vary:
      - Accept-Encoding
      X-Content-Type-Options:
      - nosniff
      X-Dd-Debug:
      - HbtaOKlJ6OCrx9tMXO6ivMTrEM+g0c93HDp08trmOmgdHozC5J+vn10F0H4WPjCU
      X-Dd-Version:
      - "35.4379341"
      X-Frame-Options:
      - SAMEORIGIN
      X-Ratelimit-Limit:
      - "120"
      X-Ratelimit-Period:
      - "60"
      X-Ratelimit-Remaining:
      - "119"
      X-Ratelimit-Reset:
      - "53"
    status: 200 OK
    code: 200
    duration: ""
- request:
    body: |
      {"config":{"assertions":[{"operator":"is","property":"A","target":"0.0.0.0","type":"recordSome"}],"request":{"dnsServer":"8.8.8.8","dnsServerPort":53,"host":"https://www.datadoghq.com"}},"locations":["aws:us-east-2"],"message":"Go client testing Synthetics API test Subtype DNS - this is message","name":"Test-TestSyntheticsSubtypeDnsAPITestLifecycle-1619182207-updated","options":{"tick_every":60},"status":"live","subtype":"dns","tags":["testing:api-dns"],"type":"api"}
    form: {}
    headers:
      Accept:
      - application/json
      Content-Type:
      - application/json
      Dd-Operation-Id:
      - UpdateTest
      User-Agent:
      - datadog-api-client-go/1.0.0-beta.20+dev (go go1.15.3; os darwin; arch amd64)
      X-Datadog-Parent-Id:
      - "6463051629213096005"
      X-Datadog-Sampling-Priority:
      - "1"
      X-Datadog-Trace-Id:
      - "94018428380115832"
    url: https://api.datadoghq.com/api/v1/synthetics/tests/u7k-aaa-2b3
    method: PUT
  response:
    body: '{"status":"live","public_id":"u7k-aaa-2b3","tags":["testing:api-dns"],"org_id":321813,"locations":["aws:us-east-2"],"message":"Go
      client testing Synthetics API test Subtype DNS - this is message","deleted_at":null,"name":"Test-TestSyntheticsSubtypeDnsAPITestLifecycle-1619182207-updated","monitor_id":34347031,"type":"api","created_at":"2021-04-23T12:50:08.076648+00:00","modified_at":"2021-04-23T12:50:08.339405+00:00","subtype":"dns","config":{"request":{"dnsServerPort":53,"host":"https://www.datadoghq.com","dnsServer":"8.8.8.8"},"assertions":[{"operator":"is","property":"A","type":"recordSome","target":"0.0.0.0"}]},"options":{"tick_every":60}}'
    headers:
      Cache-Control:
      - no-cache
      Connection:
      - keep-alive
      Content-Type:
      - application/json
      Date:
      - Fri, 23 Apr 2021 12:50:08 GMT
      Pragma:
      - no-cache
      Strict-Transport-Security:
      - max-age=15724800;
      Vary:
      - Accept-Encoding
      X-Content-Type-Options:
      - nosniff
      X-Dd-Debug:
      - LcgNasIYBRkNppmD6mCKE9J6iv0eEjosuuHR5V5zw2fWbR54i39C8dhdK8zDq/40
      X-Dd-Version:
      - "35.4379341"
      X-Frame-Options:
      - SAMEORIGIN
      X-Ratelimit-Limit:
      - "500"
      X-Ratelimit-Period:
      - "60"
      X-Ratelimit-Remaining:
      - "499"
      X-Ratelimit-Reset:
      - "52"
    status: 200 OK
    code: 200
    duration: ""
- request:
    body: ""
    form: {}
    headers:
      Accept:
      - application/json
      Dd-Operation-Id:
      - GetTest
      User-Agent:
      - datadog-api-client-go/1.0.0-beta.20+dev (go go1.15.3; os darwin; arch amd64)
      X-Datadog-Parent-Id:
      - "123468838154690836"
      X-Datadog-Sampling-Priority:
      - "1"
      X-Datadog-Trace-Id:
      - "94018428380115832"
    url: https://api.datadoghq.com/api/v1/synthetics/tests/u7k-aaa-2b3
    method: GET
  response:
    body: '{"status":"live","public_id":"u7k-aaa-2b3","tags":["testing:api-dns"],"locations":["aws:us-east-2"],"message":"Go
      client testing Synthetics API test Subtype DNS - this is message","name":"Test-TestSyntheticsSubtypeDnsAPITestLifecycle-1619182207-updated","monitor_id":34347031,"type":"api","subtype":"dns","config":{"request":{"dnsServerPort":53,"host":"https://www.datadoghq.com","dnsServer":"8.8.8.8"},"assertions":[{"operator":"is","property":"A","type":"recordSome","target":"0.0.0.0"}]},"options":{"tick_every":60}}'
    headers:
      Cache-Control:
      - no-cache
      Connection:
      - keep-alive
      Content-Type:
      - application/json
      Date:
      - Fri, 23 Apr 2021 12:50:08 GMT
      Pragma:
      - no-cache
      Strict-Transport-Security:
      - max-age=15724800;
      Vary:
      - Accept-Encoding
      X-Content-Type-Options:
      - nosniff
      X-Dd-Debug:
      - twvpGlmuom5y6A0pjGtXzTf554cmwJgTcCZ71fK4H/RDi+v5ehBK0zQiRcTJQG5C
      X-Dd-Version:
      - "35.4379341"
      X-Frame-Options:
      - SAMEORIGIN
      X-Ratelimit-Limit:
      - "1000"
      X-Ratelimit-Period:
      - "60"
      X-Ratelimit-Remaining:
      - "999"
      X-Ratelimit-Reset:
      - "52"
    status: 200 OK
    code: 200
    duration: ""
- request:
    body: |
      {"new_status":"paused"}
    form: {}
    headers:
      Accept:
      - application/json
      Content-Type:
      - application/json
      Dd-Operation-Id:
      - UpdateTestPauseStatus
      User-Agent:
      - datadog-api-client-go/1.0.0-beta.20+dev (go go1.15.3; os darwin; arch amd64)
      X-Datadog-Parent-Id:
      - "4278900913703712123"
      X-Datadog-Sampling-Priority:
      - "1"
      X-Datadog-Trace-Id:
      - "94018428380115832"
    url: https://api.datadoghq.com/api/v1/synthetics/tests/u7k-aaa-2b3/status
    method: PUT
  response:
    body: "true"
    headers:
      Cache-Control:
      - no-cache
      Connection:
      - keep-alive
      Content-Length:
      - "4"
      Content-Type:
      - application/json
      Date:
      - Fri, 23 Apr 2021 12:50:09 GMT
      Pragma:
      - no-cache
      Strict-Transport-Security:
      - max-age=15724800;
      X-Content-Type-Options:
      - nosniff
      X-Dd-Debug:
      - SY1h8ScsWq+kYmtbh63ltMLFAZsQjqfrgvdfAoRX+9TzT1sgMBRYaFRwfWWRRe9a
      X-Dd-Version:
      - "35.4379341"
      X-Frame-Options:
      - SAMEORIGIN
      X-Ratelimit-Limit:
      - "120"
      X-Ratelimit-Period:
      - "60"
      X-Ratelimit-Remaining:
      - "118"
      X-Ratelimit-Reset:
      - "52"
    status: 200 OK
    code: 200
    duration: ""
- request:
    body: |
      {"new_status":"live"}
    form: {}
    headers:
      Accept:
      - application/json
      Content-Type:
      - application/json
      Dd-Operation-Id:
      - UpdateTestPauseStatus
      User-Agent:
      - datadog-api-client-go/1.0.0-beta.20+dev (go go1.15.3; os darwin; arch amd64)
      X-Datadog-Parent-Id:
      - "8290252381979351210"
      X-Datadog-Sampling-Priority:
      - "1"
      X-Datadog-Trace-Id:
      - "94018428380115832"
    url: https://api.datadoghq.com/api/v1/synthetics/tests/u7k-aaa-2b3/status
    method: PUT
  response:
    body: "true"
    headers:
      Cache-Control:
      - no-cache
      Connection:
      - keep-alive
      Content-Length:
      - "4"
      Content-Type:
      - application/json
      Date:
      - Fri, 23 Apr 2021 12:50:09 GMT
      Pragma:
      - no-cache
      Strict-Transport-Security:
      - max-age=15724800;
      X-Content-Type-Options:
      - nosniff
      X-Dd-Debug:
      - B1nwy/pPNqX+q4pQT22cdp1QCexE35IF8qwSHy0Nf7IW0Y881qtn4tXN1lpmzaKc
      X-Dd-Version:
      - "35.4379341"
      X-Frame-Options:
      - SAMEORIGIN
      X-Ratelimit-Limit:
      - "120"
      X-Ratelimit-Period:
      - "60"
      X-Ratelimit-Remaining:
      - "117"
      X-Ratelimit-Reset:
      - "51"
    status: 200 OK
    code: 200
    duration: ""
- request:
    body: ""
    form: {}
    headers:
      Accept:
      - application/json
      Dd-Operation-Id:
      - GetAPITestLatestResults
      User-Agent:
      - datadog-api-client-go/1.0.0-beta.20+dev (go go1.15.3; os darwin; arch amd64)
      X-Datadog-Parent-Id:
      - "2177043663315581186"
      X-Datadog-Sampling-Priority:
      - "1"
      X-Datadog-Trace-Id:
      - "94018428380115832"
    url: https://api.datadoghq.com/api/v1/synthetics/tests/u7k-aaa-2b3/results?from_ts=0&probe_dc=aws%3Aus-east-2&to_ts=1619182207000
    method: GET
  response:
    body: '{"last_timestamp_fetched":1613998209000,"results":[]}'
    headers:
      Cache-Control:
      - no-cache
      Connection:
      - keep-alive
      Content-Type:
      - application/json
      Date:
      - Fri, 23 Apr 2021 12:50:09 GMT
      Pragma:
      - no-cache
      Strict-Transport-Security:
      - max-age=15724800;
      Vary:
      - Accept-Encoding
      X-Content-Type-Options:
      - nosniff
      X-Dd-Debug:
      - HbtaOKlJ6OCrx9tMXO6ivMTrEM+g0c93HDp08trmOmgdHozC5J+vn10F0H4WPjCU
      X-Dd-Version:
      - "35.4379341"
      X-Frame-Options:
      - SAMEORIGIN
      X-Ratelimit-Limit:
      - "1000"
      X-Ratelimit-Period:
      - "60"
      X-Ratelimit-Remaining:
      - "999"
      X-Ratelimit-Reset:
      - "51"
    status: 200 OK
    code: 200
    duration: ""
- request:
    body: |
      {"public_ids":["u7k-aaa-2b3"]}
    form: {}
    headers:
      Accept:
      - application/json
      Content-Type:
      - application/json
      Dd-Operation-Id:
      - DeleteTests
      User-Agent:
      - datadog-api-client-go/1.0.0-beta.20+dev (go go1.15.3; os darwin; arch amd64)
      X-Datadog-Parent-Id:
      - "8212784442691642683"
      X-Datadog-Sampling-Priority:
      - "1"
      X-Datadog-Trace-Id:
      - "94018428380115832"
    url: https://api.datadoghq.com/api/v1/synthetics/tests/delete
    method: POST
  response:
    body: '{"deleted_tests":[{"deleted_at":"2021-04-23T12:50:10.334583+00:00","public_id":"u7k-aaa-2b3"}]}'
    headers:
      Cache-Control:
      - no-cache
      Connection:
      - keep-alive
      Content-Type:
      - application/json
      Date:
      - Fri, 23 Apr 2021 12:50:10 GMT
      Pragma:
      - no-cache
      Strict-Transport-Security:
      - max-age=15724800;
      Vary:
      - Accept-Encoding
      X-Content-Type-Options:
      - nosniff
      X-Dd-Debug:
      - PhosSd3Ch1B6B0DXI71steKUi7XhPDttnPiIP1NdXTw0VJNWpoUnYyBmODS5ne3q
      X-Dd-Version:
      - "35.4379341"
      X-Frame-Options:
      - SAMEORIGIN
      X-Ratelimit-Limit:
      - "120"
      X-Ratelimit-Period:
      - "60"
      X-Ratelimit-Remaining:
      - "119"
      X-Ratelimit-Reset:
      - "50"
    status: 200 OK
    code: 200
    duration: ""
- request:
    body: |
      {"public_ids":["u7k-aaa-2b3"]}
    form: {}
    headers:
      Accept:
      - application/json
      Content-Type:
      - application/json
      Dd-Operation-Id:
      - DeleteTests
      User-Agent:
      - datadog-api-client-go/1.0.0-beta.20+dev (go go1.15.3; os darwin; arch amd64)
      X-Datadog-Parent-Id:
      - "7645100476950205369"
      X-Datadog-Sampling-Priority:
      - "1"
      X-Datadog-Trace-Id:
      - "94018428380115832"
    url: https://api.datadoghq.com/api/v1/synthetics/tests/delete
    method: POST
  response:
    body: '{"errors": ["Synthetics tests: u7k-aaa-2b3 not found"]}'
    headers:
      Cache-Control:
      - no-cache
      Connection:
      - keep-alive
      Content-Type:
      - application/json
      Date:
      - Fri, 23 Apr 2021 12:50:10 GMT
      Pragma:
      - no-cache
      Strict-Transport-Security:
      - max-age=15724800;
      Vary:
      - Accept-Encoding
      X-Content-Type-Options:
      - nosniff
      X-Dd-Version:
      - "35.4379341"
      X-Frame-Options:
      - SAMEORIGIN
      X-Ratelimit-Limit:
      - "120"
      X-Ratelimit-Period:
      - "60"
      X-Ratelimit-Remaining:
      - "118"
      X-Ratelimit-Reset:
      - "50"
    status: 404 Not Found
    code: 404
    duration: ""
