---
version: 1
interactions:
- request:
    body: |
      {"auth_provider_x509_cert_url":"fake_url","auth_uri":"fake_uri","automute":false,"client_email":"go-TestUpdateGCPAccount-local-1589290272@fake-sandbox.iam.gserviceaccount.com","client_id":"123456712345671234567","client_x509_cert_url":"fake_url","host_filters":"fake:tag,example:test","private_key":"fake_key","private_key_id":"fake_private_key_id","project_id":"go-TestUpdateGCPAccount-local-1589290272","token_uri":"fake_uri","type":"service_account"}
    form: {}
    headers:
      Accept:
      - application/json
      Content-Type:
      - application/json
      Dd-Operation-Id:
      - CreateGCPIntegration
      User-Agent:
      - datadog-api-client-go/1.0.0-beta.2 (go go1.14; os darwin; arch amd64)
      X-Datadog-Parent-Id:
      - "1669246584205943905"
      X-Datadog-Sampling-Priority:
      - "1"
      X-Datadog-Trace-Id:
      - "7671548179711688228"
    url: https://api.datadoghq.com/api/v1/integration/gcp
    method: POST
  response:
    body: '{}'
    headers:
      Cache-Control:
      - no-cache
      Connection:
      - keep-alive
      Content-Length:
      - "2"
      Content-Security-Policy:
      - frame-ancestors 'self'; report-uri https://api.datadoghq.com/csp-report
      Content-Type:
      - application/json
      Date:
      - Tue, 12 May 2020 13:31:13 GMT
      Dd-Pool:
      - dogweb
      Pragma:
      - no-cache
      Set-Cookie:
      - DD-PSHARD=233; Max-Age=604800; Path=/; expires=Tue, 19-May-2020 13:31:12 GMT;
        secure; HttpOnly
      Strict-Transport-Security:
      - max-age=15724800;
      X-Content-Type-Options:
      - nosniff
      X-Dd-Debug:
      - skwclWwYkKW38qisoeAm0+G71HHbXaQZSRP+zaGh2pZ7dRVTlLXlAp6DZVg5jg4x
      X-Dd-Version:
      - "35.2492943"
      X-Frame-Options:
      - SAMEORIGIN
    status: 200 OK
    code: 200
    duration: ""
- request:
    body: |
      {"automute":true,"client_email":"go-TestUpdateGCPAccount-local-1589290272@fake-sandbox.iam.gserviceaccount.com","host_filters":"fake:update,example:update","project_id":"go-TestUpdateGCPAccount-local-1589290272"}
    form: {}
    headers:
      Accept:
      - application/json
      Content-Type:
      - application/json
      Dd-Operation-Id:
      - UpdateGCPIntegration
      User-Agent:
      - datadog-api-client-go/1.0.0-beta.2 (go go1.14; os darwin; arch amd64)
      X-Datadog-Parent-Id:
      - "1340246386005208148"
      X-Datadog-Sampling-Priority:
      - "1"
      X-Datadog-Trace-Id:
      - "7671548179711688228"
    url: https://api.datadoghq.com/api/v1/integration/gcp
    method: PUT
  response:
    body: '{}'
    headers:
      Cache-Control:
      - no-cache
      Connection:
      - keep-alive
      Content-Length:
      - "2"
      Content-Security-Policy:
      - frame-ancestors 'self'; report-uri https://api.datadoghq.com/csp-report
      Content-Type:
      - application/json
      Date:
      - Tue, 12 May 2020 13:31:13 GMT
      Dd-Pool:
      - dogweb
      Pragma:
      - no-cache
      Set-Cookie:
      - DD-PSHARD=233; Max-Age=604800; Path=/; expires=Tue, 19-May-2020 13:31:13 GMT;
        secure; HttpOnly
      Strict-Transport-Security:
      - max-age=15724800;
      X-Content-Type-Options:
      - nosniff
      X-Dd-Debug:
      - 8jOW1djIgkdkj4STw+0pQ3G+kGKfu548DWINvnE6phacY0k9vgC3cU1LaI38XIYk
      X-Dd-Version:
      - "35.2492943"
      X-Frame-Options:
      - SAMEORIGIN
    status: 200 OK
    code: 200
    duration: ""
- request:
    body: ""
    form: {}
    headers:
      Accept:
      - application/json
      Dd-Operation-Id:
      - ListGCPIntegration
      User-Agent:
      - datadog-api-client-go/1.0.0-beta.2 (go go1.14; os darwin; arch amd64)
      X-Datadog-Parent-Id:
      - "8613617502103273185"
      X-Datadog-Sampling-Priority:
      - "1"
      X-Datadog-Trace-Id:
      - "7671548179711688228"
    url: https://api.datadoghq.com/api/v1/integration/gcp
    method: GET
  response:
    body: '[{"automute":true,"project_id":"go-TestUpdateGCPAccount-local-1589290272","client_email":"go-TestUpdateGCPAccount-local-1589290272@fake-sandbox.iam.gserviceaccount.com","errors":[],"host_filters":"fake:update,example:update"},{"automute":false,"project_id":"go_1587393820","client_email":"api-test@fake-sandbox.iam.gserviceaccount.com","errors":[],"host_filters":"fake:tag,example:test"},{"automute":false,"project_id":"go_1587393821","client_email":"api-test@fake-sandbox.iam.gserviceaccount.com","errors":[],"host_filters":"fake:tag,example:test"},{"automute":false,"project_id":"go_1587393825","client_email":"api-test@fake-sandbox.iam.gserviceaccount.com","errors":[],"host_filters":"fake:tag,example:test"}]'
    headers:
      Cache-Control:
      - no-cache
      Connection:
      - keep-alive
      Content-Security-Policy:
      - frame-ancestors 'self'; report-uri https://api.datadoghq.com/csp-report
      Content-Type:
      - application/json
      Date:
      - Tue, 12 May 2020 13:31:14 GMT
      Dd-Pool:
      - dogweb
      Pragma:
      - no-cache
      Set-Cookie:
      - DD-PSHARD=233; Max-Age=604800; Path=/; expires=Tue, 19-May-2020 13:31:13 GMT;
        secure; HttpOnly
      Strict-Transport-Security:
      - max-age=15724800;
      Vary:
      - Accept-Encoding
      X-Content-Type-Options:
      - nosniff
      X-Dd-Debug:
      - sg8vzlrAXfi82gDuSEBUxkn5dG85uDtr4RhaVLNn521TM8s6JdimiKDHvX2NhFjo
      X-Dd-Version:
      - "35.2492943"
      X-Frame-Options:
      - SAMEORIGIN
    status: 200 OK
    code: 200
    duration: ""
- request:
    body: |
      {"auth_provider_x509_cert_url":"fake_url","auth_uri":"fake_uri","automute":false,"client_email":"go-TestUpdateGCPAccount-local-1589290272@fake-sandbox.iam.gserviceaccount.com","client_id":"123456712345671234567","client_x509_cert_url":"fake_url","host_filters":"fake:tag,example:test","private_key":"fake_key","private_key_id":"fake_private_key_id","project_id":"go-TestUpdateGCPAccount-local-1589290272","token_uri":"fake_uri","type":"service_account"}
    form: {}
    headers:
      Accept:
      - application/json
      Content-Type:
      - application/json
      Dd-Operation-Id:
      - DeleteGCPIntegration
      User-Agent:
      - datadog-api-client-go/1.0.0-beta.2 (go go1.14; os darwin; arch amd64)
      X-Datadog-Parent-Id:
      - "2975119816545914321"
      X-Datadog-Sampling-Priority:
      - "1"
      X-Datadog-Trace-Id:
      - "7671548179711688228"
    url: https://api.datadoghq.com/api/v1/integration/gcp
    method: DELETE
  response:
    body: '{}'
    headers:
      Cache-Control:
      - no-cache
      Connection:
      - keep-alive
      Content-Length:
      - "2"
      Content-Security-Policy:
      - frame-ancestors 'self'; report-uri https://api.datadoghq.com/csp-report
      Content-Type:
      - application/json
      Date:
      - Tue, 12 May 2020 13:31:15 GMT
      Dd-Pool:
      - dogweb
      Pragma:
      - no-cache
      Set-Cookie:
      - DD-PSHARD=233; Max-Age=604800; Path=/; expires=Tue, 19-May-2020 13:31:15 GMT;
        secure; HttpOnly
      Strict-Transport-Security:
      - max-age=15724800;
      X-Content-Type-Options:
      - nosniff
      X-Dd-Debug:
      - MZCX71FNdAUQ6AMWRBKW1fkNpiPTypOoXE57zLYE3lG5gigqB2nroYJ/8uMn9muy
      X-Dd-Version:
      - "35.2492943"
      X-Frame-Options:
      - SAMEORIGIN
    status: 200 OK
    code: 200
    duration: ""
