---
version: 1
interactions:
- request:
    body: |
      {"config":{"assertions":[],"request":{"method":"GET","url":"https://datadoghq.com"}},"locations":["aws:us-east-2"],"message":"Go client testing Synthetics Browser test - this is message","name":"go-TestSyntheticsBrowserTestLifecycle-local-1589290410","options":{"accept_self_signed":false,"allow_insecure":true,"device_ids":["tablet"],"follow_redirects":true,"min_failure_duration":10,"min_location_failed":10,"retry":{"count":3,"interval":10},"tick_every":300},"tags":["testing:browser"],"type":"browser"}
    form: {}
    headers:
      Accept:
      - application/json
      Content-Type:
      - application/json
      Dd-Operation-Id:
      - CreateTest
      User-Agent:
      - datadog-api-client-go/1.0.0-beta.2 (go go1.14; os darwin; arch amd64)
      X-Datadog-Parent-Id:
      - "3833050221445597002"
      X-Datadog-Sampling-Priority:
      - "1"
      X-Datadog-Trace-Id:
      - "4764832794627307701"
    url: https://api.datadoghq.com/api/v1/synthetics/tests
    method: POST
  response:
    body: '{"status":"paused","public_id":"3kr-rgq-ykc","tags":["testing:browser"],"org_id":321813,"locations":["aws:us-east-2"],"message":"Go
      client testing Synthetics Browser test - this is message","deleted_at":null,"name":"go-TestSyntheticsBrowserTestLifecycle-local-1589290410","monitor_id":18411416,"type":"browser","created_at":"2020-05-12T13:33:30.199796+00:00","modified_at":"2020-05-12T13:33:30.199796+00:00","config":{"request":{"url":"https://datadoghq.com","method":"GET"},"assertions":[]},"options":{"accept_self_signed":false,"retry":{"count":3,"interval":10},"min_location_failed":10,"allow_insecure":true,"follow_redirects":true,"min_failure_duration":10,"device_ids":["tablet"],"tick_every":300}}'
    headers:
      Cache-Control:
      - no-cache
      Connection:
      - keep-alive
      Content-Security-Policy:
      - frame-ancestors 'self'; report-uri https://api.datadoghq.com/csp-report
      Content-Type:
      - application/json
      Date:
      - Tue, 12 May 2020 13:33:30 GMT
      Dd-Pool:
      - dogweb
      Pragma:
      - no-cache
      Set-Cookie:
      - DD-PSHARD=233; Max-Age=604800; Path=/; expires=Tue, 19-May-2020 13:33:30 GMT;
        secure; HttpOnly
      Strict-Transport-Security:
      - max-age=15724800;
      Vary:
      - Accept-Encoding
      X-Content-Type-Options:
      - nosniff
      X-Dd-Debug:
      - v8lEj/pYmsavh1I0Db6FT/BAvLdOdAv91ctM9ImcmfZ/KHrCACXEdhuskTCPihd+
      X-Dd-Version:
      - "35.2492943"
      X-Frame-Options:
      - SAMEORIGIN
      X-Ratelimit-Limit:
      - "120"
      X-Ratelimit-Period:
      - "60"
      X-Ratelimit-Remaining:
      - "118"
      X-Ratelimit-Reset:
      - "30"
    status: 200 OK
    code: 200
    duration: ""
- request:
    body: |
      {"config":{"assertions":[],"request":{"method":"GET","url":"https://datadoghq.com"}},"locations":["aws:us-east-2"],"message":"Go client testing Synthetics Browser test - this is message","name":"go-TestSyntheticsBrowserTestLifecycle-local-1589290410-updated","options":{"accept_self_signed":false,"allow_insecure":true,"device_ids":["tablet"],"follow_redirects":true,"min_failure_duration":10,"min_location_failed":10,"retry":{"count":3,"interval":10},"tick_every":300},"status":"paused","tags":["testing:browser"],"type":"browser"}
    form: {}
    headers:
      Accept:
      - application/json
      Content-Type:
      - application/json
      Dd-Operation-Id:
      - UpdateTest
      User-Agent:
      - datadog-api-client-go/1.0.0-beta.2 (go go1.14; os darwin; arch amd64)
      X-Datadog-Parent-Id:
      - "2067459717301055599"
      X-Datadog-Sampling-Priority:
      - "1"
      X-Datadog-Trace-Id:
      - "4764832794627307701"
    url: https://api.datadoghq.com/api/v1/synthetics/tests/3kr-rgq-ykc
    method: PUT
  response:
    body: '{"status":"paused","public_id":"3kr-rgq-ykc","tags":["testing:browser"],"org_id":321813,"locations":["aws:us-east-2"],"message":"Go
      client testing Synthetics Browser test - this is message","deleted_at":null,"name":"go-TestSyntheticsBrowserTestLifecycle-local-1589290410-updated","monitor_id":18411416,"type":"browser","created_at":"2020-05-12T13:33:30.199796+00:00","modified_at":"2020-05-12T13:33:30.687395+00:00","config":{"request":{"url":"https://datadoghq.com","method":"GET"},"assertions":[]},"options":{"accept_self_signed":false,"retry":{"count":3,"interval":10},"min_location_failed":10,"allow_insecure":true,"follow_redirects":true,"min_failure_duration":10,"device_ids":["tablet"],"tick_every":300}}'
    headers:
      Cache-Control:
      - no-cache
      Connection:
      - keep-alive
      Content-Security-Policy:
      - frame-ancestors 'self'; report-uri https://api.datadoghq.com/csp-report
      Content-Type:
      - application/json
      Date:
      - Tue, 12 May 2020 13:33:30 GMT
      Dd-Pool:
      - dogweb
      Pragma:
      - no-cache
      Set-Cookie:
      - DD-PSHARD=233; Max-Age=604800; Path=/; expires=Tue, 19-May-2020 13:33:30 GMT;
        secure; HttpOnly
      Strict-Transport-Security:
      - max-age=15724800;
      Vary:
      - Accept-Encoding
      X-Content-Type-Options:
      - nosniff
      X-Dd-Debug:
      - /Ib6MMQTHlX0/jTb6tlEMzSZs2crLqjkGjYkoQ/zb0RHtMaXT744DZRFpy23W0oi
      X-Dd-Version:
      - "35.2493025"
      X-Frame-Options:
      - SAMEORIGIN
      X-Ratelimit-Limit:
      - "500"
      X-Ratelimit-Period:
      - "60"
      X-Ratelimit-Remaining:
      - "496"
      X-Ratelimit-Reset:
      - "30"
    status: 200 OK
    code: 200
    duration: ""
- request:
    body: ""
    form: {}
    headers:
      Accept:
      - application/json
      Dd-Operation-Id:
      - GetTest
      User-Agent:
      - datadog-api-client-go/1.0.0-beta.2 (go go1.14; os darwin; arch amd64)
      X-Datadog-Parent-Id:
      - "8692387837196130334"
      X-Datadog-Sampling-Priority:
      - "1"
      X-Datadog-Trace-Id:
      - "4764832794627307701"
    url: https://api.datadoghq.com/api/v1/synthetics/tests/3kr-rgq-ykc
    method: GET
  response:
    body: '{"status":"paused","public_id":"3kr-rgq-ykc","tags":["testing:browser"],"stepCount":{"subtests":0,"total":0,"assertions":0},"locations":["aws:us-east-2"],"message":"Go
      client testing Synthetics Browser test - this is message","modified_by":{"email":"slavek.kabrda@datadoghq.com","handle":"slavek.kabrda@datadoghq.com","id":1379826,"name":"Slavek
      Kabrda"},"name":"go-TestSyntheticsBrowserTestLifecycle-local-1589290410-updated","monitor_id":18411416,"type":"browser","created_at":"2020-05-12T13:33:30.199796+00:00","modified_at":"2020-05-12T13:33:30.687395+00:00","created_by":{"email":"slavek.kabrda@datadoghq.com","handle":"slavek.kabrda@datadoghq.com","id":1379826,"name":"Slavek
      Kabrda"},"config":{"request":{"url":"https://datadoghq.com","method":"GET"},"assertions":[]},"options":{"accept_self_signed":false,"retry":{"count":3,"interval":10},"min_location_failed":10,"allow_insecure":true,"follow_redirects":true,"min_failure_duration":10,"device_ids":["tablet"],"tick_every":300}}'
    headers:
      Cache-Control:
      - no-cache
      Connection:
      - keep-alive
      Content-Security-Policy:
      - frame-ancestors 'self'; report-uri https://api.datadoghq.com/csp-report
      Content-Type:
      - application/json
      Date:
      - Tue, 12 May 2020 13:33:31 GMT
      Dd-Pool:
      - dogweb
      Pragma:
      - no-cache
      Set-Cookie:
      - DD-PSHARD=233; Max-Age=604800; Path=/; expires=Tue, 19-May-2020 13:33:31 GMT;
        secure; HttpOnly
      Strict-Transport-Security:
      - max-age=15724800;
      Vary:
      - Accept-Encoding
      X-Content-Type-Options:
      - nosniff
      X-Dd-Debug:
      - FAXIqEyJyWWDyUDKgR+Td75IkfWeu40aSEpg9NtrH84gUkIxi84nk9RHrJt3rVD3
      X-Dd-Version:
      - "35.2492943"
      X-Frame-Options:
      - SAMEORIGIN
      X-Ratelimit-Limit:
      - "1000"
      X-Ratelimit-Period:
      - "60"
      X-Ratelimit-Remaining:
      - "998"
      X-Ratelimit-Reset:
      - "29"
    status: 200 OK
    code: 200
    duration: ""
- request:
    body: |
      {"new_status":"live"}
    form: {}
    headers:
      Accept:
      - application/json
      Content-Type:
      - application/json
      Dd-Operation-Id:
      - UpdateTestPauseStatus
      User-Agent:
      - datadog-api-client-go/1.0.0-beta.2 (go go1.14; os darwin; arch amd64)
      X-Datadog-Parent-Id:
      - "1032309088456194826"
      X-Datadog-Sampling-Priority:
      - "1"
      X-Datadog-Trace-Id:
      - "4764832794627307701"
    url: https://api.datadoghq.com/api/v1/synthetics/tests/3kr-rgq-ykc/status
    method: PUT
  response:
    body: "true"
    headers:
      Cache-Control:
      - no-cache
      Connection:
      - keep-alive
      Content-Length:
      - "4"
      Content-Security-Policy:
      - frame-ancestors 'self'; report-uri https://api.datadoghq.com/csp-report
      Content-Type:
      - application/json
      Date:
      - Tue, 12 May 2020 13:33:31 GMT
      Dd-Pool:
      - dogweb
      Pragma:
      - no-cache
      Set-Cookie:
      - DD-PSHARD=233; Max-Age=604800; Path=/; expires=Tue, 19-May-2020 13:33:31 GMT;
        secure; HttpOnly
      Strict-Transport-Security:
      - max-age=15724800;
      X-Content-Type-Options:
      - nosniff
      X-Dd-Debug:
      - SxoanfhUZNcxsD3lnA3j+up2jAgZV05RpnWjR/qtgMkjy5UIlkbs0WqFT6yaBwwR
      X-Dd-Version:
      - "35.2493025"
      X-Frame-Options:
      - SAMEORIGIN
      X-Ratelimit-Limit:
      - "120"
      X-Ratelimit-Period:
      - "60"
      X-Ratelimit-Remaining:
      - "115"
      X-Ratelimit-Reset:
      - "29"
    status: 200 OK
    code: 200
    duration: ""
- request:
    body: |
      {"new_status":"paused"}
    form: {}
    headers:
      Accept:
      - application/json
      Content-Type:
      - application/json
      Dd-Operation-Id:
      - UpdateTestPauseStatus
      User-Agent:
      - datadog-api-client-go/1.0.0-beta.2 (go go1.14; os darwin; arch amd64)
      X-Datadog-Parent-Id:
      - "1509302576775572114"
      X-Datadog-Sampling-Priority:
      - "1"
      X-Datadog-Trace-Id:
      - "4764832794627307701"
    url: https://api.datadoghq.com/api/v1/synthetics/tests/3kr-rgq-ykc/status
    method: PUT
  response:
    body: "true"
    headers:
      Cache-Control:
      - no-cache
      Connection:
      - keep-alive
      Content-Length:
      - "4"
      Content-Security-Policy:
      - frame-ancestors 'self'; report-uri https://api.datadoghq.com/csp-report
      Content-Type:
      - application/json
      Date:
      - Tue, 12 May 2020 13:33:31 GMT
      Dd-Pool:
      - dogweb
      Pragma:
      - no-cache
      Set-Cookie:
      - DD-PSHARD=233; Max-Age=604800; Path=/; expires=Tue, 19-May-2020 13:33:31 GMT;
        secure; HttpOnly
      Strict-Transport-Security:
      - max-age=15724800;
      X-Content-Type-Options:
      - nosniff
      X-Dd-Debug:
      - oiF9oLqSEnBWpAh9z89c+Ruy9xKAqrdZzQPjGsNOxlGQNWaw3sCTSoKaMkMdPunL
      X-Dd-Version:
      - "35.2492943"
      X-Frame-Options:
      - SAMEORIGIN
      X-Ratelimit-Limit:
      - "120"
      X-Ratelimit-Period:
      - "60"
      X-Ratelimit-Remaining:
      - "114"
      X-Ratelimit-Reset:
      - "29"
    status: 200 OK
    code: 200
    duration: ""
- request:
    body: ""
    form: {}
    headers:
      Accept:
      - application/json
      Dd-Operation-Id:
      - GetBrowserTestLatestResults
      User-Agent:
      - datadog-api-client-go/1.0.0-beta.2 (go go1.14; os darwin; arch amd64)
      X-Datadog-Parent-Id:
      - "6078912433044213024"
      X-Datadog-Sampling-Priority:
      - "1"
      X-Datadog-Trace-Id:
      - "4764832794627307701"
    url: https://api.datadoghq.com/api/v1/synthetics/tests/browser/3kr-rgq-ykc/results?from_ts=0&probe_dc=aws%3Aus-east-2&to_ts=1589290410000
    method: GET
  response:
    body: '{"last_timestamp_fetched":1584106411000,"results":[]}'
    headers:
      Cache-Control:
      - no-cache
      Connection:
      - keep-alive
      Content-Security-Policy:
      - frame-ancestors 'self'; report-uri https://api.datadoghq.com/csp-report
      Content-Type:
      - application/json
      Date:
      - Tue, 12 May 2020 13:33:31 GMT
      Dd-Pool:
      - dogweb
      Pragma:
      - no-cache
      Set-Cookie:
      - DD-PSHARD=233; Max-Age=604800; Path=/; expires=Tue, 19-May-2020 13:33:31 GMT;
        secure; HttpOnly
      Strict-Transport-Security:
      - max-age=15724800;
      Vary:
      - Accept-Encoding
      X-Content-Type-Options:
      - nosniff
      X-Dd-Debug:
      - 11g4TM+MO8VJV6iUJTOff4hAGEXsIqbG4IMv2YuWygOleCGxCxx6NihCkVtjenZN
      X-Dd-Version:
      - "35.2492943"
      X-Frame-Options:
      - SAMEORIGIN
      X-Ratelimit-Limit:
      - "1000"
      X-Ratelimit-Period:
      - "60"
      X-Ratelimit-Remaining:
      - "998"
      X-Ratelimit-Reset:
      - "29"
    status: 200 OK
    code: 200
    duration: ""
- request:
    body: |
      {"public_ids":["3kr-rgq-ykc"]}
    form: {}
    headers:
      Accept:
      - application/json
      Content-Type:
      - application/json
      Dd-Operation-Id:
      - DeleteTests
      User-Agent:
      - datadog-api-client-go/1.0.0-beta.2 (go go1.14; os darwin; arch amd64)
      X-Datadog-Parent-Id:
      - "1240631237155245204"
      X-Datadog-Sampling-Priority:
      - "1"
      X-Datadog-Trace-Id:
      - "4764832794627307701"
    url: https://api.datadoghq.com/api/v1/synthetics/tests/delete
    method: POST
  response:
    body: '{"deleted_tests":[{"deleted_at":"2020-05-12T13:33:32.060864+00:00","public_id":"3kr-rgq-ykc"}]}'
    headers:
      Cache-Control:
      - no-cache
      Connection:
      - keep-alive
      Content-Security-Policy:
      - frame-ancestors 'self'; report-uri https://api.datadoghq.com/csp-report
      Content-Type:
      - application/json
      Date:
      - Tue, 12 May 2020 13:33:32 GMT
      Dd-Pool:
      - dogweb
      Pragma:
      - no-cache
      Set-Cookie:
      - DD-PSHARD=233; Max-Age=604800; Path=/; expires=Tue, 19-May-2020 13:33:32 GMT;
        secure; HttpOnly
      Strict-Transport-Security:
      - max-age=15724800;
      Vary:
      - Accept-Encoding
      X-Content-Type-Options:
      - nosniff
      X-Dd-Debug:
      - GAK1J4mJd/EBZfEK4rqUw9OeB9GOeKgSyrXGtzNUi5zrv5sHYU56xJgA4bcbtgUA
      X-Dd-Version:
      - "35.2492943"
      X-Frame-Options:
      - SAMEORIGIN
      X-Ratelimit-Limit:
      - "120"
      X-Ratelimit-Period:
      - "60"
      X-Ratelimit-Remaining:
      - "117"
      X-Ratelimit-Reset:
      - "28"
    status: 200 OK
    code: 200
    duration: ""
- request:
    body: |
      {"public_ids":["3kr-rgq-ykc"]}
    form: {}
    headers:
      Accept:
      - application/json
      Content-Type:
      - application/json
      Dd-Operation-Id:
      - DeleteTests
      User-Agent:
      - datadog-api-client-go/1.0.0-beta.2 (go go1.14; os darwin; arch amd64)
      X-Datadog-Parent-Id:
      - "4219067661190734514"
      X-Datadog-Sampling-Priority:
      - "1"
      X-Datadog-Trace-Id:
      - "4764832794627307701"
    url: https://api.datadoghq.com/api/v1/synthetics/tests/delete
    method: POST
  response:
    body: '{"errors": ["Synthetics test not found"]}'
    headers:
      Cache-Control:
      - no-cache
      Connection:
      - keep-alive
      Content-Security-Policy:
      - frame-ancestors 'self'; report-uri https://api.datadoghq.com/csp-report
      Content-Type:
      - application/json
      Date:
      - Tue, 12 May 2020 13:33:32 GMT
      Dd-Pool:
      - dogweb
      Pragma:
      - no-cache
      Strict-Transport-Security:
      - max-age=15724800;
      Vary:
      - Accept-Encoding
      X-Content-Type-Options:
      - nosniff
      X-Dd-Version:
      - "35.2493025"
      X-Frame-Options:
      - SAMEORIGIN
      X-Ratelimit-Limit:
      - "120"
      X-Ratelimit-Period:
      - "60"
      X-Ratelimit-Remaining:
      - "116"
      X-Ratelimit-Reset:
      - "28"
    status: 404 Not Found
    code: 404
    duration: ""
