---
version: 1
interactions:
- request:
    body: '{"priority":"normal","source_type_name":"datadog-api-client-go","tags":["test","client:go"],"text":"example
      text","title":"go-TestEventLifecycle-local-1589290252"}'
    form: {}
    headers:
      Content-Type:
      - application/json
      X-Datadog-Parent-Id:
      - "1059734773099296429"
      X-Datadog-Sampling-Priority:
      - "1"
      X-Datadog-Trace-Id:
      - "1059734773099296429"
    url: https://api.datadoghq.com/api/v1/events
    method: POST
  response:
    body: '{"status":"ok","event":{"id":5453054678476418724,"title":"go-TestEventLifecycle-local-1589290252","text":"example
      text","date_happened":1589290253,"handle":null,"priority":"normal","related_event_id":null,"tags":["test","client:go"],"url":"https://app.datadoghq.com/event/event?id=5453054678476418724"}}'
    headers:
      Connection:
      - keep-alive
      Content-Length:
      - "303"
      Content-Security-Policy:
      - frame-ancestors 'self'; report-uri https://api.datadoghq.com/csp-report
      Content-Type:
      - application/json
      Date:
      - Tue, 12 May 2020 13:30:53 GMT
      Dd-Pool:
      - propjoe
      Strict-Transport-Security:
      - max-age=15724800;
      X-Content-Type-Options:
      - nosniff
      X-Frame-Options:
      - SAMEORIGIN
    status: 202 Accepted
    code: 202
    duration: ""
- request:
    body: ""
    form: {}
    headers:
      Accept:
      - application/json
      Dd-Operation-Id:
      - GetEvent
      User-Agent:
      - datadog-api-client-go/1.0.0-beta.2 (go go1.14; os darwin; arch amd64)
      X-Datadog-Parent-Id:
      - "8627271467935410496"
      X-Datadog-Sampling-Priority:
      - "1"
      X-Datadog-Trace-Id:
      - "1595351616358147188"
    url: https://api.datadoghq.com/api/v1/events/5453054678476418724
    method: GET
  response:
    body: '{"errors": ["No event matches that event_id."]}'
    headers:
      Cache-Control:
      - no-cache
      Connection:
      - keep-alive
      Content-Security-Policy:
      - frame-ancestors 'self'; report-uri https://api.datadoghq.com/csp-report
      Content-Type:
      - application/json
      Date:
      - Tue, 12 May 2020 13:30:53 GMT
      Dd-Pool:
      - dogweb_events
      Pragma:
      - no-cache
      Strict-Transport-Security:
      - max-age=15724800;
      Vary:
      - Accept-Encoding
      X-Content-Type-Options:
      - nosniff
      X-Dd-Version:
      - "35.2492943"
      X-Frame-Options:
      - SAMEORIGIN
    status: 404 Not Found
    code: 404
    duration: ""
- request:
    body: ""
    form: {}
    headers:
      Accept:
      - application/json
      Dd-Operation-Id:
      - GetEvent
      User-Agent:
      - datadog-api-client-go/1.0.0-beta.2 (go go1.14; os darwin; arch amd64)
      X-Datadog-Parent-Id:
      - "2009278304047597835"
      X-Datadog-Sampling-Priority:
      - "1"
      X-Datadog-Trace-Id:
      - "1595351616358147188"
    url: https://api.datadoghq.com/api/v1/events/5453054678476418724
    method: GET
  response:
    body: '{"errors": ["No event matches that event_id."]}'
    headers:
      Cache-Control:
      - no-cache
      Connection:
      - keep-alive
      Content-Security-Policy:
      - frame-ancestors 'self'; report-uri https://api.datadoghq.com/csp-report
      Content-Type:
      - application/json
      Date:
      - Tue, 12 May 2020 13:30:58 GMT
      Dd-Pool:
      - dogweb_events
      Pragma:
      - no-cache
      Strict-Transport-Security:
      - max-age=15724800;
      Vary:
      - Accept-Encoding
      X-Content-Type-Options:
      - nosniff
      X-Dd-Version:
      - "35.2492943"
      X-Frame-Options:
      - SAMEORIGIN
    status: 404 Not Found
    code: 404
    duration: ""
- request:
    body: ""
    form: {}
    headers:
      Accept:
      - application/json
      Dd-Operation-Id:
      - GetEvent
      User-Agent:
      - datadog-api-client-go/1.0.0-beta.2 (go go1.14; os darwin; arch amd64)
      X-Datadog-Parent-Id:
      - "7199776776568710857"
      X-Datadog-Sampling-Priority:
      - "1"
      X-Datadog-Trace-Id:
      - "1595351616358147188"
    url: https://api.datadoghq.com/api/v1/events/5453054678476418724
    method: GET
  response:
    body: '{"errors": ["No event matches that event_id."]}'
    headers:
      Cache-Control:
      - no-cache
      Connection:
      - keep-alive
      Content-Security-Policy:
      - frame-ancestors 'self'; report-uri https://api.datadoghq.com/csp-report
      Content-Type:
      - application/json
      Date:
      - Tue, 12 May 2020 13:31:04 GMT
      Dd-Pool:
      - dogweb_events
      Pragma:
      - no-cache
      Strict-Transport-Security:
      - max-age=15724800;
      Vary:
      - Accept-Encoding
      X-Content-Type-Options:
      - nosniff
      X-Dd-Version:
      - "35.2492943"
      X-Frame-Options:
      - SAMEORIGIN
    status: 404 Not Found
    code: 404
    duration: ""
- request:
    body: ""
    form: {}
    headers:
      Accept:
      - application/json
      Dd-Operation-Id:
      - GetEvent
      User-Agent:
      - datadog-api-client-go/1.0.0-beta.2 (go go1.14; os darwin; arch amd64)
      X-Datadog-Parent-Id:
      - "2943658340438005311"
      X-Datadog-Sampling-Priority:
      - "1"
      X-Datadog-Trace-Id:
      - "1595351616358147188"
    url: https://api.datadoghq.com/api/v1/events/5453054678476418724
    method: GET
  response:
    body: '{"event":{"date_happened":1589290253,"alert_type":"info","resource":"/api/v1/events/5453054678476418724","title":"go-TestEventLifecycle-local-1589290252","url":"/event/event?id=5453054678476418724","text":"example
      text","tags":["client:go","test"],"device_name":null,"priority":"normal","host":null,"id":5453054678476418724}}'
    headers:
      Cache-Control:
      - no-cache
      Connection:
      - keep-alive
      Content-Security-Policy:
      - frame-ancestors 'self'; report-uri https://api.datadoghq.com/csp-report
      Content-Type:
      - application/json
      Date:
      - Tue, 12 May 2020 13:31:09 GMT
      Dd-Pool:
      - dogweb_events
      Pragma:
      - no-cache
      Set-Cookie:
      - DD-PSHARD=233; Max-Age=604800; Path=/; expires=Tue, 19-May-2020 13:31:09 GMT;
        secure; HttpOnly
      Strict-Transport-Security:
      - max-age=15724800;
      Vary:
      - Accept-Encoding
      X-Content-Type-Options:
      - nosniff
      X-Dd-Debug:
      - 3HdHD6wWiRfiP8hQjUNTx9zkEc5LUHfck4mpCo8hdcK7VOwtwatSX4gx0lRj+FOI
      X-Dd-Version:
      - "35.2492943"
      X-Frame-Options:
      - SAMEORIGIN
    status: 200 OK
    code: 200
    duration: ""
- request:
    body: ""
    form: {}
    headers:
      Accept:
      - application/json
      Dd-Operation-Id:
      - ListEvents
      User-Agent:
      - datadog-api-client-go/1.0.0-beta.2 (go go1.14; os darwin; arch amd64)
      X-Datadog-Parent-Id:
      - "8806478855036444975"
      X-Datadog-Sampling-Priority:
      - "1"
      X-Datadog-Trace-Id:
      - "1595351616358147188"
    url: https://api.datadoghq.com/api/v1/events?end=1589290263&priority=normal&sources=datadog-api-client-go&start=1589290243&tags=test%2Cclient%3Ago&unaggregated=true
    method: GET
  response:
    body: '{"events":[{"date_happened":1589290253,"alert_type":"info","is_aggregate":false,"title":"go-TestEventLifecycle-local-1589290252","url":"/event/event?id=5453054678476418724","text":"example
      text","tags":["client:go","test"],"comments":[],"device_name":null,"priority":"normal","source":"My
      Apps","host":null,"resource":"/api/v1/events/5453054678476418724","id":5453054678476418724}]}'
    headers:
      Cache-Control:
      - no-cache
      Connection:
      - keep-alive
      Content-Security-Policy:
      - frame-ancestors 'self'; report-uri https://api.datadoghq.com/csp-report
      Content-Type:
      - application/json
      Date:
      - Tue, 12 May 2020 13:31:09 GMT
      Dd-Pool:
      - dogweb_events
      Pragma:
      - no-cache
      Set-Cookie:
      - DD-PSHARD=233; Max-Age=604800; Path=/; expires=Tue, 19-May-2020 13:31:09 GMT;
        secure; HttpOnly
      Strict-Transport-Security:
      - max-age=15724800;
      Vary:
      - Accept-Encoding
      X-Content-Type-Options:
      - nosniff
      X-Dd-Debug:
      - CLxfRZm50m7zpGL0ZTUIbg21HZwIebJJcJd7PIRqgZ8SikrMUg6zn8vhED9JlpCm
      X-Dd-Version:
      - "35.2493025"
      X-Frame-Options:
      - SAMEORIGIN
    status: 200 OK
    code: 200
    duration: ""
