---
version: 1
interactions:
- request:
    body: |
      {"config":{"assertions":[{"operator":"is","property":"{{ PROPERTY }}","target":"text/html","type":"header"},{"operator":"lessThan","target":2000,"type":"responseTime"},{"operator":"validatesJSONPath","target":{"jsonPath":"topKey","operator":"isNot","targetValue":"0"},"type":"body"}],"configVariables":[{"example":"content-type","name":"PROPERTY","pattern":"content-type","type":"text"}],"request":{"certificate":{"cert":{"content":"cert-content","filename":"cert-filename","updatedAt":"2020-10-16T09:23:24.857Z"},"key":{"content":"key-content","filename":"key-filename","updatedAt":"2020-10-16T09:23:24.857Z"}},"headers":{"testingGoClient":"true"},"method":"GET","timeout":10,"url":"https://datadoghq.com"}},"locations":["aws:us-east-2"],"message":"Go client testing Synthetics API test - this is message","name":"go-TestSyntheticsVariableFromTestLifecycle-local-1610374181","options":{"accept_self_signed":false,"allow_insecure":true,"follow_redirects":true,"min_failure_duration":10,"min_location_failed":1,"retry":{"count":3,"interval":10},"tick_every":60},"subtype":"http","tags":["testing:api"],"type":"api"}
    form: {}
    headers:
      Accept:
      - application/json
      Content-Type:
      - application/json
      Dd-Operation-Id:
      - CreateTest
      User-Agent:
      - datadog-api-client-go/1.0.0-beta.14+dev (go go1.15.3; os darwin; arch amd64)
      X-Datadog-Parent-Id:
      - "337951070400840771"
      X-Datadog-Sampling-Priority:
      - "1"
      X-Datadog-Trace-Id:
      - "5862059743924605885"
    url: https://api.datadoghq.com/api/v1/synthetics/tests
    method: POST
  response:
    body: '{"status":"live","public_id":"a76-57t-232","tags":["testing:api"],"org_id":321813,"locations":["aws:us-east-2"],"message":"Go
      client testing Synthetics API test - this is message","deleted_at":null,"name":"go-TestSyntheticsVariableFromTestLifecycle-local-1610374181","monitor_id":28517087,"type":"api","created_at":"2021-01-11T14:09:42.344100+00:00","modified_at":"2021-01-11T14:09:42.344100+00:00","subtype":"http","config":{"request":{"url":"https://datadoghq.com","headers":{"testingGoClient":"true"},"certificate":{"cert":{"filename":"cert-filename","updatedAt":"2021-01-11T14:09:42.231266+00:00"},"key":{"filename":"key-filename","updatedAt":"2021-01-11T14:09:42.231222+00:00"}},"method":"GET","timeout":10},"assertions":[{"operator":"is","property":"{{
      PROPERTY }}","type":"header","target":"text/html"},{"operator":"lessThan","type":"responseTime","target":2000},{"operator":"validatesJSONPath","type":"body","target":{"operator":"isNot","targetValue":"0","jsonPath":"topKey"}}],"configVariables":[{"pattern":"content-type","type":"text","example":"content-type","name":"PROPERTY"}]},"options":{"accept_self_signed":false,"retry":{"count":3,"interval":10},"min_location_failed":1,"allow_insecure":true,"follow_redirects":true,"min_failure_duration":10,"tick_every":60}}'
    headers:
      Cache-Control:
      - no-cache
      Connection:
      - keep-alive
      Content-Type:
      - application/json
      Date:
      - Mon, 11 Jan 2021 14:09:43 GMT
      Pragma:
      - no-cache
      Set-Cookie:
      - DD-PSHARD=233; Max-Age=604800; Path=/; expires=Mon, 18-Jan-2021 14:09:42 GMT;
        secure; HttpOnly
      Strict-Transport-Security:
      - max-age=15724800;
      Vary:
      - Accept-Encoding
      X-Content-Type-Options:
      - nosniff
      X-Dd-Debug:
      - WmMtMFngDL31sZYuYCiUaMFRtAs90zyIJHnMIoB4iHZztA/Ona9SnOav516bWmh7
      X-Dd-Version:
      - "35.3677087"
      X-Frame-Options:
      - SAMEORIGIN
      X-Ratelimit-Limit:
      - "120"
      X-Ratelimit-Period:
      - "60"
      X-Ratelimit-Remaining:
      - "119"
      X-Ratelimit-Reset:
      - "18"
    status: 200 OK
    code: 200
    duration: ""
- request:
    body: |
      {"description":"variable from test description","name":"GO_TESTSYNTHETICSVARIABLEFROMTESTLIFECYCLE_LOCAL_1610374181","parse_test_options":{"field":"content-type","parser":{"type":"raw"},"type":"http_header"},"parse_test_public_id":"a76-57t-232","tags":["synthetics"],"value":{"secure":false,"value":""}}
    form: {}
    headers:
      Accept:
      - application/json
      Content-Type:
      - application/json
      Dd-Operation-Id:
      - CreateGlobalVariable
      User-Agent:
      - datadog-api-client-go/1.0.0-beta.14+dev (go go1.15.3; os darwin; arch amd64)
      X-Datadog-Parent-Id:
      - "7470788962133917351"
      X-Datadog-Sampling-Priority:
      - "1"
      X-Datadog-Trace-Id:
      - "5862059743924605885"
    url: https://api.datadoghq.com/api/v1/synthetics/variables
    method: POST
  response:
    body: '{"parse_test_extracted_at":null,"description":"variable from test description","tags":["synthetics"],"parse_test_public_id":"a76-57t-232","value":{"secure":false,"value":""},"id":"c90fc065-3606-4ad5-b61d-2fd899a1e263","parse_test_options":{"field":"content-type","parser":{"type":"raw"},"type":"http_header"},"name":"GO_TESTSYNTHETICSVARIABLEFROMTESTLIFECYCLE_LOCAL_1610374181","parse_test_name":null,"type":"variable"}'
    headers:
      Cache-Control:
      - no-cache
      Connection:
      - keep-alive
      Content-Type:
      - application/json
      Date:
      - Mon, 11 Jan 2021 14:09:43 GMT
      Pragma:
      - no-cache
      Set-Cookie:
      - DD-PSHARD=233; Max-Age=604800; Path=/; expires=Mon, 18-Jan-2021 14:09:43 GMT;
        secure; HttpOnly
      Strict-Transport-Security:
      - max-age=15724800;
      Vary:
      - Accept-Encoding
      X-Content-Type-Options:
      - nosniff
      X-Dd-Debug:
      - ilZ2Tz4sOtnH2tGRqlD9p6NDcucj4gVBdvczlxiOPhY/AWnWhycAWjVucOU5/NQA
      X-Dd-Version:
      - "35.3677087"
      X-Frame-Options:
      - SAMEORIGIN
      X-Ratelimit-Limit:
      - "120"
      X-Ratelimit-Period:
      - "60"
      X-Ratelimit-Remaining:
      - "119"
      X-Ratelimit-Reset:
      - "17"
    status: 200 OK
    code: 200
    duration: ""
- request:
    body: ""
    form: {}
    headers:
      Accept:
      - application/json
      Dd-Operation-Id:
      - GetGlobalVariable
      User-Agent:
      - datadog-api-client-go/1.0.0-beta.14+dev (go go1.15.3; os darwin; arch amd64)
      X-Datadog-Parent-Id:
      - "8532742838623933828"
      X-Datadog-Sampling-Priority:
      - "1"
      X-Datadog-Trace-Id:
      - "5862059743924605885"
    url: https://api.datadoghq.com/api/v1/synthetics/variables/c90fc065-3606-4ad5-b61d-2fd899a1e263
    method: GET
  response:
    body: '{"parse_test_extracted_at":null,"description":"variable from test description","tags":["synthetics"],"parse_test_public_id":"a76-57t-232","value":{"secure":false,"value":""},"id":"c90fc065-3606-4ad5-b61d-2fd899a1e263","parse_test_options":{"field":"content-type","parser":{"type":"raw"},"type":"http_header"},"name":"GO_TESTSYNTHETICSVARIABLEFROMTESTLIFECYCLE_LOCAL_1610374181","created_at":"2021-01-11T14:09:43.292113+00:00","modified_at":"2021-01-11T14:09:43.292113+00:00","created_by":1445416,"parse_test_name":null,"type":"variable"}'
    headers:
      Cache-Control:
      - no-cache
      Connection:
      - keep-alive
      Content-Type:
      - application/json
      Date:
      - Mon, 11 Jan 2021 14:09:43 GMT
      Pragma:
      - no-cache
      Set-Cookie:
      - DD-PSHARD=233; Max-Age=604800; Path=/; expires=Mon, 18-Jan-2021 14:09:43 GMT;
        secure; HttpOnly
      Strict-Transport-Security:
      - max-age=15724800;
      Vary:
      - Accept-Encoding
      X-Content-Type-Options:
      - nosniff
      X-Dd-Debug:
      - E/n/F3cyfMhzzJeB7O6BVmaq6hO3dCQFUY5AzeSSV4syTTIgel8CkF1YlP8TXzmG
      X-Dd-Version:
      - "35.3677087"
      X-Frame-Options:
      - SAMEORIGIN
      X-Ratelimit-Limit:
      - "120"
      X-Ratelimit-Period:
      - "60"
      X-Ratelimit-Remaining:
      - "119"
      X-Ratelimit-Reset:
      - "17"
    status: 200 OK
    code: 200
    duration: ""
- request:
    body: ""
    form: {}
    headers:
      Accept:
      - application/json
      Dd-Operation-Id:
      - DeleteGlobalVariable
      User-Agent:
      - datadog-api-client-go/1.0.0-beta.14+dev (go go1.15.3; os darwin; arch amd64)
      X-Datadog-Parent-Id:
      - "9032973485008491594"
      X-Datadog-Sampling-Priority:
      - "1"
      X-Datadog-Trace-Id:
      - "5862059743924605885"
    url: https://api.datadoghq.com/api/v1/synthetics/variables/c90fc065-3606-4ad5-b61d-2fd899a1e263
    method: DELETE
  response:
    body: "null"
    headers:
      Cache-Control:
      - no-cache
      Connection:
      - keep-alive
      Content-Length:
      - "4"
      Content-Type:
      - application/json
      Date:
      - Mon, 11 Jan 2021 14:09:43 GMT
      Pragma:
      - no-cache
      Set-Cookie:
      - DD-PSHARD=233; Max-Age=604800; Path=/; expires=Mon, 18-Jan-2021 14:09:43 GMT;
        secure; HttpOnly
      Strict-Transport-Security:
      - max-age=15724800;
      X-Content-Type-Options:
      - nosniff
      X-Dd-Debug:
      - n9uz1T+WujhmfsGndIdy1tCYb5bh9AzSyYOT5TTjJX23RGEavHxGqcz400IC+bY1
      X-Dd-Version:
      - "35.3677087"
      X-Frame-Options:
      - SAMEORIGIN
      X-Ratelimit-Limit:
      - "120"
      X-Ratelimit-Period:
      - "60"
      X-Ratelimit-Remaining:
      - "119"
      X-Ratelimit-Reset:
      - "17"
    status: 200 OK
    code: 200
    duration: ""
- request:
    body: |
      {"public_ids":["a76-57t-232"]}
    form: {}
    headers:
      Accept:
      - application/json
      Content-Type:
      - application/json
      Dd-Operation-Id:
      - DeleteTests
      User-Agent:
      - datadog-api-client-go/1.0.0-beta.14+dev (go go1.15.3; os darwin; arch amd64)
      X-Datadog-Parent-Id:
      - "5128134590743075291"
      X-Datadog-Sampling-Priority:
      - "1"
      X-Datadog-Trace-Id:
      - "5862059743924605885"
    url: https://api.datadoghq.com/api/v1/synthetics/tests/delete
    method: POST
  response:
    body: '{"deleted_tests":[{"deleted_at":"2021-01-11T14:09:43.890708+00:00","public_id":"a76-57t-232"}]}'
    headers:
      Cache-Control:
      - no-cache
      Connection:
      - keep-alive
      Content-Type:
      - application/json
      Date:
      - Mon, 11 Jan 2021 14:09:44 GMT
      Pragma:
      - no-cache
      Set-Cookie:
      - DD-PSHARD=233; Max-Age=604800; Path=/; expires=Mon, 18-Jan-2021 14:09:43 GMT;
        secure; HttpOnly
      Strict-Transport-Security:
      - max-age=15724800;
      Vary:
      - Accept-Encoding
      X-Content-Type-Options:
      - nosniff
      X-Dd-Debug:
      - /pM3t244uCdX9dMTNWxe1gvYLT702JRfo8ITQW70OgOLnoV6jDL7q1DSaqmfhgYL
      X-Dd-Version:
      - "35.3677087"
      X-Frame-Options:
      - SAMEORIGIN
      X-Ratelimit-Limit:
      - "120"
      X-Ratelimit-Period:
      - "60"
      X-Ratelimit-Remaining:
      - "119"
      X-Ratelimit-Reset:
      - "17"
    status: 200 OK
    code: 200
    duration: ""
