---
version: 1
interactions:
- request:
    body: |
      {"auth_provider_x509_cert_url":"fake_url","auth_uri":"fake_uri","automute":false,"client_email":"Test-TestGCPListandDelete-1618220955@fake-sandbox.iam.gserviceaccount.com","client_id":"123456712345671234567","client_x509_cert_url":"fake_url","host_filters":"fake:tag,example:test","private_key":"fake_key","private_key_id":"fake_private_key_id","project_id":"Test-TestGCPListandDelete-1618220955","token_uri":"fake_uri","type":"service_account"}
    form: {}
    headers:
      Accept:
      - application/json
      Content-Type:
      - application/json
      Dd-Operation-Id:
      - CreateGCPIntegration
      User-Agent:
      - datadog-api-client-go/1.0.0-beta.19+dev (go go1.15.7; os darwin; arch amd64)
      X-Datadog-Parent-Id:
      - "8257126749351052527"
      X-Datadog-Sampling-Priority:
      - "1"
      X-Datadog-Trace-Id:
      - "4940610656050404330"
    url: https://api.datadoghq.com/api/v1/integration/gcp
    method: POST
  response:
    body: '{}'
    headers:
      Cache-Control:
      - no-cache
      Connection:
      - keep-alive
      Content-Length:
      - "2"
      Content-Type:
      - application/json
      Date:
      - Mon, 12 Apr 2021 09:49:16 GMT
      Pragma:
      - no-cache
      Strict-Transport-Security:
      - max-age=15724800;
      X-Content-Type-Options:
      - nosniff
      X-Dd-Debug:
      - l8RQo2maZqJf6GFThBbKNE6dvthz6njusVtau3dPXJWL2RLFoN81H+BLPB/1xgs1
      X-Dd-Version:
      - "35.4287331"
      X-Frame-Options:
      - SAMEORIGIN
    status: 200 OK
    code: 200
    duration: ""
- request:
    body: ""
    form: {}
    headers:
      Accept:
      - application/json
      Dd-Operation-Id:
      - ListGCPIntegration
      User-Agent:
      - datadog-api-client-go/1.0.0-beta.19+dev (go go1.15.7; os darwin; arch amd64)
      X-Datadog-Parent-Id:
      - "6964700989806127254"
      X-Datadog-Sampling-Priority:
      - "1"
      X-Datadog-Trace-Id:
      - "4940610656050404330"
    url: https://api.datadoghq.com/api/v1/integration/gcp
    method: GET
  response:
    body: '[{"automute":false,"project_id":"Test-TestGCPListandDelete-1618220955","client_email":"Test-TestGCPListandDelete-1618220955@fake-sandbox.iam.gserviceaccount.com","errors":[],"host_filters":"fake:tag,example:test"}]'
    headers:
      Cache-Control:
      - no-cache
      Connection:
      - keep-alive
      Content-Type:
      - application/json
      Date:
      - Mon, 12 Apr 2021 09:49:16 GMT
      Pragma:
      - no-cache
      Strict-Transport-Security:
      - max-age=15724800;
      Vary:
      - Accept-Encoding
      X-Content-Type-Options:
      - nosniff
      X-Dd-Debug:
      - L3ULR3HwCWYmEqCWGz2Yob3chcH4pjowBacBXkncP7o+/uPqKt9yGEYf/g1AJPzQ
      X-Dd-Version:
      - "35.4287331"
      X-Frame-Options:
      - SAMEORIGIN
    status: 200 OK
    code: 200
    duration: ""
- request:
    body: |
      {"auth_provider_x509_cert_url":"fake_url","auth_uri":"fake_uri","automute":false,"client_email":"Test-TestGCPListandDelete-1618220955@fake-sandbox.iam.gserviceaccount.com","client_id":"123456712345671234567","client_x509_cert_url":"fake_url","host_filters":"fake:tag,example:test","private_key":"fake_key","private_key_id":"fake_private_key_id","project_id":"Test-TestGCPListandDelete-1618220955","token_uri":"fake_uri","type":"service_account"}
    form: {}
    headers:
      Accept:
      - application/json
      Content-Type:
      - application/json
      Dd-Operation-Id:
      - DeleteGCPIntegration
      User-Agent:
      - datadog-api-client-go/1.0.0-beta.19+dev (go go1.15.7; os darwin; arch amd64)
      X-Datadog-Parent-Id:
      - "7601297664728164833"
      X-Datadog-Sampling-Priority:
      - "1"
      X-Datadog-Trace-Id:
      - "4940610656050404330"
    url: https://api.datadoghq.com/api/v1/integration/gcp
    method: DELETE
  response:
    body: '{}'
    headers:
      Cache-Control:
      - no-cache
      Connection:
      - keep-alive
      Content-Length:
      - "2"
      Content-Type:
      - application/json
      Date:
      - Mon, 12 Apr 2021 09:49:16 GMT
      Pragma:
      - no-cache
      Strict-Transport-Security:
      - max-age=15724800;
      X-Content-Type-Options:
      - nosniff
      X-Dd-Debug:
      - L3ULR3HwCWYmEqCWGz2Yob3chcH4pjowBacBXkncP7o+/uPqKt9yGEYf/g1AJPzQ
      X-Dd-Version:
      - "35.4287331"
      X-Frame-Options:
      - SAMEORIGIN
    status: 200 OK
    code: 200
    duration: ""
- request:
    body: |
      {"auth_provider_x509_cert_url":"fake_url","auth_uri":"fake_uri","automute":false,"client_email":"Test-TestGCPListandDelete-1618220955@fake-sandbox.iam.gserviceaccount.com","client_id":"123456712345671234567","client_x509_cert_url":"fake_url","host_filters":"fake:tag,example:test","private_key":"fake_key","private_key_id":"fake_private_key_id","project_id":"Test-TestGCPListandDelete-1618220955","token_uri":"fake_uri","type":"service_account"}
    form: {}
    headers:
      Accept:
      - application/json
      Content-Type:
      - application/json
      Dd-Operation-Id:
      - DeleteGCPIntegration
      User-Agent:
      - datadog-api-client-go/1.0.0-beta.19+dev (go go1.15.7; os darwin; arch amd64)
      X-Datadog-Parent-Id:
      - "2156541500552449596"
      X-Datadog-Sampling-Priority:
      - "1"
      X-Datadog-Trace-Id:
      - "4940610656050404330"
    url: https://api.datadoghq.com/api/v1/integration/gcp
    method: DELETE
  response:
    body: '{}'
    headers:
      Cache-Control:
      - no-cache
      Connection:
      - keep-alive
      Content-Length:
      - "2"
      Content-Type:
      - application/json
      Date:
      - Mon, 12 Apr 2021 09:49:16 GMT
      Pragma:
      - no-cache
      Strict-Transport-Security:
      - max-age=15724800;
      X-Content-Type-Options:
      - nosniff
      X-Dd-Debug:
      - L3ULR3HwCWYmEqCWGz2Yob3chcH4pjowBacBXkncP7o+/uPqKt9yGEYf/g1AJPzQ
      X-Dd-Version:
      - "35.4287331"
      X-Frame-Options:
      - SAMEORIGIN
    status: 200 OK
    code: 200
    duration: ""
