---
version: 1
interactions:
- request:
    body: |
      {"access_role":"ro","email":"go-testcreateuser-local-1589290463@integration-tests-accnt-for-sdk-ci.com","handle":"go-testcreateuser-local-1589290463@integration-tests-accnt-for-sdk-ci.com","name":"go-TestCreateUser-local-1589290463"}
    form: {}
    headers:
      Accept:
      - application/json
      Content-Type:
      - application/json
      Dd-Operation-Id:
      - CreateUser
      User-Agent:
      - datadog-api-client-go/1.0.0-beta.2 (go go1.14; os darwin; arch amd64)
      X-Datadog-Parent-Id:
      - "7783071053885462784"
      X-Datadog-Sampling-Priority:
      - "1"
      X-Datadog-Trace-Id:
      - "7764624218210811289"
    url: https://api.datadoghq.com/api/v1/user
    method: POST
  response:
    body: '{"user":{"disabled":false,"handle":"go-testcreateuser-local-1589290463@integration-tests-accnt-for-sdk-ci.com","name":"go-TestCreateUser-local-1589290463","title":null,"is_admin":false,"role":null,"access_role":"ro","verified":false,"email":"go-testcreateuser-local-1589290463@integration-tests-accnt-for-sdk-ci.com","icon":"https://secure.gravatar.com/avatar/59a77aa9d217cfa2a93c4bf11a6d6d08?s=48&d=retro"}}'
    headers:
      Cache-Control:
      - no-cache
      Connection:
      - keep-alive
      Content-Security-Policy:
      - frame-ancestors 'self'; report-uri https://api.datadoghq.com/csp-report
      Content-Type:
      - application/json
      Date:
      - Tue, 12 May 2020 13:34:24 GMT
      Dd-Pool:
      - dogweb
      Pragma:
      - no-cache
      Set-Cookie:
      - DD-PSHARD=233; Max-Age=604800; Path=/; expires=Tue, 19-May-2020 13:34:23 GMT;
        secure; HttpOnly
      Strict-Transport-Security:
      - max-age=15724800;
      Vary:
      - Accept-Encoding
      X-Content-Type-Options:
      - nosniff
      X-Dd-Debug:
      - vwiIwb5QepaQFIQrmPfIwwVWkQ/z0inFQwNEDjqDDy4v3CsF5qbv9dnyfb7UGzLf
      X-Dd-Version:
      - "35.2493025"
      X-Frame-Options:
      - SAMEORIGIN
    status: 200 OK
    code: 200
    duration: ""
- request:
    body: ""
    form: {}
    headers:
      Accept:
      - application/json
      Dd-Operation-Id:
      - GetUser
      User-Agent:
      - datadog-api-client-go/1.0.0-beta.2 (go go1.14; os darwin; arch amd64)
      X-Datadog-Parent-Id:
      - "3790457078737154770"
      X-Datadog-Sampling-Priority:
      - "1"
      X-Datadog-Trace-Id:
      - "7764624218210811289"
    url: https://api.datadoghq.com/api/v1/user/go-testcreateuser-local-1589290463%40integration-tests-accnt-for-sdk-ci.com
    method: GET
  response:
    body: '{"user":{"handle":"go-testcreateuser-local-1589290463@integration-tests-accnt-for-sdk-ci.com","access_role":"ro","disabled":false,"is_admin":false,"icon":"https://secure.gravatar.com/avatar/59a77aa9d217cfa2a93c4bf11a6d6d08?s=48&d=retro","verified":false,"name":"go-TestCreateUser-local-1589290463","roles":[{"uuid":"94172444-be03-11e9-a77a-db1879185210","created_at":"2019-08-13T19:50:19.111007","name":"Datadog
      Read Only Role","last_modified":"2019-08-13T19:50:19.111007","id":904117,"permissions":[{"display_name":"Logs
      Read Data","description":"The ability to read log data. Can be restricted with
      restriction queries.","restricted":false,"created_at":"2020-04-06T16:24:35.989108","name":"logs_read_data","uuid":"1af86ce4-7823-11ea-93dc-d7cad1b1c6cb"},{"display_name":"Monitors","description":"The
      ability to view monitors.","restricted":true,"created_at":"2019-09-16T18:39:07.744297","name":"monitors_read","uuid":"4441648c-d8b1-11e9-a77a-1b899a04b304"},{"display_name":"Dashboards","description":"The
      ability to view dashboards.","restricted":true,"created_at":"2019-09-10T14:39:51.955175","name":"dashboards_read","uuid":"d90f6830-d3d8-11e9-a77a-b3404e5e9ee2"},{"display_name":"Logs
      Live Tail Access","description":"The ability to view the live tail feed for
      all log indexes, even if otherwise specifically restricted.","restricted":false,"created_at":"2018-10-31T13:39:48.292879","name":"logs_live_tail","uuid":"6f66600e-dd12-11e8-9e55-7f30fbb45e73"},{"display_name":"Logs
      Read Index Data","description":"The ability to read all or some log indexes.
      Can be granted in a limited capacity per index from the Logs interface or APIs.
      If granted via the Roles interface or API the permission has global scope.","restricted":false,"created_at":"2018-10-31T13:39:19.727450","name":"logs_read_index_data","uuid":"5e605652-dd12-11e8-9e53-375565b8970e"}]}],"title":null,"role":null,"email":"go-testcreateuser-local-1589290463@integration-tests-accnt-for-sdk-ci.com"}}'
    headers:
      Cache-Control:
      - no-cache
      Connection:
      - keep-alive
      Content-Security-Policy:
      - frame-ancestors 'self'; report-uri https://api.datadoghq.com/csp-report
      Content-Type:
      - application/json
      Date:
      - Tue, 12 May 2020 13:34:24 GMT
      Dd-Pool:
      - dogweb
      Pragma:
      - no-cache
      Set-Cookie:
      - DD-PSHARD=233; Max-Age=604800; Path=/; expires=Tue, 19-May-2020 13:34:24 GMT;
        secure; HttpOnly
      Strict-Transport-Security:
      - max-age=15724800;
      Vary:
      - Accept-Encoding
      X-Content-Type-Options:
      - nosniff
      X-Dd-Debug:
      - aERr2Ftx8O/BR8oAhSymZ3bVROQEC+81YMSphOQK1me4DxXSbMIcFkB0Di4ggZ++
      X-Dd-Version:
      - "35.2493025"
      X-Frame-Options:
      - SAMEORIGIN
    status: 200 OK
    code: 200
    duration: ""
- request:
    body: ""
    form: {}
    headers:
      Accept:
      - applcation/json
      Dd-Operation-Id:
      - DisableUser
      User-Agent:
      - datadog-api-client-go/1.0.0-beta.2 (go go1.14; os darwin; arch amd64)
      X-Datadog-Parent-Id:
      - "6902864603360601418"
      X-Datadog-Sampling-Priority:
      - "1"
      X-Datadog-Trace-Id:
      - "7764624218210811289"
    url: https://api.datadoghq.com/api/v1/user/go-testcreateuser-local-1589290463%40integration-tests-accnt-for-sdk-ci.com
    method: DELETE
  response:
    body: '{"message":"User go-testcreateuser-local-1589290463@integration-tests-accnt-for-sdk-ci.com
      disabled"}'
    headers:
      Cache-Control:
      - no-cache
      Connection:
      - keep-alive
      Content-Security-Policy:
      - frame-ancestors 'self'; report-uri https://api.datadoghq.com/csp-report
      Content-Type:
      - application/json
      Date:
      - Tue, 12 May 2020 13:34:26 GMT
      Dd-Pool:
      - dogweb
      Pragma:
      - no-cache
      Set-Cookie:
      - DD-PSHARD=233; Max-Age=604800; Path=/; expires=Tue, 19-May-2020 13:34:24 GMT;
        secure; HttpOnly
      Strict-Transport-Security:
      - max-age=15724800;
      Vary:
      - Accept-Encoding
      X-Content-Type-Options:
      - nosniff
      X-Dd-Debug:
      - og1WGdy+2nV+rkkclmd3Cf2I26XhV3/6yjBeQCP8aHbH2k2cKwC+X9WmhIghcJ94
      X-Dd-Version:
      - "35.2493033"
      X-Frame-Options:
      - SAMEORIGIN
    status: 200 OK
    code: 200
    duration: ""
