---
version: 1
interactions:
- request:
    body: |
      {"config":{"assertions":[],"request":{"method":"GET","url":"https://datadoghq.com"}},"locations":["aws:us-east-2"],"message":"Go client testing Synthetics Browser test - this is message","name":"Test-TestSyntheticsBrowserTestEndpointLifecycle-1617977963","options":{"accept_self_signed":false,"allow_insecure":true,"device_ids":["tablet"],"disableCors":true,"follow_redirects":true,"min_failure_duration":10,"min_location_failed":1,"noScreenshot":true,"retry":{"count":3,"interval":10},"tick_every":300},"tags":["testing:browser"],"type":"browser"}
    form: {}
    headers:
      Accept:
      - application/json
      Content-Type:
      - application/json
      Dd-Operation-Id:
      - CreateSyntheticsBrowserTest
      User-Agent:
      - datadog-api-client-go/1.0.0-beta.19+dev (go go1.15.7; os darwin; arch amd64)
      X-Datadog-Parent-Id:
      - "399582804887855587"
      X-Datadog-Sampling-Priority:
      - "1"
      X-Datadog-Trace-Id:
      - "399582804887855587"
    url: https://api.datadoghq.com/api/v1/synthetics/tests/browser
    method: POST
  response:
    body: '{"status":"paused","public_id":"ntp-ka6-k9b","tags":["testing:browser"],"org_id":321813,"locations":["aws:us-east-2"],"message":"Go
      client testing Synthetics Browser test - this is message","deleted_at":null,"name":"Test-TestSyntheticsBrowserTestEndpointLifecycle-1617977963","monitor_id":33568059,"type":"browser","created_at":"2021-04-09T14:19:24.084394+00:00","modified_at":"2021-04-09T14:19:24.084394+00:00","config":{"request":{"url":"https://datadoghq.com","method":"GET"},"assertions":[]},"options":{"accept_self_signed":false,"retry":{"count":3,"interval":10},"min_location_failed":1,"allow_insecure":true,"follow_redirects":true,"min_failure_duration":10,"noScreenshot":true,"disableCors":true,"device_ids":["tablet"],"tick_every":300}}'
    headers:
      Cache-Control:
      - no-cache
      Connection:
      - keep-alive
      Content-Type:
      - application/json
      Date:
      - Fri, 09 Apr 2021 14:19:24 GMT
      Pragma:
      - no-cache
      Strict-Transport-Security:
      - max-age=15724800;
      Vary:
      - Accept-Encoding
      X-Content-Type-Options:
      - nosniff
      X-Dd-Debug:
      - nLnnBNvlCFDECRnZvzDb0z4sAO35G+IMidcAs8vrCKyjvsKWE8Yd9S3n6OjZ1qRN
      X-Dd-Version:
      - "35.4276613"
      X-Frame-Options:
      - SAMEORIGIN
      X-Ratelimit-Limit:
      - "120"
      X-Ratelimit-Period:
      - "60"
      X-Ratelimit-Remaining:
      - "108"
      X-Ratelimit-Reset:
      - "37"
    status: 200 OK
    code: 200
    duration: ""
- request:
    body: |
      {"config":{"assertions":[],"request":{"method":"GET","url":"https://datadoghq.com"}},"locations":["aws:us-east-2"],"message":"Go client testing Synthetics Browser test - this is message","name":"Test-TestSyntheticsBrowserTestEndpointLifecycle-1617977963-updated","options":{"accept_self_signed":false,"allow_insecure":true,"device_ids":["tablet"],"disableCors":true,"follow_redirects":true,"min_failure_duration":10,"min_location_failed":1,"noScreenshot":true,"retry":{"count":3,"interval":10},"tick_every":300},"status":"paused","tags":["testing:browser"],"type":"browser"}
    form: {}
    headers:
      Accept:
      - application/json
      Content-Type:
      - application/json
      Dd-Operation-Id:
      - UpdateBrowserTest
      User-Agent:
      - datadog-api-client-go/1.0.0-beta.19+dev (go go1.15.7; os darwin; arch amd64)
      X-Datadog-Parent-Id:
      - "5007330103048783689"
      X-Datadog-Sampling-Priority:
      - "1"
      X-Datadog-Trace-Id:
      - "5007330103048783689"
    url: https://api.datadoghq.com/api/v1/synthetics/tests/browser/ntp-ka6-k9b
    method: PUT
  response:
    body: '{"status":"paused","public_id":"ntp-ka6-k9b","tags":["testing:browser"],"org_id":321813,"locations":["aws:us-east-2"],"message":"Go
      client testing Synthetics Browser test - this is message","deleted_at":null,"name":"Test-TestSyntheticsBrowserTestEndpointLifecycle-1617977963-updated","monitor_id":33568059,"type":"browser","created_at":"2021-04-09T14:19:24.084394+00:00","modified_at":"2021-04-09T14:19:24.321220+00:00","config":{"request":{"url":"https://datadoghq.com","method":"GET"},"assertions":[]},"options":{"accept_self_signed":false,"retry":{"count":3,"interval":10},"min_location_failed":1,"allow_insecure":true,"follow_redirects":true,"min_failure_duration":10,"noScreenshot":true,"disableCors":true,"device_ids":["tablet"],"tick_every":300}}'
    headers:
      Cache-Control:
      - no-cache
      Connection:
      - keep-alive
      Content-Type:
      - application/json
      Date:
      - Fri, 09 Apr 2021 14:19:24 GMT
      Pragma:
      - no-cache
      Strict-Transport-Security:
      - max-age=15724800;
      Vary:
      - Accept-Encoding
      X-Content-Type-Options:
      - nosniff
      X-Dd-Debug:
      - L3ULR3HwCWYmEqCWGz2Yob3chcH4pjowBacBXkncP7o+/uPqKt9yGEYf/g1AJPzQ
      X-Dd-Version:
      - "35.4276613"
      X-Frame-Options:
      - SAMEORIGIN
      X-Ratelimit-Limit:
      - "500"
      X-Ratelimit-Period:
      - "60"
      X-Ratelimit-Remaining:
      - "482"
      X-Ratelimit-Reset:
      - "36"
    status: 200 OK
    code: 200
    duration: ""
- request:
    body: ""
    form: {}
    headers:
      Accept:
      - application/json
      Dd-Operation-Id:
      - GetBrowserTest
      User-Agent:
      - datadog-api-client-go/1.0.0-beta.19+dev (go go1.15.7; os darwin; arch amd64)
      X-Datadog-Parent-Id:
      - "2014865892193921471"
      X-Datadog-Sampling-Priority:
      - "1"
      X-Datadog-Trace-Id:
      - "2014865892193921471"
    url: https://api.datadoghq.com/api/v1/synthetics/tests/browser/ntp-ka6-k9b
    method: GET
  response:
    body: '{"status":"paused","public_id":"ntp-ka6-k9b","tags":["testing:browser"],"locations":["aws:us-east-2"],"message":"Go
      client testing Synthetics Browser test - this is message","name":"Test-TestSyntheticsBrowserTestEndpointLifecycle-1617977963-updated","monitor_id":33568059,"type":"browser","steps":[],"config":{"request":{"url":"https://datadoghq.com","method":"GET"},"assertions":[]},"options":{"accept_self_signed":false,"retry":{"count":3,"interval":10},"min_location_failed":1,"allow_insecure":true,"follow_redirects":true,"min_failure_duration":10,"noScreenshot":true,"disableCors":true,"device_ids":["tablet"],"tick_every":300}}'
    headers:
      Cache-Control:
      - no-cache
      Connection:
      - keep-alive
      Content-Type:
      - application/json
      Date:
      - Fri, 09 Apr 2021 14:19:24 GMT
      Pragma:
      - no-cache
      Strict-Transport-Security:
      - max-age=15724800;
      Vary:
      - Accept-Encoding
      X-Content-Type-Options:
      - nosniff
      X-Dd-Debug:
      - tpRCH6w417YjBovRJ8VmtuXmNONVYiRp2c8d2AxjPdGBn8PCtgG4vAztrx3qUZAN
      X-Dd-Version:
      - "35.4276613"
      X-Frame-Options:
      - SAMEORIGIN
      X-Ratelimit-Limit:
      - "1000"
      X-Ratelimit-Period:
      - "60"
      X-Ratelimit-Remaining:
      - "994"
      X-Ratelimit-Reset:
      - "36"
    status: 200 OK
    code: 200
    duration: ""
- request:
    body: |
      {"public_ids":["ntp-ka6-k9b"]}
    form: {}
    headers:
      Accept:
      - application/json
      Content-Type:
      - application/json
      Dd-Operation-Id:
      - DeleteTests
      User-Agent:
      - datadog-api-client-go/1.0.0-beta.19+dev (go go1.15.7; os darwin; arch amd64)
      X-Datadog-Parent-Id:
      - "8813315806133595518"
      X-Datadog-Sampling-Priority:
      - "1"
      X-Datadog-Trace-Id:
      - "8813315806133595518"
    url: https://api.datadoghq.com/api/v1/synthetics/tests/delete
    method: POST
  response:
    body: '{"deleted_tests":[{"deleted_at":"2021-04-09T14:19:24.990789+00:00","public_id":"ntp-ka6-k9b"}]}'
    headers:
      Cache-Control:
      - no-cache
      Connection:
      - keep-alive
      Content-Type:
      - application/json
      Date:
      - Fri, 09 Apr 2021 14:19:25 GMT
      Pragma:
      - no-cache
      Strict-Transport-Security:
      - max-age=15724800;
      Vary:
      - Accept-Encoding
      X-Content-Type-Options:
      - nosniff
      X-Dd-Debug:
      - l8RQo2maZqJf6GFThBbKNE6dvthz6njusVtau3dPXJWL2RLFoN81H+BLPB/1xgs1
      X-Dd-Version:
      - "35.4276613"
      X-Frame-Options:
      - SAMEORIGIN
      X-Ratelimit-Limit:
      - "120"
      X-Ratelimit-Period:
      - "60"
      X-Ratelimit-Remaining:
      - "103"
      X-Ratelimit-Reset:
      - "36"
    status: 200 OK
    code: 200
    duration: ""
