---
version: 1
interactions:
- request:
    body: |
      {"account_id":"go-TestUpdateAWSAccount-local-1589290154","account_specific_namespace_rules":{"opsworks":true},"excluded_regions":["us-east-1","us-west-1"],"filter_tags":["testTag","test:Tag2"],"host_tags":["filter:one","filtertwo"],"role_name":"DatadogAWSIntegrationRole"}
    form: {}
    headers:
      Accept:
      - application/json
      Content-Type:
      - application/json
      Dd-Operation-Id:
      - CreateAWSAccount
      User-Agent:
      - datadog-api-client-go/1.0.0-beta.2 (go go1.14; os darwin; arch amd64)
      X-Datadog-Parent-Id:
      - "53128491520025555"
      X-Datadog-Sampling-Priority:
      - "1"
      X-Datadog-Trace-Id:
      - "2032773272435336969"
    url: https://api.datadoghq.com/api/v1/integration/aws
    method: POST
  response:
    body: '{"external_id":"825db1d02d0d46eca549a56fa91b4be4"}'
    headers:
      Cache-Control:
      - no-cache
      Connection:
      - keep-alive
      Content-Security-Policy:
      - frame-ancestors 'self'; report-uri https://api.datadoghq.com/csp-report
      Content-Type:
      - application/json
      Date:
      - Tue, 12 May 2020 13:29:16 GMT
      Dd-Pool:
      - dogweb
      Pragma:
      - no-cache
      Set-Cookie:
      - DD-PSHARD=233; Max-Age=604800; Path=/; expires=Tue, 19-May-2020 13:29:14 GMT;
        secure; HttpOnly
      Strict-Transport-Security:
      - max-age=15724800;
      Vary:
      - Accept-Encoding
      X-Content-Type-Options:
      - nosniff
      X-Dd-Debug:
      - BQaWiIhDCyK3JbvyPZudxtMuoedbvOKE6tb5GJMfo6GT4EOQ8qx9lqgA4UCxp88q
      X-Dd-Version:
      - "35.2492943"
      X-Frame-Options:
      - SAMEORIGIN
    status: 200 OK
    code: 200
    duration: ""
- request:
    body: |
      {"account_specific_namespace_rules":{"opsworks":false},"excluded_regions":["us-east-1","us-west-1"],"filter_tags":["testTagUpdate","testUpdated:Tag2"],"host_tags":["filter:foo","bar"],"role_name":"DatadogAWSIntegrationRoleUpdated"}
    form: {}
    headers:
      Accept:
      - application/json
      Content-Type:
      - application/json
      Dd-Operation-Id:
      - UpdateAWSAccount
      User-Agent:
      - datadog-api-client-go/1.0.0-beta.2 (go go1.14; os darwin; arch amd64)
      X-Datadog-Parent-Id:
      - "5735174863805451609"
      X-Datadog-Sampling-Priority:
      - "1"
      X-Datadog-Trace-Id:
      - "2032773272435336969"
    url: https://api.datadoghq.com/api/v1/integration/aws?account_id=go-TestUpdateAWSAccount-local-1589290154&role_name=DatadogAWSIntegrationRole
    method: PUT
  response:
    body: '{}'
    headers:
      Cache-Control:
      - no-cache
      Connection:
      - keep-alive
      Content-Length:
      - "2"
      Content-Security-Policy:
      - frame-ancestors 'self'; report-uri https://api.datadoghq.com/csp-report
      Content-Type:
      - application/json
      Date:
      - Tue, 12 May 2020 13:29:17 GMT
      Dd-Pool:
      - dogweb
      Pragma:
      - no-cache
      Set-Cookie:
      - DD-PSHARD=233; Max-Age=604800; Path=/; expires=Tue, 19-May-2020 13:29:16 GMT;
        secure; HttpOnly
      Strict-Transport-Security:
      - max-age=15724800;
      X-Content-Type-Options:
      - nosniff
      X-Dd-Debug:
      - pNNj5PhODCVJlRBPEhZP3s9KL9kvFYv//TnGsiPp+3AqL7R5kIW2JlCWtfMcXeFn
      X-Dd-Version:
      - "35.2492943"
      X-Frame-Options:
      - SAMEORIGIN
    status: 200 OK
    code: 200
    duration: ""
- request:
    body: ""
    form: {}
    headers:
      Accept:
      - application/json
      Dd-Operation-Id:
      - ListAWSAccounts
      User-Agent:
      - datadog-api-client-go/1.0.0-beta.2 (go go1.14; os darwin; arch amd64)
      X-Datadog-Parent-Id:
      - "7829843891772367215"
      X-Datadog-Sampling-Priority:
      - "1"
      X-Datadog-Trace-Id:
      - "2032773272435336969"
    url: https://api.datadoghq.com/api/v1/integration/aws?account_id=go-TestUpdateAWSAccount-local-1589290154&role_name=DatadogAWSIntegrationRoleUpdated
    method: GET
  response:
    body: '{"accounts":[{"role_name":"DatadogAWSIntegrationRoleUpdated","excluded_regions":["us-east-1","us-west-1"],"account_id":"go-TestUpdateAWSAccount-local-1589290154","host_tags":["filter:foo","bar"],"account_specific_namespace_rules":{"opsworks":false},"errors":[],"filter_tags":["testTagUpdate","testUpdated:Tag2"]}]}'
    headers:
      Cache-Control:
      - no-cache
      Connection:
      - keep-alive
      Content-Security-Policy:
      - frame-ancestors 'self'; report-uri https://api.datadoghq.com/csp-report
      Content-Type:
      - application/json
      Date:
      - Tue, 12 May 2020 13:29:18 GMT
      Dd-Pool:
      - dogweb
      Pragma:
      - no-cache
      Set-Cookie:
      - DD-PSHARD=233; Max-Age=604800; Path=/; expires=Tue, 19-May-2020 13:29:17 GMT;
        secure; HttpOnly
      Strict-Transport-Security:
      - max-age=15724800;
      Vary:
      - Accept-Encoding
      X-Content-Type-Options:
      - nosniff
      X-Dd-Debug:
      - L5yd3v29mZzDtdpTLB/OLdaP/nm856X8oKVK7IsHIbLmKRYkqq5Jv7+SBx/bs1VS
      X-Dd-Version:
      - "35.2492943"
      X-Frame-Options:
      - SAMEORIGIN
    status: 200 OK
    code: 200
    duration: ""
- request:
    body: |
      {"account_id":"go-TestUpdateAWSAccount-local-1589290154","role_name":"DatadogAWSIntegrationRoleUpdated"}
    form: {}
    headers:
      Accept:
      - application/json
      Content-Type:
      - application/json
      Dd-Operation-Id:
      - DeleteAWSAccount
      User-Agent:
      - datadog-api-client-go/1.0.0-beta.2 (go go1.14; os darwin; arch amd64)
      X-Datadog-Parent-Id:
      - "2955301535465568944"
      X-Datadog-Sampling-Priority:
      - "1"
      X-Datadog-Trace-Id:
      - "2032773272435336969"
    url: https://api.datadoghq.com/api/v1/integration/aws
    method: DELETE
  response:
    body: '{}'
    headers:
      Cache-Control:
      - no-cache
      Connection:
      - keep-alive
      Content-Length:
      - "2"
      Content-Security-Policy:
      - frame-ancestors 'self'; report-uri https://api.datadoghq.com/csp-report
      Content-Type:
      - application/json
      Date:
      - Tue, 12 May 2020 13:29:19 GMT
      Dd-Pool:
      - dogweb
      Pragma:
      - no-cache
      Set-Cookie:
      - DD-PSHARD=233; Max-Age=604800; Path=/; expires=Tue, 19-May-2020 13:29:18 GMT;
        secure; HttpOnly
      Strict-Transport-Security:
      - max-age=15724800;
      X-Content-Type-Options:
      - nosniff
      X-Dd-Debug:
      - ty7T8eIeXOfZhM7KDN5nGo8JS7ZSIWAqBNFeZshTg3LLDJJa7mPU5wqGt0nOPCpy
      X-Dd-Version:
      - "35.2492943"
      X-Frame-Options:
      - SAMEORIGIN
    status: 200 OK
    code: 200
    duration: ""
- request:
    body: |
      {"account_id":"go-TestUpdateAWSAccount-local-1589290154","account_specific_namespace_rules":{"opsworks":true},"excluded_regions":["us-east-1","us-west-1"],"filter_tags":["testTag","test:Tag2"],"host_tags":["filter:one","filtertwo"],"role_name":"DatadogAWSIntegrationRole"}
    form: {}
    headers:
      Accept:
      - application/json
      Content-Type:
      - application/json
      Dd-Operation-Id:
      - DeleteAWSAccount
      User-Agent:
      - datadog-api-client-go/1.0.0-beta.2 (go go1.14; os darwin; arch amd64)
      X-Datadog-Parent-Id:
      - "2659513192768877698"
      X-Datadog-Sampling-Priority:
      - "1"
      X-Datadog-Trace-Id:
      - "2032773272435336969"
    url: https://api.datadoghq.com/api/v1/integration/aws
    method: DELETE
  response:
    body: '{"errors": ["AWS account go-TestUpdateAWSAccount-local-1589290154 does
      not exist in integration"]}'
    headers:
      Cache-Control:
      - no-cache
      Connection:
      - keep-alive
      Content-Length:
      - "98"
      Content-Security-Policy:
      - frame-ancestors 'self'; report-uri https://api.datadoghq.com/csp-report
      Content-Type:
      - application/json
      Date:
      - Tue, 12 May 2020 13:29:19 GMT
      Dd-Pool:
      - dogweb
      Pragma:
      - no-cache
      Strict-Transport-Security:
      - max-age=15724800;
      X-Content-Type-Options:
      - nosniff
      X-Dd-Version:
      - "35.2492943"
      X-Frame-Options:
      - SAMEORIGIN
    status: 400 Bad Request
    code: 400
    duration: ""
