---
version: 1
interactions:
- request:
    body: |
      {"config":{"assertions":[{"operator":"is","property":"content-type","target":"text/html","type":"header"},{"operator":"lessThan","target":2000,"type":"responseTime"}],"request":{"headers":{"testingGoClient":"true"},"method":"GET","timeout":10,"url":"https://datadoghq.com"}},"locations":["aws:us-east-2"],"message":"Go client testing Synthetics API test - this is message","name":"Go client testing Synthetics API test","options":{"accept_self_signed":false,"follow_redirects":true,"min_location_failed":10,"retry":{"count":5,"interval":10},"tick_every":60},"subtype":"http","tags":["testing:api"],"type":"api"}
    form: {}
    headers:
      Accept:
      - application/json
      Content-Type:
      - application/json
      User-Agent:
      - DataDog/0.1.0/go-experimental
    url: https://api.datadoghq.com/api/v1/synthetics/tests
    method: POST
  response:
    body: '{"status":"live","public_id":"wuu-twz-vbq","tags":["testing:api"],"org_id":321813,"locations":["aws:us-east-2"],"message":"Go
      client testing Synthetics API test - this is message","deleted_at":null,"name":"Go
      client testing Synthetics API test","monitor_id":17605119,"type":"api","created_at":"2020-04-10T16:44:31.534082+00:00","modified_at":"2020-04-10T16:44:31.534082+00:00","subtype":"http","config":{"request":{"url":"https://datadoghq.com","headers":{"testingGoClient":"true"},"method":"GET","timeout":10},"assertions":[{"operator":"is","property":"content-type","type":"header","target":"text/html"},{"operator":"lessThan","type":"responseTime","target":2000}]},"options":{"follow_redirects":true,"accept_self_signed":false,"retry":{"count":5,"interval":10},"min_location_failed":10,"tick_every":60}}'
    headers:
      Cache-Control:
      - no-cache
      Connection:
      - keep-alive
      Content-Length:
      - "806"
      Content-Security-Policy:
      - frame-ancestors 'self'; report-uri https://api.datadoghq.com/csp-report
      Content-Type:
      - application/json
      Date:
      - Fri, 10 Apr 2020 16:44:31 GMT
      Pragma:
      - no-cache
      Set-Cookie:
      - DD-PSHARD=233; Max-Age=604800; Path=/; expires=Fri, 17-Apr-2020 16:44:31 GMT;
        secure; HttpOnly
      Strict-Transport-Security:
      - max-age=15724800;
      X-Content-Type-Options:
      - nosniff
      X-Dd-Version:
      - "35.2378719"
      X-Frame-Options:
      - SAMEORIGIN
      X-Ratelimit-Limit:
      - "120"
      X-Ratelimit-Period:
      - "60"
      X-Ratelimit-Remaining:
      - "119"
      X-Ratelimit-Reset:
      - "29"
    status: 200 OK
    code: 200
    duration: ""
- request:
    body: |
      {"config":{"assertions":[],"request":{"method":"GET","url":"https://datadoghq.com"}},"locations":["aws:us-east-2"],"message":"Go client testing Synthetics Browser test - this is message","name":"Go client testing Synthetics Browser test","options":{"accept_self_signed":false,"device_ids":["tablet"],"follow_redirects":true,"min_location_failed":10,"retry":{"count":5,"interval":10},"tick_every":300},"tags":["testing:browser"],"type":"browser"}
    form: {}
    headers:
      Accept:
      - application/json
      Content-Type:
      - application/json
      User-Agent:
      - DataDog/0.1.0/go-experimental
    url: https://api.datadoghq.com/api/v1/synthetics/tests
    method: POST
  response:
    body: '{"status":"paused","public_id":"ram-auv-nt9","tags":["testing:browser"],"org_id":321813,"locations":["aws:us-east-2"],"message":"Go
      client testing Synthetics Browser test - this is message","deleted_at":null,"name":"Go
      client testing Synthetics Browser test","monitor_id":17605120,"type":"browser","created_at":"2020-04-10T16:44:32.088890+00:00","modified_at":"2020-04-10T16:44:32.088890+00:00","config":{"request":{"url":"https://datadoghq.com","method":"GET"},"assertions":[]},"options":{"accept_self_signed":false,"retry":{"count":5,"interval":10},"min_location_failed":10,"follow_redirects":true,"device_ids":["tablet"],"tick_every":300}}'
    headers:
      Cache-Control:
      - no-cache
      Connection:
      - keep-alive
      Content-Length:
      - "642"
      Content-Security-Policy:
      - frame-ancestors 'self'; report-uri https://api.datadoghq.com/csp-report
      Content-Type:
      - application/json
      Date:
      - Fri, 10 Apr 2020 16:44:32 GMT
      Pragma:
      - no-cache
      Set-Cookie:
      - DD-PSHARD=233; Max-Age=604800; Path=/; expires=Fri, 17-Apr-2020 16:44:31 GMT;
        secure; HttpOnly
      Strict-Transport-Security:
      - max-age=15724800;
      X-Content-Type-Options:
      - nosniff
      X-Dd-Version:
      - "35.2378719"
      X-Frame-Options:
      - SAMEORIGIN
      X-Ratelimit-Limit:
      - "120"
      X-Ratelimit-Period:
      - "60"
      X-Ratelimit-Remaining:
      - "118"
      X-Ratelimit-Reset:
      - "29"
    status: 200 OK
    code: 200
    duration: ""
- request:
    body: ""
    form: {}
    headers:
      Accept:
      - application/json
      User-Agent:
      - DataDog/0.1.0/go-experimental
    url: https://api.datadoghq.com/api/v1/synthetics/tests
    method: GET
  response:
    body: '{"tests":[{"status":"live","public_id":"3sj-6jm-4zz","tags":["testing:api"],"locations":["aws:us-east-2"],"message":"Go
      client testing Synthetics API test - this is message","name":"Go client testing
      Synthetics API test","monitor_id":17599530,"type":"api","created_at":"2020-04-10T11:08:52.183107+00:00","modified_at":"2020-04-10T11:08:52.183107+00:00","subtype":"http","config":{"request":{"url":"https://datadoghq.com","headers":{"testingGoClient":"true"},"method":"GET","timeout":10},"assertions":[{"operator":"is","property":"content-type","type":"header","target":"text/html"},{"operator":"lessThan","type":"responseTime","target":2000}]},"options":{"follow_redirects":true,"accept_self_signed":false,"retry":{"count":5,"interval":10},"min_location_failed":10,"tick_every":60}},{"status":"paused","public_id":"7ai-v5z-maf","tags":["testing:browser"],"locations":["aws:us-east-2"],"message":"Go
      client testing Synthetics Browser test - this is message","name":"Go client
      testing Synthetics Browser test","monitor_id":17600550,"type":"browser","created_at":"2020-04-10T12:33:09.065535+00:00","modified_at":"2020-04-10T12:33:09.065535+00:00","config":{"request":{"url":"https://datadoghq.com","method":"GET"},"assertions":[]},"options":{"accept_self_signed":false,"retry":{"count":5,"interval":10},"min_location_failed":10,"follow_redirects":true,"device_ids":["tablet"],"tick_every":300}},{"status":"live","public_id":"wuu-twz-vbq","tags":["testing:api"],"locations":["aws:us-east-2"],"message":"Go
      client testing Synthetics API test - this is message","name":"Go client testing
      Synthetics API test","monitor_id":17605119,"type":"api","created_at":"2020-04-10T16:44:31.534082+00:00","modified_at":"2020-04-10T16:44:31.534082+00:00","subtype":"http","config":{"request":{"url":"https://datadoghq.com","headers":{"testingGoClient":"true"},"method":"GET","timeout":10},"assertions":[{"operator":"is","property":"content-type","type":"header","target":"text/html"},{"operator":"lessThan","type":"responseTime","target":2000}]},"options":{"follow_redirects":true,"accept_self_signed":false,"retry":{"count":5,"interval":10},"min_location_failed":10,"tick_every":60}},{"status":"paused","public_id":"ram-auv-nt9","tags":["testing:browser"],"locations":["aws:us-east-2"],"message":"Go
      client testing Synthetics Browser test - this is message","name":"Go client
      testing Synthetics Browser test","monitor_id":17605120,"type":"browser","created_at":"2020-04-10T16:44:32.088890+00:00","modified_at":"2020-04-10T16:44:32.088890+00:00","config":{"request":{"url":"https://datadoghq.com","method":"GET"},"assertions":[]},"options":{"accept_self_signed":false,"retry":{"count":5,"interval":10},"min_location_failed":10,"follow_redirects":true,"device_ids":["tablet"],"tick_every":300}}]}'
    headers:
      Cache-Control:
      - no-cache
      Connection:
      - keep-alive
      Content-Length:
      - "2775"
      Content-Security-Policy:
      - frame-ancestors 'self'; report-uri https://api.datadoghq.com/csp-report
      Content-Type:
      - application/json
      Date:
      - Fri, 10 Apr 2020 16:44:32 GMT
      Pragma:
      - no-cache
      Set-Cookie:
      - DD-PSHARD=233; Max-Age=604800; Path=/; expires=Fri, 17-Apr-2020 16:44:32 GMT;
        secure; HttpOnly
      Strict-Transport-Security:
      - max-age=15724800;
      X-Content-Type-Options:
      - nosniff
      X-Dd-Version:
      - "35.2378719"
      X-Frame-Options:
      - SAMEORIGIN
      X-Ratelimit-Limit:
      - "120"
      X-Ratelimit-Period:
      - "60"
      X-Ratelimit-Remaining:
      - "119"
      X-Ratelimit-Reset:
      - "28"
    status: 200 OK
    code: 200
    duration: ""
- request:
    body: |
      {"public_ids":["ram-auv-nt9"]}
    form: {}
    headers:
      Accept:
      - application/json
      Content-Type:
      - application/json
      User-Agent:
      - DataDog/0.1.0/go-experimental
    url: https://api.datadoghq.com/api/v1/synthetics/tests/delete
    method: POST
  response:
    body: '{"deleted_tests":[{"deleted_at":"2020-04-10T16:44:32.672468+00:00","public_id":"ram-auv-nt9"}]}'
    headers:
      Cache-Control:
      - no-cache
      Connection:
      - keep-alive
      Content-Length:
      - "95"
      Content-Security-Policy:
      - frame-ancestors 'self'; report-uri https://api.datadoghq.com/csp-report
      Content-Type:
      - application/json
      Date:
      - Fri, 10 Apr 2020 16:44:32 GMT
      Pragma:
      - no-cache
      Set-Cookie:
      - DD-PSHARD=233; Max-Age=604800; Path=/; expires=Fri, 17-Apr-2020 16:44:32 GMT;
        secure; HttpOnly
      Strict-Transport-Security:
      - max-age=15724800;
      X-Content-Type-Options:
      - nosniff
      X-Dd-Version:
      - "35.2378719"
      X-Frame-Options:
      - SAMEORIGIN
      X-Ratelimit-Limit:
      - "120"
      X-Ratelimit-Period:
      - "60"
      X-Ratelimit-Remaining:
      - "119"
      X-Ratelimit-Reset:
      - "28"
    status: 200 OK
    code: 200
    duration: ""
- request:
    body: |
      {"public_ids":["wuu-twz-vbq"]}
    form: {}
    headers:
      Accept:
      - application/json
      Content-Type:
      - application/json
      User-Agent:
      - DataDog/0.1.0/go-experimental
    url: https://api.datadoghq.com/api/v1/synthetics/tests/delete
    method: POST
  response:
    body: '{"deleted_tests":[{"deleted_at":"2020-04-10T16:44:33.139866+00:00","public_id":"wuu-twz-vbq"}]}'
    headers:
      Cache-Control:
      - no-cache
      Connection:
      - keep-alive
      Content-Length:
      - "95"
      Content-Security-Policy:
      - frame-ancestors 'self'; report-uri https://api.datadoghq.com/csp-report
      Content-Type:
      - application/json
      Date:
      - Fri, 10 Apr 2020 16:44:33 GMT
      Pragma:
      - no-cache
      Set-Cookie:
      - DD-PSHARD=233; Max-Age=604800; Path=/; expires=Fri, 17-Apr-2020 16:44:33 GMT;
        secure; HttpOnly
      Strict-Transport-Security:
      - max-age=15724800;
      X-Content-Type-Options:
      - nosniff
      X-Dd-Version:
      - "35.2378719"
      X-Frame-Options:
      - SAMEORIGIN
      X-Ratelimit-Limit:
      - "120"
      X-Ratelimit-Period:
      - "60"
      X-Ratelimit-Remaining:
      - "118"
      X-Ratelimit-Reset:
      - "27"
    status: 200 OK
    code: 200
    duration: ""
