interactions:
- request:
    body: |
      {"data":{"attributes":{"from":1672527600000,"indexes":["test-index","test-index-2"],"query":{"host":"abc","service":"xyz"},"to":1704063600000}}}
    form: {}
    headers:
      Accept:
      - application/json
      Content-Type:
      - application/json
    id: 0
    method: POST
    url: https://api.datadoghq.com/api/v2/deletion/data/logs
  response:
    body: '{"data":{"id":"525","type":"deletion_request","attributes":{"created_at":"2024-12-05T09:23:44.733234992Z","created_by":"frog@datadoghq.com","from_time":1672527600000,"indexes":["test-index","test-index-2"],"is_created":false,"org_id":321813,"product":"logs","query":"host:abc
      service:xyz","starting_at":"0001-01-01T00:00:00Z","status":"pending","to_time":1704063600000,"total_unrestricted":0,"updated_at":"2024-12-05T09:23:44.733234992Z"}},"meta":{"product":"logs"}}'
    code: 200
    duration: 0ms
    headers:
      Content-Type:
      - application/vnd.api+json
    status: 200 OK
- request:
    body: ''
    form: {}
    headers:
      Accept:
      - application/json
    id: 1
    method: GET
    url: https://api.datadoghq.com/api/v2/deletion/requests
  response:
    body: '{"data":[{"id":"525","type":"deletion_request","attributes":{"created_at":"2024-12-05T09:23:44.733234Z","created_by":"frog@datadoghq.com","from_time":1672527600000,"indexes":["test-index","test-index-2"],"is_created":false,"org_id":321813,"product":"logs","query":"host:abc
      service:xyz","starting_at":"0001-01-01T00:00:00Z","status":"pending","to_time":1704063600000,"total_unrestricted":0,"updated_at":"2024-12-05T09:23:44.733234Z"}},{"id":"524","type":"deletion_request","attributes":{"created_at":"2024-12-05T09:23:43.527574Z","created_by":"frog@datadoghq.com","from_time":1672527600000,"indexes":["test-index","test-index-2"],"is_created":false,"org_id":321813,"product":"logs","query":"host:abc
      service:xyz","starting_at":"0001-01-01T00:00:00Z","status":"canceled","to_time":1704063600000,"total_unrestricted":0,"updated_at":"2024-12-05T09:23:44.558963Z"}},{"id":"523","type":"deletion_request","attributes":{"created_at":"2024-12-05T09:23:42.016613Z","created_by":"frog@datadoghq.com","from_time":1672527600000,"indexes":["test-index","test-index-2"],"is_created":false,"org_id":321813,"product":"logs","query":"host:abc
      service:xyz","starting_at":"0001-01-01T00:00:00Z","status":"canceled","to_time":1704063600000,"total_unrestricted":0,"updated_at":"2024-12-05T09:23:44.57098Z"}},{"id":"522","type":"deletion_request","attributes":{"created_at":"2024-12-05T08:54:02.022684Z","created_by":"frog@datadoghq.com","from_time":1672527600000,"indexes":["*"],"is_created":false,"org_id":321813,"product":"logs","query":"host:abc
      service:xyz","starting_at":"0001-01-01T00:00:00Z","status":"canceled","to_time":1704063600000,"total_unrestricted":0,"updated_at":"2024-12-05T08:54:04.800257Z"}},{"id":"521","type":"deletion_request","attributes":{"created_at":"2024-12-05T08:54:01.274039Z","created_by":"frog@datadoghq.com","from_time":1672527600000,"indexes":["*"],"is_created":false,"org_id":321813,"product":"logs","query":"host:abc
      service:xyz","starting_at":"0001-01-01T00:00:00Z","status":"canceled","to_time":1704063600000,"total_unrestricted":0,"updated_at":"2024-12-05T08:54:05.766783Z"}},{"id":"520","type":"deletion_request","attributes":{"created_at":"2024-12-05T08:54:00.039418Z","created_by":"frog@datadoghq.com","from_time":1672527600000,"indexes":["*"],"is_created":false,"org_id":321813,"product":"logs","query":"host:abc
      service:xyz","starting_at":"0001-01-01T00:00:00Z","status":"canceled","to_time":1704063600000,"total_unrestricted":0,"updated_at":"2024-12-05T08:54:06.29108Z"}},{"id":"519","type":"deletion_request","attributes":{"created_at":"2024-12-05T08:37:13.099975Z","created_by":"frog@datadoghq.com","from_time":1672527600000,"indexes":["*"],"is_created":false,"org_id":321813,"product":"logs","query":"host:abc
      service:xyz","starting_at":"0001-01-01T00:00:00Z","status":"canceled","to_time":1704063600000,"total_unrestricted":0,"updated_at":"2024-12-05T08:37:13.973482Z"}},{"id":"518","type":"deletion_request","attributes":{"created_at":"2024-12-05T08:36:07.9972Z","created_by":"frog@datadoghq.com","from_time":1672527600000,"indexes":["*"],"is_created":false,"org_id":321813,"product":"logs","query":"host:abc
      service:xyz","starting_at":"0001-01-01T00:00:00Z","status":"canceled","to_time":1704063600000,"total_unrestricted":0,"updated_at":"2024-12-05T08:36:09.894949Z"}},{"id":"517","type":"deletion_request","attributes":{"created_at":"2024-12-05T08:34:02.804665Z","created_by":"frog@datadoghq.com","from_time":1672527600000,"indexes":["*"],"is_created":true,"org_id":321813,"product":"logs","query":"host:abc
      service:xyz","starting_at":"2024-12-05T10:34:02.974336Z","status":"canceled","to_time":1704063600000,"total_unrestricted":0,"updated_at":"2024-12-05T08:34:04.095987Z"}},{"id":"516","type":"deletion_request","attributes":{"created_at":"2024-12-05T08:27:36.47085Z","created_by":"frog@datadoghq.com","from_time":1672527600000,"indexes":["index-1","index-2"],"is_created":false,"org_id":321813,"product":"logs","query":"host:abc
      service:xyz","starting_at":"0001-01-01T00:00:00Z","status":"canceled","to_time":1704063600000,"total_unrestricted":0,"updated_at":"2024-12-05T08:27:37.785739Z"}},{"id":"515","type":"deletion_request","attributes":{"created_at":"2024-12-05T08:27:10.521718Z","created_by":"frog@datadoghq.com","from_time":1672527600000,"indexes":["*"],"is_created":true,"org_id":321813,"product":"logs","query":"host:abc
      service:xyz","starting_at":"2024-12-05T10:27:10.807482Z","status":"canceled","to_time":1704063600000,"total_unrestricted":0,"updated_at":"2024-12-05T08:27:11.919794Z"}},{"id":"514","type":"deletion_request","attributes":{"created_at":"2024-12-05T08:26:17.901525Z","created_by":"frog@datadoghq.com","from_time":1672527600000,"indexes":["index-1","index-2"],"is_created":false,"org_id":321813,"product":"logs","query":"host:abc
      service:xyz","starting_at":"0001-01-01T00:00:00Z","status":"canceled","to_time":1704063600000,"total_unrestricted":0,"updated_at":"2024-12-05T08:26:51.782987Z"}},{"id":"513","type":"deletion_request","attributes":{"created_at":"2024-12-05T05:10:34.538615Z","created_by":"frog@datadoghq.com","from_time":1672527600000,"indexes":["index-1","index-2"],"is_created":false,"org_id":321813,"product":"logs","query":"host:abc
      service:xyz","starting_at":"0001-01-01T00:00:00Z","status":"canceled","to_time":1704063600000,"total_unrestricted":0,"updated_at":"2024-12-05T05:10:35.227581Z"}},{"id":"512","type":"deletion_request","attributes":{"created_at":"2024-12-05T05:10:34.373277Z","created_by":"frog@datadoghq.com","from_time":1672527600000,"indexes":["index-1","index-2"],"is_created":false,"org_id":321813,"product":"logs","query":"host:abc
      service:xyz","starting_at":"0001-01-01T00:00:00Z","status":"canceled","to_time":1704063600000,"total_unrestricted":0,"updated_at":"2024-12-05T05:10:35.503602Z"}},{"id":"511","type":"deletion_request","attributes":{"created_at":"2024-12-05T05:10:34.166373Z","created_by":"frog@datadoghq.com","from_time":1672527600000,"indexes":["index-1","index-2"],"is_created":false,"org_id":321813,"product":"logs","query":"host:abc
      service:xyz","starting_at":"0001-01-01T00:00:00Z","status":"canceled","to_time":1704063600000,"total_unrestricted":0,"updated_at":"2024-12-05T05:10:37.636971Z"}},{"id":"510","type":"deletion_request","attributes":{"created_at":"2024-12-05T04:17:28.502647Z","created_by":"9919ec9b-ebc7-49ee-8dc8-03626e717cca","from_time":1672527600000,"indexes":["index-1","index-2"],"is_created":false,"org_id":321813,"product":"logs","query":"host:abc
      service:xyz","starting_at":"0001-01-01T00:00:00Z","status":"canceled","to_time":1704063600000,"total_unrestricted":0,"updated_at":"2024-12-05T04:17:39.442202Z"}},{"id":"509","type":"deletion_request","attributes":{"created_at":"2024-12-05T04:17:28.286399Z","created_by":"9919ec9b-ebc7-49ee-8dc8-03626e717cca","from_time":1672527600000,"indexes":["index-1","index-2"],"is_created":false,"org_id":321813,"product":"logs","query":"host:abc
      service:xyz","starting_at":"0001-01-01T00:00:00Z","status":"canceled","to_time":1704063600000,"total_unrestricted":0,"updated_at":"2024-12-05T04:17:42.739397Z"}},{"id":"508","type":"deletion_request","attributes":{"created_at":"2024-12-05T04:17:27.050714Z","created_by":"9919ec9b-ebc7-49ee-8dc8-03626e717cca","from_time":1672527600000,"indexes":["index-1","index-2"],"is_created":false,"org_id":321813,"product":"logs","query":"host:abc
      service:xyz","starting_at":"0001-01-01T00:00:00Z","status":"canceled","to_time":1704063600000,"total_unrestricted":0,"updated_at":"2024-12-05T04:17:38.940905Z"}},{"id":"507","type":"deletion_request","attributes":{"created_at":"2024-12-05T03:33:02.553569Z","created_by":"9919ec9b-ebc7-49ee-8dc8-03626e717cca","from_time":1672527600000,"indexes":["index-1","index-2"],"is_created":false,"org_id":321813,"product":"logs","query":"host:abc
      service:xyz","starting_at":"0001-01-01T00:00:00Z","status":"canceled","to_time":1704063600000,"total_unrestricted":0,"updated_at":"2024-12-05T03:33:05.468663Z"}},{"id":"506","type":"deletion_request","attributes":{"created_at":"2024-12-05T03:33:01.829772Z","created_by":"9919ec9b-ebc7-49ee-8dc8-03626e717cca","from_time":1672527600000,"indexes":["index-1","index-2"],"is_created":false,"org_id":321813,"product":"logs","query":"host:abc
      service:xyz","starting_at":"0001-01-01T00:00:00Z","status":"canceled","to_time":1704063600000,"total_unrestricted":0,"updated_at":"2024-12-05T03:33:02.207077Z"}},{"id":"505","type":"deletion_request","attributes":{"created_at":"2024-12-05T03:32:59.717089Z","created_by":"9919ec9b-ebc7-49ee-8dc8-03626e717cca","from_time":1672527600000,"indexes":["index-1","index-2"],"is_created":false,"org_id":321813,"product":"logs","query":"host:abc
      service:xyz","starting_at":"0001-01-01T00:00:00Z","status":"canceled","to_time":1704063600000,"total_unrestricted":0,"updated_at":"2024-12-05T03:33:39.611917Z"}},{"id":"504","type":"deletion_request","attributes":{"created_at":"2024-12-05T02:39:30.452252Z","created_by":"9919ec9b-ebc7-49ee-8dc8-03626e717cca","from_time":1672527600000,"indexes":["index-1","index-2"],"is_created":false,"org_id":321813,"product":"logs","query":"host:abc
      service:xyz","starting_at":"0001-01-01T00:00:00Z","status":"canceled","to_time":1704063600000,"total_unrestricted":0,"updated_at":"2024-12-05T02:40:03.389961Z"}},{"id":"503","type":"deletion_request","attributes":{"created_at":"2024-12-05T02:39:29.731164Z","created_by":"9919ec9b-ebc7-49ee-8dc8-03626e717cca","from_time":1672527600000,"indexes":["index-1","index-2"],"is_created":false,"org_id":321813,"product":"logs","query":"host:abc
      service:xyz","starting_at":"0001-01-01T00:00:00Z","status":"canceled","to_time":1704063600000,"total_unrestricted":0,"updated_at":"2024-12-05T02:39:30.598348Z"}},{"id":"502","type":"deletion_request","attributes":{"created_at":"2024-12-05T02:39:27.67525Z","created_by":"9919ec9b-ebc7-49ee-8dc8-03626e717cca","from_time":1672527600000,"indexes":["index-1","index-2"],"is_created":false,"org_id":321813,"product":"logs","query":"host:abc
      service:xyz","starting_at":"0001-01-01T00:00:00Z","status":"canceled","to_time":1704063600000,"total_unrestricted":0,"updated_at":"2024-12-05T02:39:29.772504Z"}},{"id":"501","type":"deletion_request","attributes":{"created_at":"2024-12-05T01:38:32.938444Z","created_by":"9919ec9b-ebc7-49ee-8dc8-03626e717cca","from_time":1672527600000,"indexes":["index-1","index-2"],"is_created":false,"org_id":321813,"product":"logs","query":"host:abc
      service:xyz","starting_at":"0001-01-01T00:00:00Z","status":"canceled","to_time":1704063600000,"total_unrestricted":0,"updated_at":"2024-12-05T01:38:37.212394Z"}},{"id":"500","type":"deletion_request","attributes":{"created_at":"2024-12-05T01:33:29.07009Z","created_by":"9919ec9b-ebc7-49ee-8dc8-03626e717cca","from_time":1672527600000,"indexes":["index-1","index-2"],"is_created":false,"org_id":321813,"product":"logs","query":"host:abc
      service:xyz","starting_at":"0001-01-01T00:00:00Z","status":"canceled","to_time":1704063600000,"total_unrestricted":0,"updated_at":"2024-12-05T01:33:32.929175Z"}},{"id":"499","type":"deletion_request","attributes":{"created_at":"2024-12-05T01:33:19.247177Z","created_by":"9919ec9b-ebc7-49ee-8dc8-03626e717cca","from_time":1672527600000,"indexes":["index-1","index-2"],"is_created":false,"org_id":321813,"product":"logs","query":"host:abc
      service:xyz","starting_at":"0001-01-01T00:00:00Z","status":"canceled","to_time":1704063600000,"total_unrestricted":0,"updated_at":"2024-12-05T01:33:50.172479Z"}},{"id":"498","type":"deletion_request","attributes":{"created_at":"2024-12-05T00:10:39.176953Z","created_by":"9919ec9b-ebc7-49ee-8dc8-03626e717cca","from_time":1672527600000,"indexes":["index-1","index-2"],"is_created":false,"org_id":321813,"product":"logs","query":"host:abc
      service:xyz","starting_at":"0001-01-01T00:00:00Z","status":"canceled","to_time":1704063600000,"total_unrestricted":0,"updated_at":"2024-12-05T00:11:12.052185Z"}},{"id":"497","type":"deletion_request","attributes":{"created_at":"2024-12-05T00:10:38.929169Z","created_by":"9919ec9b-ebc7-49ee-8dc8-03626e717cca","from_time":1672527600000,"indexes":["index-1","index-2"],"is_created":false,"org_id":321813,"product":"logs","query":"host:abc
      service:xyz","starting_at":"0001-01-01T00:00:00Z","status":"canceled","to_time":1704063600000,"total_unrestricted":0,"updated_at":"2024-12-05T00:10:40.583573Z"}},{"id":"496","type":"deletion_request","attributes":{"created_at":"2024-12-05T00:10:37.536443Z","created_by":"9919ec9b-ebc7-49ee-8dc8-03626e717cca","from_time":1672527600000,"indexes":["index-1","index-2"],"is_created":false,"org_id":321813,"product":"logs","query":"host:abc
      service:xyz","starting_at":"0001-01-01T00:00:00Z","status":"canceled","to_time":1704063600000,"total_unrestricted":0,"updated_at":"2024-12-05T00:10:39.843751Z"}},{"id":"495","type":"deletion_request","attributes":{"created_at":"2024-12-04T11:23:40.020775Z","created_by":"frog@datadoghq.com","from_time":1672527600000,"indexes":["index-1","index-2"],"is_created":false,"org_id":321813,"product":"logs","query":"host:abc
      service:xyz","starting_at":"0001-01-01T00:00:00Z","status":"canceled","to_time":1704063600000,"total_unrestricted":0,"updated_at":"2024-12-04T11:24:11.570354Z"}},{"id":"494","type":"deletion_request","attributes":{"created_at":"2024-12-04T11:23:39.300942Z","created_by":"frog@datadoghq.com","from_time":1672527600000,"indexes":["index-1","index-2"],"is_created":false,"org_id":321813,"product":"logs","query":"host:abc
      service:xyz","starting_at":"0001-01-01T00:00:00Z","status":"canceled","to_time":1704063600000,"total_unrestricted":0,"updated_at":"2024-12-04T11:23:39.848Z"}},{"id":"493","type":"deletion_request","attributes":{"created_at":"2024-12-04T11:23:38.06132Z","created_by":"frog@datadoghq.com","from_time":1672527600000,"indexes":["index-1","index-2"],"is_created":false,"org_id":321813,"product":"logs","query":"host:abc
      service:xyz","starting_at":"0001-01-01T00:00:00Z","status":"canceled","to_time":1704063600000,"total_unrestricted":0,"updated_at":"2024-12-04T11:23:39.834766Z"}},{"id":"492","type":"deletion_request","attributes":{"created_at":"2024-12-04T11:12:49.664389Z","created_by":"9919ec9b-ebc7-49ee-8dc8-03626e717cca","from_time":1672527600000,"indexes":["index-1","index-2"],"is_created":false,"org_id":321813,"product":"logs","query":"host:abc
      service:xyz","starting_at":"0001-01-01T00:00:00Z","status":"canceled","to_time":1704063600000,"total_unrestricted":0,"updated_at":"2024-12-04T11:13:20.678256Z"}},{"id":"491","type":"deletion_request","attributes":{"created_at":"2024-12-04T11:12:48.671067Z","created_by":"9919ec9b-ebc7-49ee-8dc8-03626e717cca","from_time":1672527600000,"indexes":["index-1","index-2"],"is_created":false,"org_id":321813,"product":"logs","query":"host:abc
      service:xyz","starting_at":"0001-01-01T00:00:00Z","status":"canceled","to_time":1704063600000,"total_unrestricted":0,"updated_at":"2024-12-04T11:12:49.857767Z"}},{"id":"490","type":"deletion_request","attributes":{"created_at":"2024-12-04T11:12:47.413052Z","created_by":"9919ec9b-ebc7-49ee-8dc8-03626e717cca","from_time":1672527600000,"indexes":["index-1","index-2"],"is_created":false,"org_id":321813,"product":"logs","query":"host:abc
      service:xyz","starting_at":"0001-01-01T00:00:00Z","status":"canceled","to_time":1704063600000,"total_unrestricted":0,"updated_at":"2024-12-04T11:12:49.845378Z"}},{"id":"489","type":"deletion_request","attributes":{"created_at":"2024-12-04T05:13:08.790941Z","created_by":"frog@datadoghq.com","from_time":1672527600000,"indexes":["index-1","index-2"],"is_created":false,"org_id":321813,"product":"logs","query":"host:abc
      service:xyz","starting_at":"0001-01-01T00:00:00Z","status":"canceled","to_time":1704063600000,"total_unrestricted":0,"updated_at":"2024-12-04T05:13:09.56614Z"}},{"id":"488","type":"deletion_request","attributes":{"created_at":"2024-12-04T05:13:07.941751Z","created_by":"frog@datadoghq.com","from_time":1672527600000,"indexes":["index-1","index-2"],"is_created":false,"org_id":321813,"product":"logs","query":"host:abc
      service:xyz","starting_at":"0001-01-01T00:00:00Z","status":"canceled","to_time":1704063600000,"total_unrestricted":0,"updated_at":"2024-12-04T05:13:08.161545Z"}},{"id":"487","type":"deletion_request","attributes":{"created_at":"2024-12-04T05:13:07.002206Z","created_by":"frog@datadoghq.com","from_time":1672527600000,"indexes":["index-1","index-2"],"is_created":false,"org_id":321813,"product":"logs","query":"host:abc
      service:xyz","starting_at":"0001-01-01T00:00:00Z","status":"canceled","to_time":1704063600000,"total_unrestricted":0,"updated_at":"2024-12-04T05:13:09.526302Z"}},{"id":"486","type":"deletion_request","attributes":{"created_at":"2024-12-04T04:17:55.137432Z","created_by":"9919ec9b-ebc7-49ee-8dc8-03626e717cca","from_time":1672527600000,"indexes":["index-1","index-2"],"is_created":false,"org_id":321813,"product":"logs","query":"host:abc
      service:xyz","starting_at":"0001-01-01T00:00:00Z","status":"canceled","to_time":1704063600000,"total_unrestricted":0,"updated_at":"2024-12-04T04:18:27.401167Z"}},{"id":"485","type":"deletion_request","attributes":{"created_at":"2024-12-04T04:17:54.772224Z","created_by":"9919ec9b-ebc7-49ee-8dc8-03626e717cca","from_time":1672527600000,"indexes":["index-1","index-2"],"is_created":false,"org_id":321813,"product":"logs","query":"host:abc
      service:xyz","starting_at":"0001-01-01T00:00:00Z","status":"canceled","to_time":1704063600000,"total_unrestricted":0,"updated_at":"2024-12-04T04:17:57.509139Z"}},{"id":"484","type":"deletion_request","attributes":{"created_at":"2024-12-04T04:17:53.215582Z","created_by":"9919ec9b-ebc7-49ee-8dc8-03626e717cca","from_time":1672527600000,"indexes":["index-1","index-2"],"is_created":false,"org_id":321813,"product":"logs","query":"host:abc
      service:xyz","starting_at":"0001-01-01T00:00:00Z","status":"canceled","to_time":1704063600000,"total_unrestricted":0,"updated_at":"2024-12-04T04:17:56.14153Z"}},{"id":"483","type":"deletion_request","attributes":{"created_at":"2024-12-04T03:31:43.474476Z","created_by":"9919ec9b-ebc7-49ee-8dc8-03626e717cca","from_time":1672527600000,"indexes":["index-1","index-2"],"is_created":false,"org_id":321813,"product":"logs","query":"host:abc
      service:xyz","starting_at":"0001-01-01T00:00:00Z","status":"canceled","to_time":1704063600000,"total_unrestricted":0,"updated_at":"2024-12-04T03:31:45.102956Z"}},{"id":"482","type":"deletion_request","attributes":{"created_at":"2024-12-04T03:31:42.536945Z","created_by":"9919ec9b-ebc7-49ee-8dc8-03626e717cca","from_time":1672527600000,"indexes":["index-1","index-2"],"is_created":false,"org_id":321813,"product":"logs","query":"host:abc
      service:xyz","starting_at":"0001-01-01T00:00:00Z","status":"canceled","to_time":1704063600000,"total_unrestricted":0,"updated_at":"2024-12-04T03:31:47.227213Z"}},{"id":"481","type":"deletion_request","attributes":{"created_at":"2024-12-04T03:31:40.277056Z","created_by":"9919ec9b-ebc7-49ee-8dc8-03626e717cca","from_time":1672527600000,"indexes":["index-1","index-2"],"is_created":false,"org_id":321813,"product":"logs","query":"host:abc
      service:xyz","starting_at":"0001-01-01T00:00:00Z","status":"canceled","to_time":1704063600000,"total_unrestricted":0,"updated_at":"2024-12-04T03:32:12.271899Z"}},{"id":"480","type":"deletion_request","attributes":{"created_at":"2024-12-04T02:35:20.16826Z","created_by":"9919ec9b-ebc7-49ee-8dc8-03626e717cca","from_time":1672527600000,"indexes":["index-1","index-2"],"is_created":false,"org_id":321813,"product":"logs","query":"host:abc
      service:xyz","starting_at":"0001-01-01T00:00:00Z","status":"canceled","to_time":1704063600000,"total_unrestricted":0,"updated_at":"2024-12-04T02:35:21.604216Z"}},{"id":"479","type":"deletion_request","attributes":{"created_at":"2024-12-04T02:35:19.945093Z","created_by":"9919ec9b-ebc7-49ee-8dc8-03626e717cca","from_time":1672527600000,"indexes":["index-1","index-2"],"is_created":false,"org_id":321813,"product":"logs","query":"host:abc
      service:xyz","starting_at":"0001-01-01T00:00:00Z","status":"canceled","to_time":1704063600000,"total_unrestricted":0,"updated_at":"2024-12-04T02:35:21.332214Z"}},{"id":"478","type":"deletion_request","attributes":{"created_at":"2024-12-04T02:35:18.637912Z","created_by":"9919ec9b-ebc7-49ee-8dc8-03626e717cca","from_time":1672527600000,"indexes":["index-1","index-2"],"is_created":false,"org_id":321813,"product":"logs","query":"host:abc
      service:xyz","starting_at":"0001-01-01T00:00:00Z","status":"canceled","to_time":1704063600000,"total_unrestricted":0,"updated_at":"2024-12-04T02:35:21.106744Z"}},{"id":"477","type":"deletion_request","attributes":{"created_at":"2024-12-04T01:40:16.332256Z","created_by":"9919ec9b-ebc7-49ee-8dc8-03626e717cca","from_time":1672527600000,"indexes":["index-1","index-2"],"is_created":false,"org_id":321813,"product":"logs","query":"host:abc
      service:xyz","starting_at":"0001-01-01T00:00:00Z","status":"canceled","to_time":1704063600000,"total_unrestricted":0,"updated_at":"2024-12-04T01:40:49.189761Z"}},{"id":"476","type":"deletion_request","attributes":{"created_at":"2024-12-04T01:39:37.000253Z","created_by":"9919ec9b-ebc7-49ee-8dc8-03626e717cca","from_time":1672527600000,"indexes":["index-1","index-2"],"is_created":false,"org_id":321813,"product":"logs","query":"host:abc
      service:xyz","starting_at":"0001-01-01T00:00:00Z","status":"canceled","to_time":1704063600000,"total_unrestricted":0,"updated_at":"2024-12-04T01:39:41.461154Z"}}],"meta":{"next_page":"eyJQcm9kdWN0cyI6bnVsbCwiUXVlcnkiOiIiLCJTdGF0dXMiOiIiLCJQYWdlU2l6ZSI6NTAsIkxhc3RJdGVtSWQiOjQ3NX0K","count_status":{"canceled":125,"pending":1},"count_product":{"logs":126}}}'
    code: 200
    duration: 0ms
    headers:
      Content-Type:
      - application/vnd.api+json
    status: 200 OK
- request:
    body: ''
    form: {}
    headers:
      Accept:
      - application/json
    id: 2
    method: PUT
    url: https://api.datadoghq.com/api/v2/deletion/requests/525/cancel
  response:
    body: '{"data":{"id":"525","type":"deletion_request","attributes":{"created_at":"2024-12-05T09:23:44.733234Z","created_by":"frog@datadoghq.com","from_time":1672527600000,"indexes":["test-index","test-index-2"],"is_created":false,"org_id":321813,"product":"logs","query":"host:abc
      service:xyz","starting_at":"0001-01-01T00:00:00Z","status":"canceled","to_time":1704063600000,"total_unrestricted":0,"updated_at":"2024-12-05T09:23:45.715101Z"}},"meta":{"product":"logs","request_status":"canceled"}}'
    code: 200
    duration: 0ms
    headers:
      Content-Type:
      - application/vnd.api+json
    status: 200 OK
version: 2
