interactions:
- request:
    body: |
      {"data":{"attributes":{"filter":{"tags":["app:test-get_all_monitor_notification_rules_returns_ok_response-1743713884"]},"name":"test rule","recipients":["slack-monitor-app"]},"type":"monitor-notification-rule"}}
    form: {}
    headers:
      Accept:
      - application/json
      Content-Type:
      - application/json
    id: 0
    method: POST
    url: https://api.datadoghq.com/api/v2/monitor/notification_rule
  response:
    body: '{"data":{"type":"monitor-notification-rule","attributes":{"filter":{"tags":["app:test-get_all_monitor_notification_rules_returns_ok_response-1743713884"]},"recipients":["slack-monitor-app"],"creator_uuid":"3ad549bf-eba0-11e9-a77a-0705486660d0","modified_at":"1970-01-01T00:00:00+00:00","name":"test
      rule","created_at":"2025-04-03T20:58:04.604345+00:00"},"id":"6e5b7a93-37b5-44b8-9098-2d31b6dd84b6"}}

      '
    code: 200
    duration: 0ms
    headers:
      Content-Type:
      - application/json
    status: 200 OK
- request:
    body: ''
    form: {}
    headers:
      Accept:
      - application/json
    id: 1
    method: GET
    url: https://api.datadoghq.com/api/v2/monitor/notification_rule
  response:
    body: '{"data":[{"type":"monitor-notification-rule","id":"6e5b7a93-37b5-44b8-9098-2d31b6dd84b6","attributes":{"creator_uuid":"3ad549bf-eba0-11e9-a77a-0705486660d0","name":"test
      rule","recipients":["slack-monitor-app"],"created_at":"2025-04-03T20:58:04.604345+00:00","filter":{"tags":["app:test-get_all_monitor_notification_rules_returns_ok_response-1743713884"]},"modified_at":"2025-04-03T20:58:04.616893+00:00"}}]}

      '
    code: 200
    duration: 0ms
    headers:
      Content-Type:
      - application/json
    status: 200 OK
- request:
    body: ''
    form: {}
    headers:
      Accept:
      - '*/*'
    id: 2
    method: DELETE
    url: https://api.datadoghq.com/api/v2/monitor/notification_rule/6e5b7a93-37b5-44b8-9098-2d31b6dd84b6
  response:
    body: ''
    code: 204
    duration: 0ms
    headers:
      Content-Type:
      - text/html; charset=utf-8
    status: 204 No Content
version: 2
